start ability successfully.

OHOS_REPORT_SUM: 0
OHOS_REPORT_STATUS: class=SELFNativeStress


OHOS_REPORT_STATUS: class=SELFNativeStress
OHOS_REPORT_STATUS: suiteconsuming=0


OHOS_REPORT_SUM: 0
OHOS_REPORT_STATUS: class=SELFNativeModelLive


OHOS_REPORT_STATUS: class=SELFNativeModelLive
OHOS_REPORT_STATUS: suiteconsuming=0


OHOS_REPORT_SUM: 12
OHOS_REPORT_STATUS: class=SELFNativePolicy


OHOS_REPORT_STATUS: class=SELFNativePolicy
OHOS_REPORT_STATUS: current=1
OHOS_REPORT_STATUS: id=JS
OHOS_REPORT_STATUS: numtests=14
OHOS_REPORT_STATUS: stream=
OHOS_REPORT_STATUS: test=localNewEffectCannotBypassModelButRestoreRemainsLocal
OHOS_REPORT_STATUS_CODE: 1


OHOS_REPORT_STATUS: class=SELFNativePolicy
OHOS_REPORT_STATUS: current=1
OHOS_REPORT_STATUS: id=JS
OHOS_REPORT_STATUS: numtests=14
OHOS_REPORT_STATUS: stream=
OHOS_REPORT_STATUS: test=localNewEffectCannotBypassModelButRestoreRemainsLocal
OHOS_REPORT_STATUS_CODE: 0
OHOS_REPORT_STATUS: consuming=2


OHOS_REPORT_STATUS: class=SELFNativePolicy
OHOS_REPORT_STATUS: current=2
OHOS_REPORT_STATUS: id=JS
OHOS_REPORT_STATUS: numtests=14
OHOS_REPORT_STATUS: stream=
OHOS_REPORT_STATUS: test=mainlandCatalogHasNoFabricatedCalibration
OHOS_REPORT_STATUS_CODE: 1


OHOS_REPORT_STATUS: class=SELFNativePolicy
OHOS_REPORT_STATUS: current=2
OHOS_REPORT_STATUS: id=JS
OHOS_REPORT_STATUS: numtests=14
OHOS_REPORT_STATUS: stream=
OHOS_REPORT_STATUS: test=mainlandCatalogHasNoFabricatedCalibration
OHOS_REPORT_STATUS_CODE: 0
OHOS_REPORT_STATUS: consuming=1


OHOS_REPORT_STATUS: class=SELFNativePolicy
OHOS_REPORT_STATUS: current=3
OHOS_REPORT_STATUS: id=JS
OHOS_REPORT_STATUS: numtests=14
OHOS_REPORT_STATUS: stream=
OHOS_REPORT_STATUS: test=oneOperationExceptionDoesNotUnlockPolicy
OHOS_REPORT_STATUS_CODE: 1


OHOS_REPORT_STATUS: class=SELFNativePolicy
OHOS_REPORT_STATUS: current=3
OHOS_REPORT_STATUS: id=JS
OHOS_REPORT_STATUS: numtests=14
OHOS_REPORT_STATUS: stream=
OHOS_REPORT_STATUS: test=oneOperationExceptionDoesNotUnlockPolicy
OHOS_REPORT_STATUS_CODE: 0
OHOS_REPORT_STATUS: consuming=2


OHOS_REPORT_STATUS: class=SELFNativePolicy
OHOS_REPORT_STATUS: current=4
OHOS_REPORT_STATUS: id=JS
OHOS_REPORT_STATUS: numtests=14
OHOS_REPORT_STATUS: stream=
OHOS_REPORT_STATUS: test=rotationDoesNotExpireCandidateButBusinessChangeDoes
OHOS_REPORT_STATUS_CODE: 1


OHOS_REPORT_STATUS: class=SELFNativePolicy
OHOS_REPORT_STATUS: current=4
OHOS_REPORT_STATUS: id=JS
OHOS_REPORT_STATUS: numtests=14
OHOS_REPORT_STATUS: stream=
OHOS_REPORT_STATUS: test=rotationDoesNotExpireCandidateButBusinessChangeDoes
OHOS_REPORT_STATUS_CODE: 0
OHOS_REPORT_STATUS: consuming=1


OHOS_REPORT_STATUS: class=SELFNativePolicy
OHOS_REPORT_STATUS: current=5
OHOS_REPORT_STATUS: id=JS
OHOS_REPORT_STATUS: numtests=14
OHOS_REPORT_STATUS: stream=
OHOS_REPORT_STATUS: test=targetedLayerRemovalWaitsForRenderSuccess
OHOS_REPORT_STATUS_CODE: 1


OHOS_REPORT_STATUS: class=SELFNativePolicy
OHOS_REPORT_STATUS: current=5
OHOS_REPORT_STATUS: id=JS
OHOS_REPORT_STATUS: numtests=14
OHOS_REPORT_STATUS: stream=
OHOS_REPORT_STATUS: test=targetedLayerRemovalWaitsForRenderSuccess
OHOS_REPORT_STATUS_CODE: 0
OHOS_REPORT_STATUS: consuming=14


OHOS_REPORT_STATUS: class=SELFNativePolicy
OHOS_REPORT_STATUS: current=6
OHOS_REPORT_STATUS: id=JS
OHOS_REPORT_STATUS: numtests=14
OHOS_REPORT_STATUS: stream=
OHOS_REPORT_STATUS: test=deletingSavedRecordKeepsCurrentWorkingAssetsReadable
OHOS_REPORT_STATUS_CODE: 1


OHOS_REPORT_STATUS: class=SELFNativePolicy
OHOS_REPORT_STATUS: current=6
OHOS_REPORT_STATUS: id=JS
OHOS_REPORT_STATUS: numtests=14
OHOS_REPORT_STATUS: stream=
OHOS_REPORT_STATUS: test=deletingSavedRecordKeepsCurrentWorkingAssetsReadable
OHOS_REPORT_STATUS_CODE: 0
OHOS_REPORT_STATUS: consuming=58


OHOS_REPORT_STATUS: class=SELFNativePolicy
OHOS_REPORT_STATUS: current=7
OHOS_REPORT_STATUS: id=JS
OHOS_REPORT_STATUS: numtests=14
OHOS_REPORT_STATUS: stream=
OHOS_REPORT_STATUS: test=candidateRequiresConsentAndSuccess
OHOS_REPORT_STATUS_CODE: 1


OHOS_REPORT_STATUS: class=SELFNativePolicy
OHOS_REPORT_STATUS: current=7
OHOS_REPORT_STATUS: id=JS
OHOS_REPORT_STATUS: numtests=14
OHOS_REPORT_STATUS: stream=
OHOS_REPORT_STATUS: test=candidateRequiresConsentAndSuccess
OHOS_REPORT_STATUS_CODE: 0
OHOS_REPORT_STATUS: consuming=0


OHOS_REPORT_STATUS: class=SELFNativePolicy
OHOS_REPORT_STATUS: current=8
OHOS_REPORT_STATUS: id=JS
OHOS_REPORT_STATUS: numtests=14
OHOS_REPORT_STATUS: stream=
OHOS_REPORT_STATUS: test=renderFailureCreatesNoBill
OHOS_REPORT_STATUS_CODE: 1


OHOS_REPORT_STATUS: class=SELFNativePolicy
OHOS_REPORT_STATUS: current=8
OHOS_REPORT_STATUS: id=JS
OHOS_REPORT_STATUS: numtests=14
OHOS_REPORT_STATUS: stream=
OHOS_REPORT_STATUS: test=renderFailureCreatesNoBill
OHOS_REPORT_STATUS_CODE: 0
OHOS_REPORT_STATUS: consuming=0


OHOS_REPORT_STATUS: class=SELFNativePolicy
OHOS_REPORT_STATUS: current=9
OHOS_REPORT_STATUS: id=JS
OHOS_REPORT_STATUS: numtests=14
OHOS_REPORT_STATUS: stream=
OHOS_REPORT_STATUS: test=undoRedoAreAcknowledgedAndProtectionPersists
OHOS_REPORT_STATUS_CODE: 1


OHOS_REPORT_STATUS: class=SELFNativePolicy
OHOS_REPORT_STATUS: current=9
OHOS_REPORT_STATUS: id=JS
OHOS_REPORT_STATUS: numtests=14
OHOS_REPORT_STATUS: stream=
OHOS_REPORT_STATUS: test=undoRedoAreAcknowledgedAndProtectionPersists
OHOS_REPORT_STATUS_CODE: 0
OHOS_REPORT_STATUS: consuming=1


OHOS_REPORT_STATUS: class=SELFNativePolicy
OHOS_REPORT_STATUS: current=10
OHOS_REPORT_STATUS: id=JS
OHOS_REPORT_STATUS: numtests=14
OHOS_REPORT_STATUS: stream=
OHOS_REPORT_STATUS: test=unknownAndUncalibratedOperationsRejected
OHOS_REPORT_STATUS_CODE: 1


OHOS_REPORT_STATUS: class=SELFNativePolicy
OHOS_REPORT_STATUS: current=10
OHOS_REPORT_STATUS: id=JS
OHOS_REPORT_STATUS: numtests=14
OHOS_REPORT_STATUS: stream=
OHOS_REPORT_STATUS: test=unknownAndUncalibratedOperationsRejected
OHOS_REPORT_STATUS_CODE: 0
OHOS_REPORT_STATUS: consuming=3


OHOS_REPORT_STATUS: class=SELFNativePolicy
OHOS_REPORT_STATUS: current=11
OHOS_REPORT_STATUS: id=JS
OHOS_REPORT_STATUS: numtests=14
OHOS_REPORT_STATUS: stream=
OHOS_REPORT_STATUS: test=savedAnchorIsIndependentAndCanRestore
OHOS_REPORT_STATUS_CODE: 1


OHOS_REPORT_STATUS: class=SELFNativePolicy
OHOS_REPORT_STATUS: current=11
OHOS_REPORT_STATUS: id=JS
OHOS_REPORT_STATUS: numtests=14
OHOS_REPORT_STATUS: stream=
OHOS_REPORT_STATUS: test=savedAnchorIsIndependentAndCanRestore
OHOS_REPORT_STATUS_CODE: 0
OHOS_REPORT_STATUS: consuming=1


OHOS_REPORT_STATUS: class=SELFNativePolicy
OHOS_REPORT_STATUS: current=12
OHOS_REPORT_STATUS: id=JS
OHOS_REPORT_STATUS: numtests=14
OHOS_REPORT_STATUS: stream=
OHOS_REPORT_STATUS: test=distressDoesNotRecommendProductsOrEdit
OHOS_REPORT_STATUS_CODE: 1


OHOS_REPORT_STATUS: class=SELFNativePolicy
OHOS_REPORT_STATUS: current=12
OHOS_REPORT_STATUS: id=JS
OHOS_REPORT_STATUS: numtests=14
OHOS_REPORT_STATUS: stream=
OHOS_REPORT_STATUS: test=distressDoesNotRecommendProductsOrEdit
OHOS_REPORT_STATUS_CODE: 0
OHOS_REPORT_STATUS: consuming=1


OHOS_REPORT_STATUS: class=SELFNativePolicy
OHOS_REPORT_STATUS: suiteconsuming=84


OHOS_REPORT_SUM: 2
OHOS_REPORT_STATUS: class=SELFNativeApi26UI


OHOS_REPORT_STATUS: class=SELFNativeApi26UI
OHOS_REPORT_STATUS: current=13
OHOS_REPORT_STATUS: id=JS
OHOS_REPORT_STATUS: numtests=14
OHOS_REPORT_STATUS: stream=
OHOS_REPORT_STATUS: test=saveReopenExportAndDeleteOnlyNewTestWork
OHOS_REPORT_STATUS_CODE: 1


OHOS_REPORT_STATUS: class=SELFNativeApi26UI
OHOS_REPORT_STATUS: current=13
OHOS_REPORT_STATUS: id=JS
OHOS_REPORT_STATUS: numtests=14
OHOS_REPORT_STATUS: stream=
OHOS_REPORT_STATUS: test=saveReopenExportAndDeleteOnlyNewTestWork
OHOS_REPORT_STATUS_CODE: 0
OHOS_REPORT_STATUS: consuming=10581


OHOS_REPORT_STATUS: class=SELFNativeApi26UI
OHOS_REPORT_STATUS: current=14
OHOS_REPORT_STATUS: id=JS
OHOS_REPORT_STATUS: numtests=14
OHOS_REPORT_STATUS: stream=
OHOS_REPORT_STATUS: test=realTouchLassoThenModelConsentDeclineKeepsOriginal
OHOS_REPORT_STATUS_CODE: 1


OHOS_REPORT_STATUS: class=SELFNativeApi26UI
OHOS_REPORT_STATUS: current=14
OHOS_REPORT_STATUS: id=JS
OHOS_REPORT_STATUS: numtests=14
OHOS_REPORT_STATUS: stream=
OHOS_REPORT_STATUS: test=realTouchLassoThenModelConsentDeclineKeepsOriginal
OHOS_REPORT_STATUS_CODE: 0
OHOS_REPORT_STATUS: consuming=8647


OHOS_REPORT_STATUS: class=SELFNativeApi26UI
OHOS_REPORT_STATUS: suiteconsuming=19228


OHOS_REPORT_RESULT: stream=Tests run: 14, Failure: 0, Error: 0, Pass: 14, Ignore: 0
OHOS_REPORT_CODE: 0
OHOS_REPORT_STATUS: taskconsuming=19312

TestFinished-ResultCode: 0
TestFinished-ResultMsg: your test finished!!!
user test finished.
