Prepared three original stereo ambient loops; default playback is off.
Copied checked-in GLB, masks, manifests, licenses and original audio into native rawfile resources.
> hvigor [32mUP-TO-DATE :entry:default@PreBuild...  [39m
> hvigor [32mFinished :entry:default@CreateModuleInfo... after 1 ms [39m
> hvigor [32mUP-TO-DATE :entry:default@GenerateMetadata...  [39m
> hvigor [32mFinished :entry:default@ConfigureCmake... after 67 ms [39m
> hvigor [32mUP-TO-DATE :entry:default@MergeProfile...  [39m
> hvigor [32mUP-TO-DATE :entry:default@CreateBuildProfile...  [39m
> hvigor [32mFinished :entry:default@PreCheckSyscap... after 1 ms [39m
> hvigor [32mFinished :entry:default@GeneratePkgSdkInfo... after 6 ms [39m
> hvigor [32mFinished :entry:default@ProcessIntegratedHsp... after 1 ms [39m
> hvigor [32mFinished :entry:default@BuildNativeWithCmake... after 52 ms [39m
> hvigor [32mUP-TO-DATE :entry:default@MakePackInfo...  [39m
> hvigor [32mFinished :entry:default@SyscapTransform... after 14 ms [39m
> hvigor [32mUP-TO-DATE :entry:default@GeneratePkgContextInfo...  [39m
> hvigor [32mUP-TO-DATE :entry:default@ProcessProfile...  [39m
> hvigor [32mUP-TO-DATE :entry:default@ProcessRouterMap...  [39m
> hvigor [32mUP-TO-DATE :entry:default@ProcessShareConfig...  [39m
> hvigor [32mFinished :entry:default@ProcessStartupConfig... after 3 ms [39m
> hvigor [32mUP-TO-DATE :entry:default@ProcessResource...  [39m
> hvigor [32mUP-TO-DATE :entry:default@GenerateLoaderJson...  [39m
> hvigor [32mFinished :entry:default@CompileResource... after 340 ms [39m
> hvigor [32mFinished :entry:default@BuildJS... after 6 ms [39m
> hvigor [32mFinished :entry:default@BuildNativeWithNinja... after 132 ms [39m
> hvigor [32mUP-TO-DATE :entry:default@ProcessLibs...  [39m
> hvigor [32mUP-TO-DATE :entry:default@DoNativeStrip...  [39m
> hvigor [32mUP-TO-DATE :entry:default@CacheNativeLibs...  [39m
> hvigor ERROR: Failed :entry:default@CompileArkTS... 
> hvigor WARN: 
1 WARN: ArkTS:WARN File: D:/STUDY/College/mine/olay/entry/src/main/ets/entryability/EntryAbility.ets:8:100
 This API is unavailable to 2in1.

2 WARN: ArkTS:WARN File: D:/STUDY/College/mine/olay/entry/src/main/ets/entryability/EntryAbility.ets:9:11
 Function may throw exceptions. Special handling is required.

3 WARN: ArkTS:WARN File: D:/STUDY/College/mine/olay/entry/src/main/ets/bridge/RendererBridge.ets:55:29
 Function may throw exceptions. Special handling is required.

4 WARN: ArkTS:WARN File: D:/STUDY/College/mine/olay/entry/src/main/ets/bridge/RendererBridge.ets:56:19
 Function may throw exceptions. Special handling is required.

5 WARN: ArkTS:WARN File: D:/STUDY/College/mine/olay/entry/src/main/ets/bridge/RendererBridge.ets:91:16
 Function may throw exceptions. Special handling is required.

6 WARN: ArkTS:WARN File: D:/STUDY/College/mine/olay/entry/src/main/ets/bridge/RendererBridge.ets:97:54
 Function may throw exceptions. Special handling is required.

7 WARN: ArkTS:WARN File: D:/STUDY/College/mine/olay/entry/src/main/ets/bridge/RendererBridge.ets:97:100
 Function may throw exceptions. Special handling is required.

8 WARN: ArkTS:WARN File: D:/STUDY/College/mine/olay/entry/src/main/ets/bridge/RendererBridge.ets:98:19
 Function may throw exceptions. Special handling is required.

9 WARN: ArkTS:WARN File: D:/STUDY/College/mine/olay/entry/src/main/ets/bridge/RendererBridge.ets:106:56
 Function may throw exceptions. Special handling is required.

10 WARN: ArkTS:WARN File: D:/STUDY/College/mine/olay/entry/src/main/ets/bridge/RendererBridge.ets:107:13
 Function may throw exceptions. Special handling is required.

11 WARN: ArkTS:WARN File: D:/STUDY/College/mine/olay/entry/src/main/ets/bridge/RendererBridge.ets:108:21
 Function may throw exceptions. Special handling is required.

12 WARN: ArkTS:WARN File: D:/STUDY/College/mine/olay/entry/src/main/ets/pages/NativeMirrorSurface.ets:22:34
 The 'fill' API is supported since SDK version 26.0.0. However, the current compatible SDK version is 5.1.1(19).
 It is recommended to use apiAvailable to safeguard API compatibility.

13 WARN: ArkTS:WARN File: D:/STUDY/College/mine/olay/entry/src/main/ets/pages/NativeMirrorSurface.ets:22:50
 The 'stroke' API is supported since SDK version 26.0.0. However, the current compatible SDK version is 5.1.1(19).
 It is recommended to use apiAvailable to safeguard API compatibility.

14 WARN: ArkTS:WARN File: D:/STUDY/College/mine/olay/entry/src/main/ets/services/LocalFaceGuide.ets:107:20
 Function may throw exceptions. Special handling is required.

15 WARN: ArkTS:WARN File: D:/STUDY/College/mine/olay/entry/src/main/ets/services/LocalFaceGuide.ets:107:45
 Function may throw exceptions. Special handling is required.

16 WARN: ArkTS:WARN File: D:/STUDY/College/mine/olay/entry/src/main/ets/services/CameraCaptureSession.ets:61:24
 The system capacity of this api 'media' is not supported on all devices

17 WARN: ArkTS:WARN File: D:/STUDY/College/mine/olay/entry/src/main/ets/services/CameraCaptureSession.ets:64:68
 The system capacity of this api 'media' is not supported on all devices

18 WARN: ArkTS:WARN File: D:/STUDY/College/mine/olay/entry/src/main/ets/services/CameraCaptureSession.ets:77:57
 The system capacity of this api 'media' is not supported on all devices

19 WARN: ArkTS:WARN File: D:/STUDY/College/mine/olay/entry/src/main/ets/services/CameraCaptureSession.ets:78:25
 The system capacity of this api 'media' is not supported on all devices

20 WARN: ArkTS:WARN File: D:/STUDY/College/mine/olay/entry/src/main/ets/services/CameraCaptureSession.ets:80:24
 To use this API, you need to apply for the permissions: ohos.permission.MICROPHONE
This permission is required only if audio recording is involved. [since 12]

21 WARN: ArkTS:WARN File: D:/STUDY/College/mine/olay/entry/src/main/ets/services/CameraCaptureSession.ets:132:23
 Function may throw exceptions. Special handling is required.

22 WARN: ArkTS:WARN File: D:/STUDY/College/mine/olay/entry/src/main/ets/services/CameraCaptureSession.ets:132:49
 Function may throw exceptions. Special handling is required.

23 WARN: ArkTS:WARN File: D:/STUDY/College/mine/olay/entry/src/main/ets/services/CameraCaptureSession.ets:132:74
 Function may throw exceptions. Special handling is required.

24 WARN: ArkTS:WARN File: D:/STUDY/College/mine/olay/entry/src/main/ets/services/CameraCaptureSession.ets:133:23
 Function may throw exceptions. Special handling is required.

25 WARN: ArkTS:WARN File: D:/STUDY/College/mine/olay/entry/src/main/ets/services/CameraCaptureSession.ets:137:47
 Function may throw exceptions. Special handling is required.

26 WARN: ArkTS:WARN File: D:/STUDY/College/mine/olay/entry/src/main/ets/services/CameraCaptureSession.ets:138:47
 Function may throw exceptions. Special handling is required.

27 WARN: ArkTS:WARN File: D:/STUDY/College/mine/olay/entry/src/main/ets/services/CameraCaptureSession.ets:139:18
 Function may throw exceptions. Special handling is required.

28 WARN: ArkTS:WARN File: D:/STUDY/College/mine/olay/entry/src/main/ets/services/CameraCaptureSession.ets:141:17
 Function may throw exceptions. Special handling is required.

29 WARN: ArkTS:WARN File: D:/STUDY/College/mine/olay/entry/src/main/ets/services/CameraCaptureSession.ets:141:94
 Function may throw exceptions. Special handling is required.

30 WARN: ArkTS:WARN File: D:/STUDY/College/mine/olay/entry/src/main/ets/services/CameraCaptureSession.ets:141:150
 Function may throw exceptions. Special handling is required.

31 WARN: ArkTS:WARN File: D:/STUDY/College/mine/olay/entry/src/main/ets/services/CameraCaptureSession.ets:160:37
 Function may throw exceptions. Special handling is required.

32 WARN: ArkTS:WARN File: D:/STUDY/College/mine/olay/entry/src/main/ets/services/CameraCaptureSession.ets:160:62
 Function may throw exceptions. Special handling is required.

33 WARN: ArkTS:WARN File: D:/STUDY/College/mine/olay/entry/src/main/ets/pages/CameraCaptureView.ets:112:57
 The 'fill' API is supported since SDK version 26.0.0. However, the current compatible SDK version is 5.1.1(19).
 It is recommended to use apiAvailable to safeguard API compatibility.

34 WARN: ArkTS:WARN File: D:/STUDY/College/mine/olay/entry/src/main/ets/pages/CameraCaptureView.ets:112:81
 The 'stroke' API is supported since SDK version 26.0.0. However, the current compatible SDK version is 5.1.1(19).
 It is recommended to use apiAvailable to safeguard API compatibility.

35 WARN: ArkTS:WARN File: D:/STUDY/College/mine/olay/entry/src/main/ets/pages/CameraCaptureView.ets:113:61
 The 'fill' API is supported since SDK version 26.0.0. However, the current compatible SDK version is 5.1.1(19).
 It is recommended to use apiAvailable to safeguard API compatibility.

36 WARN: ArkTS:WARN File: D:/STUDY/College/mine/olay/entry/src/main/ets/pages/CameraCaptureView.ets:113:85
 The 'stroke' API is supported since SDK version 26.0.0. However, the current compatible SDK version is 5.1.1(19).
 It is recommended to use apiAvailable to safeguard API compatibility.

37 WARN: ArkTS:WARN File: D:/STUDY/College/mine/olay/entry/src/main/ets/pages/CameraCaptureView.ets:114:53
 The 'fill' API is supported since SDK version 26.0.0. However, the current compatible SDK version is 5.1.1(19).
 It is recommended to use apiAvailable to safeguard API compatibility.

38 WARN: ArkTS:WARN File: D:/STUDY/College/mine/olay/entry/src/main/ets/pages/CameraCaptureView.ets:129:32
 The 'fill' API is supported since SDK version 26.0.0. However, the current compatible SDK version is 5.1.1(19).
 It is recommended to use apiAvailable to safeguard API compatibility.

39 WARN: ArkTS:WARN File: D:/STUDY/College/mine/olay/entry/src/main/ets/pages/CameraCaptureView.ets:129:56
 The 'stroke' API is supported since SDK version 26.0.0. However, the current compatible SDK version is 5.1.1(19).
 It is recommended to use apiAvailable to safeguard API compatibility.

40 WARN: ArkTS:WARN File: D:/STUDY/College/mine/olay/entry/src/main/ets/pages/ProductFactsDeck.ets:22:13
 The 'fill' API is supported since SDK version 26.0.0. However, the current compatible SDK version is 5.1.1(19).
 It is recommended to use apiAvailable to safeguard API compatibility.

41 WARN: ArkTS:WARN File: D:/STUDY/College/mine/olay/entry/src/main/ets/pages/ProductFactsDeck.ets:24:61
 The 'fill' API is supported since SDK version 26.0.0. However, the current compatible SDK version is 5.1.1(19).
 It is recommended to use apiAvailable to safeguard API compatibility.

42 WARN: ArkTS:WARN File: D:/STUDY/College/mine/olay/entry/src/main/ets/pages/ProductFactsDeck.ets:24:107
 The 'fill' API is supported since SDK version 26.0.0. However, the current compatible SDK version is 5.1.1(19).
 It is recommended to use apiAvailable to safeguard API compatibility.

43 WARN: ArkTS:WARN File: D:/STUDY/College/mine/olay/entry/src/main/ets/pages/ProductFactsDeck.ets:24:151
 The 'fill' API is supported since SDK version 26.0.0. However, the current compatible SDK version is 5.1.1(19).
 It is recommended to use apiAvailable to safeguard API compatibility.

44 WARN: ArkTS:WARN File: D:/STUDY/College/mine/olay/entry/src/main/ets/services/PlannerClient.ets:40:33
 Function may throw exceptions. Special handling is required.

45 WARN: ArkTS:WARN File: D:/STUDY/College/mine/olay/entry/src/main/ets/services/AssetStore.ets:23:75
 Function may throw exceptions. Special handling is required.

46 WARN: ArkTS:WARN File: D:/STUDY/College/mine/olay/entry/src/main/ets/services/AssetStore.ets:27:16
 Function may throw exceptions. Special handling is required.

47 WARN: ArkTS:WARN File: D:/STUDY/College/mine/olay/entry/src/main/ets/services/AssetStore.ets:28:25
 Function may throw exceptions. Special handling is required.

48 WARN: ArkTS:WARN File: D:/STUDY/College/mine/olay/entry/src/main/ets/services/AssetStore.ets:30:84
 Function may throw exceptions. Special handling is required.

49 WARN: ArkTS:WARN File: D:/STUDY/College/mine/olay/entry/src/main/ets/services/AssetStore.ets:32:17
 Function may throw exceptions. Special handling is required.

50 WARN: ArkTS:WARN File: D:/STUDY/College/mine/olay/entry/src/main/ets/services/AssetStore.ets:36:39
 Function may throw exceptions. Special handling is required.

51 WARN: ArkTS:WARN File: D:/STUDY/College/mine/olay/entry/src/main/ets/services/AssetStore.ets:38:21
 Function may throw exceptions. Special handling is required.

52 WARN: ArkTS:WARN File: D:/STUDY/College/mine/olay/entry/src/main/ets/services/AssetStore.ets:38:40
 Function may throw exceptions. Special handling is required.

53 WARN: ArkTS:WARN File: D:/STUDY/College/mine/olay/entry/src/main/ets/services/AssetStore.ets:38:60
 Function may throw exceptions. Special handling is required.

54 WARN: ArkTS:WARN File: D:/STUDY/College/mine/olay/entry/src/main/ets/services/AssetStore.ets:39:8
 Function may throw exceptions. Special handling is required.

55 WARN: ArkTS:WARN File: D:/STUDY/College/mine/olay/entry/src/main/ets/services/AssetStore.ets:39:24
 Function may throw exceptions. Special handling is required.

56 WARN: ArkTS:WARN File: D:/STUDY/College/mine/olay/entry/src/main/ets/services/AssetStore.ets:47:84
 Function may throw exceptions. Special handling is required.

57 WARN: ArkTS:WARN File: D:/STUDY/College/mine/olay/entry/src/main/ets/services/AssetStore.ets:49:21
 Function may throw exceptions. Special handling is required.

58 WARN: ArkTS:WARN File: D:/STUDY/College/mine/olay/entry/src/main/ets/services/AssetStore.ets:50:12
 Function may throw exceptions. Special handling is required.

59 WARN: ArkTS:WARN File: D:/STUDY/College/mine/olay/entry/src/main/ets/services/AssetStore.ets:50:53
 Function may throw exceptions. Special handling is required.

60 WARN: ArkTS:WARN File: D:/STUDY/College/mine/olay/entry/src/main/ets/services/AssetStore.ets:56:25
 Function may throw exceptions. Special handling is required.

61 WARN: ArkTS:WARN File: D:/STUDY/College/mine/olay/entry/src/main/ets/services/AssetStore.ets:56:45
 Function may throw exceptions. Special handling is required.

62 WARN: ArkTS:WARN File: D:/STUDY/College/mine/olay/entry/src/main/ets/services/AssetStore.ets:58:117
 Function may throw exceptions. Special handling is required.

63 WARN: ArkTS:WARN File: D:/STUDY/College/mine/olay/entry/src/main/ets/services/AssetStore.ets:58:137
 Function may throw exceptions. Special handling is required.

64 WARN: ArkTS:WARN File: D:/STUDY/College/mine/olay/entry/src/main/ets/services/WorkspaceStore.ets:18:24
 Function may throw exceptions. Special handling is required.

65 WARN: ArkTS:WARN File: D:/STUDY/College/mine/olay/entry/src/main/ets/services/WorkspaceStore.ets:25:8
 Function may throw exceptions. Special handling is required.

66 WARN: ArkTS:WARN File: D:/STUDY/College/mine/olay/entry/src/main/ets/services/WorkspaceStore.ets:34:50
 Function may throw exceptions. Special handling is required.

67 WARN: ArkTS:WARN File: D:/STUDY/College/mine/olay/entry/src/main/ets/services/WorkspaceStore.ets:38:14
 Function may throw exceptions. Special handling is required.

68 WARN: ArkTS:WARN File: D:/STUDY/College/mine/olay/entry/src/main/ets/services/WorkspaceStore.ets:38:49
 Function may throw exceptions. Special handling is required.

69 WARN: ArkTS:WARN File: D:/STUDY/College/mine/olay/entry/src/main/ets/services/WorkspaceStore.ets:40:70
 Function may throw exceptions. Special handling is required.

70 WARN: ArkTS:WARN File: D:/STUDY/College/mine/olay/entry/src/main/ets/services/WorkspaceStore.ets:46:41
 Function may throw exceptions. Special handling is required.

71 WARN: ArkTS:WARN File: D:/STUDY/College/mine/olay/entry/src/main/ets/services/WorkspaceStore.ets:48:26
 Function may throw exceptions. Special handling is required.

72 WARN: ArkTS:WARN File: D:/STUDY/College/mine/olay/entry/src/main/ets/services/WorkspaceStore.ets:48:137
 Function may throw exceptions. Special handling is required.

73 WARN: ArkTS:WARN File: D:/STUDY/College/mine/olay/entry/src/main/ets/services/WorkspaceStore.ets:49:8
 Function may throw exceptions. Special handling is required.

74 WARN: ArkTS:WARN File: D:/STUDY/College/mine/olay/entry/src/main/ets/services/WorkspaceStore.ets:64:64
 Function may throw exceptions. Special handling is required.

75 WARN: ArkTS:WARN File: D:/STUDY/College/mine/olay/entry/src/main/ets/services/WorkspaceStore.ets:65:27
 Function may throw exceptions. Special handling is required.

76 WARN: ArkTS:WARN File: D:/STUDY/College/mine/olay/entry/src/main/ets/services/WorkspaceStore.ets:66:51
 Function may throw exceptions. Special handling is required.

77 WARN: ArkTS:WARN File: D:/STUDY/College/mine/olay/entry/src/main/ets/services/WorkspaceStore.ets:71:135
 Function may throw exceptions. Special handling is required.

78 WARN: ArkTS:WARN File: D:/STUDY/College/mine/olay/entry/src/main/ets/services/WorkspaceStore.ets:71:155
 Function may throw exceptions. Special handling is required.

79 WARN: ArkTS:WARN File: D:/STUDY/College/mine/olay/entry/src/main/ets/services/WorkspaceStore.ets:75:29
 Function may throw exceptions. Special handling is required.

80 WARN: ArkTS:WARN File: D:/STUDY/College/mine/olay/entry/src/main/ets/services/WorkspaceStore.ets:78:67
 Function may throw exceptions. Special handling is required.

81 WARN: ArkTS:WARN File: D:/STUDY/College/mine/olay/entry/src/main/ets/services/WorkspaceStore.ets:78:91
 Function may throw exceptions. Special handling is required.

82 WARN: ArkTS:WARN File: D:/STUDY/College/mine/olay/entry/src/main/ets/services/WorkspaceStore.ets:82:84
 Function may throw exceptions. Special handling is required.

83 WARN: ArkTS:WARN File: D:/STUDY/College/mine/olay/entry/src/main/ets/services/WorkspaceStore.ets:82:101
 Function may throw exceptions. Special handling is required.

84 WARN: ArkTS:WARN File: D:/STUDY/College/mine/olay/entry/src/main/ets/services/WorkspaceStore.ets:83:80
 Function may throw exceptions. Special handling is required.

85 WARN: ArkTS:WARN File: D:/STUDY/College/mine/olay/entry/src/main/ets/services/WorkspaceStore.ets:83:97
 Function may throw exceptions. Special handling is required.

86 WARN: ArkTS:WARN File: D:/STUDY/College/mine/olay/entry/src/main/ets/services/AmbientAudio.ets:24:49
 The system capacity of this api 'media' is not supported on all devices

87 WARN: ArkTS:WARN File: D:/STUDY/College/mine/olay/entry/src/main/ets/services/AmbientAudio.ets:24:55
 Function may throw exceptions. Special handling is required.

88 WARN: ArkTS:WARN File: D:/STUDY/College/mine/olay/entry/src/main/ets/services/AmbientAudio.ets:25:41
 Function may throw exceptions. Special handling is required.

89 WARN: ArkTS:WARN File: D:/STUDY/College/mine/olay/entry/src/main/ets/services/AmbientAudio.ets:37:49
 Function may throw exceptions. Special handling is required.

90 WARN: ArkTS:WARN File: D:/STUDY/College/mine/olay/entry/src/main/ets/services/CaptureService.ets:12:57
 Function may throw exceptions. Special handling is required.

91 WARN: ArkTS:WARN File: D:/STUDY/College/mine/olay/entry/src/main/ets/services/CaptureService.ets:13:15
 Function may throw exceptions. Special handling is required.

92 WARN: ArkTS:WARN File: D:/STUDY/College/mine/olay/entry/src/main/ets/services/CaptureService.ets:18:11
 Function may throw exceptions. Special handling is required.

93 WARN: ArkTS:WARN File: D:/STUDY/College/mine/olay/entry/src/main/ets/services/CaptureService.ets:18:31
 Function may throw exceptions. Special handling is required.

94 WARN: ArkTS:WARN File: D:/STUDY/College/mine/olay/entry/src/main/ets/services/CaptureService.ets:18:54
 Function may throw exceptions. Special handling is required.

95 WARN: ArkTS:WARN File: D:/STUDY/College/mine/olay/entry/src/main/ets/services/CaptureService.ets:18:82
 Function may throw exceptions. Special handling is required.

96 WARN: ArkTS:WARN File: D:/STUDY/College/mine/olay/entry/src/main/ets/services/CaptureService.ets:22:12
 Function may throw exceptions. Special handling is required.

97 WARN: ArkTS:WARN File: D:/STUDY/College/mine/olay/entry/src/main/ets/services/CaptureService.ets:22:32
 Function may throw exceptions. Special handling is required.

98 WARN: ArkTS:WARN File: D:/STUDY/College/mine/olay/entry/src/main/ets/services/CaptureService.ets:24:19
 Function may throw exceptions. Special handling is required.

99 WARN: ArkTS:WARN File: D:/STUDY/College/mine/olay/entry/src/main/ets/services/CaptureService.ets:24:79
 Function may throw exceptions. Special handling is required.

100 WARN: ArkTS:WARN File: D:/STUDY/College/mine/olay/entry/src/main/ets/services/CaptureService.ets:35:21
 Function may throw exceptions. Special handling is required.

101 WARN: ArkTS:WARN File: D:/STUDY/College/mine/olay/entry/src/main/ets/services/CaptureService.ets:35:42
 Function may throw exceptions. Special handling is required.

102 WARN: ArkTS:WARN File: D:/STUDY/College/mine/olay/entry/src/main/ets/services/CaptureService.ets:35:69
 Function may throw exceptions. Special handling is required.

103 WARN: ArkTS:WARN File: D:/STUDY/College/mine/olay/entry/src/main/ets/services/UiPreference.ets:18:17
 Function may throw exceptions. Special handling is required.

104 WARN: ArkTS:WARN File: D:/STUDY/College/mine/olay/entry/src/main/ets/services/UiPreference.ets:19:10
 Function may throw exceptions. Special handling is required.

105 WARN: ArkTS:WARN File: D:/STUDY/College/mine/olay/entry/src/main/ets/services/UiPreference.ets:19:63
 Function may throw exceptions. Special handling is required.

106 WARN: ArkTS:WARN File: D:/STUDY/College/mine/olay/entry/src/main/ets/services/UiPreference.ets:19:83
 Function may throw exceptions. Special handling is required.

107 WARN: ArkTS:WARN File: D:/STUDY/College/mine/olay/entry/src/main/ets/pages/SelfMirrorPage.ets:310:70
 The 'fill' API is supported since SDK version 26.0.0. However, the current compatible SDK version is 5.1.1(19).
 It is recommended to use apiAvailable to safeguard API compatibility.

108 WARN: ArkTS:WARN File: D:/STUDY/College/mine/olay/entry/src/main/ets/pages/SelfMirrorPage.ets:310:112
 The 'fill' API is supported since SDK version 26.0.0. However, the current compatible SDK version is 5.1.1(19).
 It is recommended to use apiAvailable to safeguard API compatibility.

109 WARN: ArkTS:WARN File: D:/STUDY/College/mine/olay/entry/src/main/ets/pages/SelfMirrorPage.ets:337:50
 The 'fill' API is supported since SDK version 26.0.0. However, the current compatible SDK version is 5.1.1(19).
 It is recommended to use apiAvailable to safeguard API compatibility.

110 WARN: ArkTS:WARN File: D:/STUDY/College/mine/olay/entry/src/main/ets/pages/NativeEsProbe.ets:84:82
 Function may throw exceptions. Special handling is required.

111 WARN: ArkTS:WARN File: D:/STUDY/College/mine/olay/entry/src/main/ets/pages/NativeEsProbe.ets:117:64
 Function may throw exceptions. Special handling is required.

112 WARN: ArkTS:WARN File: D:/STUDY/College/mine/olay/entry/src/main/ets/pages/NativeEsProbe.ets:117:172
 Function may throw exceptions. Special handling is required.

113 WARN: ArkTS:WARN File: D:/STUDY/College/mine/olay/entry/src/main/ets/pages/NativeEsProbe.ets:117:208
 Function may throw exceptions. Special handling is required.

> hvigor ERROR: ArkTS Compiler Error
1 ERROR: 10505001 ArkTS Compiler Error
Error Message: Property 'size' in type 'CaptureMoveHint' is not assignable to the same property in base type 'CustomComponent'.
  Type 'number' is not assignable to type '(value: SizeOptions) => CommonAttribute'. At File: D:/STUDY/College/mine/olay/entry/src/main/ets/pages/CaptureMoveHint.ets:6:9


COMPILE RESULT:FAIL {ERROR:2 WARN:113}

* Try:
> Run with --stacktrace option to get the stack trace.
> Run with --debug option to get more log output.

[31m
FAILURE: Build completed with 1 failure.[31m[39m
[31m
1: Task failed with an exception.
-----------
* What went wrong:
Execution failed for task 'default@CompileArkTS'.
  > Compilation error. See log for more details

[31m* Try:
> Run with --stacktrace option to get the stack trace.
> Run with --debug option to get more log output.
[31m[39m
[31m================================================================================[31m[39m
> hvigor ERROR: BUILD FAILED in 13 s 952 ms 

25 tasks in total: 11 executed, 14 up-to-date
