start ability successfully.

OHOS_REPORT_SUM: 3
OHOS_REPORT_STATUS: class=SELFNativeCamera


OHOS_REPORT_STATUS: class=SELFNativeCamera
OHOS_REPORT_STATUS: current=1
OHOS_REPORT_STATUS: id=JS
OHOS_REPORT_STATUS: numtests=3
OHOS_REPORT_STATUS: stream=
OHOS_REPORT_STATUS: test=fullScreenCameraRotatesReopensAndKeepsEntry
OHOS_REPORT_STATUS_CODE: 1


OHOS_REPORT_STATUS: class=SELFNativeCamera
OHOS_REPORT_STATUS: current=1
OHOS_REPORT_STATUS: id=JS
OHOS_REPORT_STATUS: numtests=3
OHOS_REPORT_STATUS: stream=
OHOS_REPORT_STATUS: test=fullScreenCameraRotatesReopensAndKeepsEntry
OHOS_REPORT_STATUS_CODE: 0
OHOS_REPORT_STATUS: consuming=14549


OHOS_REPORT_STATUS: class=SELFNativeCamera
OHOS_REPORT_STATUS: current=2
OHOS_REPORT_STATUS: id=JS
OHOS_REPORT_STATUS: numtests=3
OHOS_REPORT_STATUS: stream=
OHOS_REPORT_STATUS: test=cameraActuallyRecordsAndDecodesPrivately
OHOS_REPORT_STATUS_CODE: 1


OHOS_REPORT_STATUS: class=SELFNativeCamera
OHOS_REPORT_STATUS: current=2
OHOS_REPORT_STATUS: id=JS
OHOS_REPORT_STATUS: numtests=3
OHOS_REPORT_STATUS: stream=
OHOS_REPORT_STATUS: test=cameraActuallyRecordsAndDecodesPrivately
OHOS_REPORT_STATUS_CODE: 0
OHOS_REPORT_STATUS: consuming=10662


OHOS_REPORT_STATUS: class=SELFNativeCamera
OHOS_REPORT_STATUS: current=3
OHOS_REPORT_STATUS: id=JS
OHOS_REPORT_STATUS: numtests=3
OHOS_REPORT_STATUS: stream=
OHOS_REPORT_STATUS: test=anchoredAtmosphereAccentAndLanguage
OHOS_REPORT_STATUS_CODE: 1


OHOS_REPORT_STATUS: class=SELFNativeCamera
OHOS_REPORT_STATUS: current=3
OHOS_REPORT_STATUS: id=JS
OHOS_REPORT_STATUS: numtests=3
OHOS_REPORT_STATUS: stream=
OHOS_REPORT_STATUS: test=anchoredAtmosphereAccentAndLanguage
OHOS_REPORT_STATUS_CODE: 0
OHOS_REPORT_STATUS: consuming=5560


OHOS_REPORT_STATUS: class=SELFNativeCamera
OHOS_REPORT_STATUS: suiteconsuming=30771


OHOS_REPORT_RESULT: stream=Tests run: 3, Failure: 0, Error: 0, Pass: 3, Ignore: 0
OHOS_REPORT_CODE: 0
OHOS_REPORT_STATUS: taskconsuming=30771

TestFinished-ResultCode: 0
TestFinished-ResultMsg: your test finished!!!
user test finished.
