09-23 15:31:43.124 34106 34106 E C02C11/com.self.mirror/APPSPAWN: [appspawn_isolate.c:219]ioctl ADD_ISOLATE_DIR_CMD fail, errno 22
09-23 15:31:43.124 34106 34106 E C02C11/com.self.mirror/APPSPAWN: [appspawn_isolate.c:249]Failed to set isolate dir, ret 218103808
09-23 15:31:43.140 34106 34106 W C02C11/com.self.mirror/APPSPAWN: errno:13 private mount to /mnt/sandbox/100/com.self.mirror/chip_prod/lib64/passthrough '524288' failed
09-23 15:31:43.142 34106 34106 W C02C11/com.self.mirror/APPSPAWN: check dir /data/app/el1/public/aot_compiler/ark_cache/com.self.mirror failed,strerror:No such file or directory
09-23 15:31:43.144 34106 34106 W C02C11/com.self.mirror/APPSPAWN: errno:2 bind mount /data/preload/app to /mnt/sandbox/100/com.self.mirror/data/preload/app
09-23 15:31:43.145 34106 34106 W C02C11/com.self.mirror/APPSPAWN: errno:2 bind mount /data/preload/app to /mnt/sandbox/100/com.self.mirror/data/preload/app
09-23 15:31:43.145 34106 34106 W C02C11/com.self.mirror/APPSPAWN: errno:2 bind mount /data/app/el1/bundle/100/hnp/com.self.mirror to /mnt/sandbox/100/com.self.mirror/data/app
09-23 15:31:43.145 34106 34106 W C02C11/com.self.mirror/APPSPAWN: check dir /data/app/el1/bundle/100/hnp/com.self.mirror failed,strerror:No such file or directory
09-23 15:31:43.145 34106 34106 W C02C11/com.self.mirror/APPSPAWN: errno:2 bind mount /system/etc/profile to /mnt/sandbox/100/com.self.mirror/data/service/el1/public/startup/profile
09-23 15:31:43.151 34106 34106 E C05A06/com.self.mirror/CODE_SIGN: [XpmIoctl]:Ioctl cmd 40087803 failed: Invalid argument (ignore)
09-23 15:31:43.152 34106 34106 E C02C11/com.self.mirror/APPSPAWN: [appspawn_custom_config.cpp:193]Failed to set userId=100: Permission denied
09-23 15:31:43.152 34106 34106 W C02C11/com.self.mirror/APPSPAWN: [appspawn_common.c:352]SetUserId(100) failed
09-23 15:31:43.157 34106 34215 W C057C1/com.self.mirror/IPCWorkThread: ThreadHandler: proto:0 policy:1 name:OS_IPC_0_34215 invoker:833683456
09-23 15:31:43.158 34106 34216 W C057C1/com.self.mirror/IPCWorkThread: ThreadHandler: proto:0 policy:0 name:OS_IPC_1_34216 invoker:758091904
09-23 15:31:43.179 34106 34106 W C01321/com.self.mirror/JsRuntime: [CSM161]disCon
09-23 15:31:43.180 34106 34227 I C02C03/PARAM_WATCHER: Add watcher keyPrefix persist.hdc.jdwp remoteWatcherId 289 success
09-23 15:31:43.182 34106 34106 E C01121/com.self.mirror/BMSQuery: GetTestRunner failed -n com.self.mirror -m entry_test error: 8519884
09-23 15:31:43.182 34106 34106 E C01317/com.self.mirror/AppKit: [MTHRD4713]get testrunner failed: 8519884
09-23 15:31:43.182 34106 34106 E C01317/com.self.mirror/AppKit: [MTHRD2819]query testrunner failed
09-23 15:31:43.202 34106 34106 W C03F04/com.self.mirror/MMG: [NMM:1466] Name mismatch: file.photoAccessHelperNative != file.photoAccessHelper
09-23 15:31:43.210 34106 34106 W A03D00/com.self.mirror/JSAPP: UiTestKit_exporter: systemParameter "persist.ace.testmode.enabled" is not set!
09-23 15:31:43.210 34106 34106 E C01330/com.self.mirror/Delegator: [js_ability_delegator_registry.cpp60]null dgt
09-23 15:31:43.210 34106 34106 W A03D00/com.self.mirror/JSAPP: UiTestKit_exporter: Cannot get AbilityDelegator, uitest_daemon need to be pre-started
09-23 15:31:43.212 34106 34106 W C01E00/com.self.mirror/ResourceManager: update userId, currentUserId_= 0, userId= 100
09-23 15:31:43.251 34106 34219 W C01653/com.self.mirror/NativePreferences: LoadFromDisk: The settingXml /***/el1/***/i18*** load failed.
09-23 15:31:43.253 34106 34106 W C01301/com.self.mirror/Ability: [resource_config_helper.cpp193]invalid source:
09-23 15:31:43.253 34106 34106 W C01301/com.self.mirror/Ability: [resource_config_helper.cpp193]invalid source:
09-23 15:31:43.256 34106 34106 E C01330/com.self.mirror/Delegator: [js_ability_delegator.cpp1022]monitor exist
09-23 15:31:43.256 34106 34231 W C01330/com.self.mirror/Delegator: [ability_delegator.cpp50]monitor added
09-23 15:31:43.287 34106 34106 W C01317/com.self.mirror/AppKit: [a92ab1805f3e214 9e9448 242a16d][JAS1032]null stage
09-23 15:31:43.287 34106 34106 W C01317/com.self.mirror/AppKit: [a92ab1805f3e214 9e9448 242a16d][JAS254]Not found AbilityStage.js
09-23 15:31:43.287 34106 34106 W C01317/com.self.mirror/AppKit: [a92ab1805f3e214 9e9448 242a16d][JAS349]Not found AbilityStage.js
09-23 15:31:43.297 34106 34106 W C01330/com.self.mirror/Delegator: [a92ab1805f3e214 38515ee 27c1391][ability_delegator.cpp679]ability property : name : EntryAbility, state : 5
09-23 15:31:43.297 34106 34106 E C01332/com.self.mirror/UIAbility: [a92ab1805f3e214 38515ee 27c1391][ui_ability_impl.cpp364]hasSaveData_: false
09-23 15:31:43.297 34106 34106 W C01332/com.self.mirror/UIAbility: [a92ab1805f3e214 38515ee 27c1391][JUA1352]formatRegex: []
09-23 15:31:43.298 34106 34106 E C04200/com.self.mirror/WMS: [a92ab1805f3e214 38515ee 27c1391]SetWindowType: permission denied!
09-23 15:31:43.300 34106 34106 W C0420A/com.self.mirror/WMSLife: [a92ab1805f3e214 38515ee 27c1391]IsWindowSessionInvalid: id: 0 state_: 0
09-23 15:31:43.300 34106 34106 W C04200/com.self.mirror/WindowSceneSessionImpl: [a92ab1805f3e214 38515ee 27c1391]AdjustWindowAnimationFlag: session invalid!
09-23 15:31:43.305 34106 34106 I C02C03/PARAM_WATCHER: Add watcher keyPrefix persist.sys.graphic.animationscale remoteWatcherId 289 success
09-23 15:31:43.306 34106 34106 E C03900/com.self.mirror/ACE_UIContent: [a92ab1805f3e214 38515ee 27c1391][243]UIContent Can not set empty ui correction config!
09-23 15:31:43.314 34106 34106 W C04217/com.self.mirror/WMSAttribute: [a92ab1805f3e214 38515ee 27c1391]RegisterGetWMSWindowListCallback: callback has registered
09-23 15:31:43.314 34106 34106 W C04218/com.self.mirror/WMSPc: [a92ab1805f3e214 38515ee 27c1391]UpdateSidebarBlurStyleWhenColorModeChange: RSAnimatableProperty is null
09-23 15:31:43.314 34106 34106 E C04200/com.self.mirror/WMS: [a92ab1805f3e214 38515ee 27c1391]singleton_container.cpp GetSingleton: cant get OHOS::Rosen::WindowInfoReporter
09-23 15:31:43.315 34106 34106 E C01301/com.self.mirror/CompatiblePolicyDeviceType: [a92ab1805f3e214 38515ee 27c1391][ReadFileContent:78]Failed to open file: /data/service/el1/public/update/param_service/install/system/etc/com.ohos.sceneboard/window/version.txt
09-23 15:31:43.321 34106 34106 W C01330/com.self.mirror/Delegator: [a92ab1805f3e214 38515ee 27c1391][ability_delegator.cpp679]ability property : name : EntryAbility, state : 5
09-23 15:31:43.323 34106 34106 W C04200/com.self.mirror/WindowSessionImpl: [a92ab1805f3e214 38515ee 27c1391]UpdateViewportConfig: uiContent is null!
09-23 15:31:43.329 34106 34106 W C04201/com.self.mirror/DMS: [a92ab1805f3e214 38515ee 27c1391]OnDisplayInfoChange: data is not changed.
09-23 15:31:43.330 34106 34106 W C01330/com.self.mirror/Delegator: [a92ab1805f3e214 38515ee 27c1391][ability_delegator.cpp679]ability property : name : EntryAbility, state : 6
09-23 15:31:43.332 34106 34106 E C01651/com.self.mirror/data_share_manager_impl: [a92ab1805f3e214 38515ee 27c1391]RegisterClientDeathObserver: RegisterClientDeathObserver failed, bundleName is com.self.mirror
09-23 15:31:43.332 34106 34106 E C01651/com.self.mirror/data_share_manager_impl: [a92ab1805f3e214 38515ee 27c1391]GetDataShareServiceProxy: RegisterClientDeathObserver failed
09-23 15:31:43.332 34106 34276 W C057C1/com.self.mirror/IPCWorkThread: ThreadHandler: proto:0 policy:0 name:OS_IPC_2_34276 invoker:763064064
09-23 15:31:43.332 34106 34215 E C0420A/com.self.mirror/WMSLife: [a92ab1805f3e214 1e4f749 31d07aa]NotifyUIExtHostRectChangeInGlobalDisplayListeners: uiContent is null
09-23 15:31:43.333 34106 34215 W C04208/com.self.mirror/WMSLayout: [a92ab1805f3e214 4e6c2f 31d07aa]NotifySingleHandTransformChange: id:94, uiContent is nullptr
09-23 15:31:43.333 34106 34283 W C057C1/com.self.mirror/IPCWorkThread: ThreadHandler: proto:0 policy:0 name:OS_IPC_3_34283 invoker:833702016
09-23 15:31:43.333 34106 34216 E C01651/com.self.mirror/data_share_manager_impl: RegisterClientDeathObserver: RegisterClientDeathObserver failed, bundleName is com.self.mirror
09-23 15:31:43.333 34106 34216 E C01651/com.self.mirror/data_share_manager_impl: GetDataShareServiceProxy: RegisterClientDeathObserver failed
09-23 15:31:43.334 34106 34106 E C01301/com.self.mirror/Ability: [a92ab1805f3e214 38515ee 27c1391][page_config_manager.cpp62]configJson_ is empty
09-23 15:31:43.337 34106 34106 W C01409/com.self.mirror/APS_MANAGER: [a92ab1805f3e214 4eaf6e 38515ee]redo Connect
09-23 15:31:43.339 34106 34106 I C02C03/PARAM_WATCHER: Add watcher keyPrefix persist.sys.arkui.animationscale remoteWatcherId 289 success
09-23 15:31:43.339 34106 34106 E C03900/com.self.mirror/Ace: [a92ab1805f3e214 4eaf6e 38515ee][(-2:-1:undefined)] ConfigParserBase ParseInternalWithBundleName failed
09-23 15:31:43.339 34106 34106 W C03900/com.self.mirror/Ace: [a92ab1805f3e214 4eaf6e 38515ee][(-2:-1:undefined)] ArkUiFeatureParamManager failed to parse xml file
09-23 15:31:43.339 34106 34106 E C03900/com.self.mirror/Ace: [a92ab1805f3e214 4eaf6e 38515ee][(-2:-1:undefined)] ConfigParserBase read system UI correction config file failed
09-23 15:31:43.339 34106 34106 W C03900/com.self.mirror/Ace: [a92ab1805f3e214 4eaf6e 38515ee][(-2:-1:undefined)] ArkUiFeatureParamManager failed to load UI correction config file
09-23 15:31:43.350 34106 34106 W C03900/com.self.mirror/Ace: [a92ab1805f3e214 4eaf6e 38515ee][(-2:-1:undefined)] FeatureManager get config failed, key:UICorrectionStrategy ret:1
09-23 15:31:43.350 34106 34106 W C03900/com.self.mirror/Ace: [a92ab1805f3e214 4eaf6e 38515ee][(-2:-1:undefined)] FeatureParamManager get UICorrectionStrategy from FeatureManager failed
09-23 15:31:43.357 34106 34106 W C03900/com.self.mirror/Ace: [a92ab1805f3e214 4eaf6e 38515ee][(100000:100000:scope)] Invalid config:zh_CN-long-notround-horizontal-light-tablet-xhdpi
09-23 15:31:43.358 34106 34106 W C03F07/MUSL-LDSO: load absolute_path /system/lib64/libtransform_interaction_ext.z.so: check ns accessible failed namespace=ndk.
09-23 15:31:43.358 34106 34106 W C03F07/MUSL-LDSO: load /system/lib64/libtransform_interaction_ext.z.so failed, namespace=ndk no inherits, errno=2
09-23 15:31:43.358 34106 34106 W C03F07/MUSL-LDSO: load /system/lib64/libtransform_interaction_ext.z.so failed, namespace=default, errno=2
09-23 15:31:43.358 34106 34106 W C03F07/MUSL-LDSO: dlopen_impl load library header failed for /system/lib64/libtransform_interaction_ext.z.so caller namespace : default
09-23 15:31:43.358 34106 34106 E C03934/com.self.mirror/AceUIEvent: [a92ab1805f3e214 4eaf6e 38515ee][(100000:100000:scope)] AceTransform load failed: Error loading shared library /system/lib64/libtransform_interaction_ext.z.so: No such file or directory
09-23 15:31:43.358 34106 34106 W C03900/com.self.mirror/Ace: [a92ab1805f3e214 4eaf6e 38515ee][(100000:100000:scope)] not found systemTheme in HapModuleInfo, loading default OHOS_THEME
09-23 15:31:43.359 34106 34106 W C03900/com.self.mirror/Ace: [a92ab1805f3e214 4eaf6e 38515ee][(100000:100000:scope)] GetAsset failed: resources/styles/default.json
09-23 15:31:43.366 34106 34106 E C03952/com.self.mirror/AceAppBar: [a92ab1805f3e214 4eaf6e 38515ee][(100000:100000:scope)] read abc file success!
09-23 15:31:43.371 34106 34106 W C03926/com.self.mirror/AceTheme: [a92ab1805f3e214 4eaf6e 38515ee][(100000:100000:scope)] style container_modal_pattern not contains icon_primary!
09-23 15:31:43.371 34106 34106 W C03926/com.self.mirror/AceTheme: [a92ab1805f3e214 4eaf6e 38515ee][(100000:100000:scope)] style container_modal_pattern not contains icon_on_primary!
09-23 15:31:43.371 34106 34106 W C03926/com.self.mirror/AceTheme: [a92ab1805f3e214 4eaf6e 38515ee][(100000:100000:scope)] style container_modal_pattern not contains interactive_hover!
09-23 15:31:43.371 34106 34106 W C03926/com.self.mirror/AceTheme: [a92ab1805f3e214 4eaf6e 38515ee][(100000:100000:scope)] style container_modal_pattern not contains interactive_click!
09-23 15:31:43.371 34106 34106 W C03926/com.self.mirror/AceTheme: [a92ab1805f3e214 4eaf6e 38515ee][(100000:100000:scope)] style container_modal_pattern not contains warning!
09-23 15:31:43.371 34106 34106 W C03926/com.self.mirror/AceTheme: [a92ab1805f3e214 4eaf6e 38515ee][(100000:100000:scope)] style container_modal_pattern not contains window_left_screen!
09-23 15:31:43.371 34106 34106 W C03926/com.self.mirror/AceTheme: [a92ab1805f3e214 4eaf6e 38515ee][(100000:100000:scope)] style container_modal_pattern not contains window_right_screen!
09-23 15:31:43.371 34106 34106 E C03952/com.self.mirror/AceAppBar: [a92ab1805f3e214 4eaf6e 38515ee][(100000:100000:scope)] read abc file success!
09-23 15:31:43.374 34106 34106 E C03952/com.self.mirror/AceAppBar: [a92ab1805f3e214 4eaf6e 38515ee][(100000:100000:scope)] read abc file success!
09-23 15:31:43.379 34106 34106 W C02510/com.self.mirror/load_hdi: [a92ab1805f3e214 4eaf6e 38515ee]OpenHdiServiceImpl failed to get symbol of 'MapperImplRelease', do_dlsym failed: Symbol not found: MapperImplRelease, version: null so=/vendor/lib64/passthrough/libmapper_service_1.3.z.so
09-23 15:31:43.379 34106 34106 W C02510/com.self.mirror/load_hdi: [a92ab1805f3e214 4eaf6e 38515ee]OpenHdiServiceImpl failed to get symbol of 'MetadataImplRelease', do_dlsym failed: Symbol not found: MetadataImplRelease, version: null so=/vendor/lib64/chipsetsdk/libmetadata_service_1.1.z.so
09-23 15:31:43.383 34106 34106 I C02C03/PARAM_WATCHER: Add watcher keyPrefix debug.graphic.frame remoteWatcherId 289 success
09-23 15:31:43.384 34106 34106 E C03D00/utils_base: Failed to exec mmap, errno = 22
09-23 15:31:43.384 34106 34106 E C03D00/utils_base: WriteToAshmem: invalid input or not map
09-23 15:31:43.384 34106 34106 E C03D00/utils_base: ReadFromAshmem: invalid input or not map
09-23 15:31:43.384 34106 34106 E C01408/com.self.mirror/Text: [a92ab1805f3e214 4eaf6e 38515ee]LoadThemeFont: Failed to load font default.ttf
09-23 15:31:43.384 34106 34106 W C0390C/com.self.mirror/AceFont: [a92ab1805f3e214 4eaf6e 38515ee][(100000:100000:scope)] LoadThemeFont failed, familyName:default.ttf
09-23 15:31:43.385 34106 34106 E C04200/com.self.mirror/IMockSessionManager: [nodict][a92ab1805f3e214 4eaf6e 38515ee]Read result failed, code is: 4.
09-23 15:31:43.385 34106 34106 E C04200/com.self.mirror/IMockSessionManager: [nodict][a92ab1805f3e214 4eaf6e 38515ee]Read result failed, code is: 4.
09-23 15:31:43.386 34106 34216 E C0420A/com.self.mirror/WMSLife: [a92ab1805f3e214 2ef491e 35575fa]NotifyUIExtHostRectChangeInGlobalDisplayListeners: uiContent is null
09-23 15:31:43.388 34106 34106 W C03900/com.self.mirror/Ace: [a92ab1805f3e214 4eaf6e 38515ee][(100000:100000:scope)] GetAsset failed: manifest.json
09-23 15:31:43.390 34106 34292 I C02C03/PARAM_WATCHER: Add watcher keyPrefix persist.ace.trace.layout.enabled remoteWatcherId 289 success
09-23 15:31:43.391 34106 34292 I C02C03/PARAM_WATCHER: Add watcher keyPrefix persist.ace.trace.inputevent.enabled remoteWatcherId 289 success
09-23 15:31:43.391 34106 34106 E C04219/com.self.mirror/WMSDecor: [a92ab1805f3e214 4eaf6e 38515ee]GetTitleButtonVisible: device not support
09-23 15:31:43.391 34106 34292 I C02C03/PARAM_WATCHER: Add watcher keyPrefix const.security.developermode.state remoteWatcherId 289 success
09-23 15:31:43.392 34106 34292 I C02C03/PARAM_WATCHER: Add watcher keyPrefix persist.ace.debug.statemgr.enabled remoteWatcherId 289 success
09-23 15:31:43.392 34106 34106 W C0391C/com.self.mirror/AceFocus: [a92ab1805f3e214 4eaf6e 38515ee][(100000:100000:scope)] Current focus view can not found!
09-23 15:31:43.393 34106 34292 I C02C03/PARAM_WATCHER: Add watcher keyPrefix persist.ace.debug.boundary.enabled remoteWatcherId 289 success
09-23 15:31:43.393 34106 34292 I C02C03/PARAM_WATCHER: Add watcher keyPrefix persist.ace.performance.monitor.enabled remoteWatcherId 289 success
09-23 15:31:43.403 34106 34106 E C04388/com.self.mirror/file_api: [a92ab1805f3e214 4eaf6e 38515ee][read_text.cpp:184->Sync] Failed to open file by ret: -2
09-23 15:31:43.405 34106 34106 W C03926/com.self.mirror/AceTheme: [a92ab1805f3e214 4eaf6e 38515ee][(100000:100000:scope)] style text_pattern not contains linear_split_child_min_size!
09-23 15:31:43.405 34106 34106 W C03926/com.self.mirror/AceTheme: [a92ab1805f3e214 4eaf6e 38515ee][(100000:100000:scope)] style text_pattern not contains menu_celia_ask_is_support!
09-23 15:31:43.406 34106 34106 W C03926/com.self.mirror/AceTheme: [a92ab1805f3e214 4eaf6e 38515ee][(100000:100000:scope)] style 125829872 not contains app_theme_pattern!
09-23 15:31:43.406 34106 34106 W C01E00/com.self.mirror/ResourceManager: [a92ab1805f3e214 4eaf6e 38515ee]by id=125835722 limitPaths is empty
09-23 15:31:43.406 34106 34106 E C01E00/com.self.mirror/ResourceManager: [a92ab1805f3e214 4eaf6e 38515ee]ref <private> id not found
09-23 15:31:43.406 34106 34106 W C01E00/com.self.mirror/ResourceManager: [a92ab1805f3e214 4eaf6e 38515ee]by id=125835722 limitPaths is empty
09-23 15:31:43.406 34106 34106 E C01E00/com.self.mirror/ResourceManager: [a92ab1805f3e214 4eaf6e 38515ee]ref <private> id not found
09-23 15:31:43.406 34106 34106 W C03937/com.self.mirror/AceResource: [a92ab1805f3e214 4eaf6e 38515ee][(100000:100000:scope)] Get pattern by name error, name=app_theme_pattern, bundleName: com.self.mirror, moduleName: entry
09-23 15:31:43.406 34106 34106 W C01E00/com.self.mirror/ResourceManager: [a92ab1805f3e214 4eaf6e 38515ee]by id=125835722 limitPaths is empty
09-23 15:31:43.406 34106 34106 E C01E00/com.self.mirror/ResourceManager: [a92ab1805f3e214 4eaf6e 38515ee]ref <private> id not found
09-23 15:31:43.406 34106 34106 W C01E00/com.self.mirror/ResourceManager: [a92ab1805f3e214 4eaf6e 38515ee]by id=125835722 limitPaths is empty
09-23 15:31:43.406 34106 34106 E C01E00/com.self.mirror/ResourceManager: [a92ab1805f3e214 4eaf6e 38515ee]ref <private> id not found
09-23 15:31:43.406 34106 34106 W C03937/com.self.mirror/AceResource: [a92ab1805f3e214 4eaf6e 38515ee][(100000:100000:scope)] Get pattern by name error, name=app_theme_pattern
09-23 15:31:43.406 34106 34106 W C03926/com.self.mirror/AceTheme: [a92ab1805f3e214 4eaf6e 38515ee][(100000:100000:scope)] style app_theme_pattern not contains app_theme_drag_distancethreshold!
09-23 15:31:43.406 34106 34106 W C03926/com.self.mirror/AceTheme: [a92ab1805f3e214 4eaf6e 38515ee][(100000:100000:scope)] style 125829872 not contains image_pattern!
09-23 15:31:43.412 34106 34106 W C03926/com.self.mirror/AceTheme: [a92ab1805f3e214 4eaf6e 38515ee][(100000:100000:scope)] style 125829872 not contains scroll_bar_pattern!
09-23 15:31:43.413 34106 34106 W C03926/com.self.mirror/AceTheme: [a92ab1805f3e214 4eaf6e 38515ee][(100000:100000:scope)] style scroll_bar_pattern get attr scroll_bar_interactive error!
09-23 15:31:43.413 34106 34106 W C03926/com.self.mirror/AceTheme: [a92ab1805f3e214 4eaf6e 38515ee][(100000:100000:scope)] style scroll_bar_pattern not contains arc_scroll_bar_normal_background_width!
09-23 15:31:43.414 34106 34106 W C03926/com.self.mirror/AceTheme: [a92ab1805f3e214 4eaf6e 38515ee][(100000:100000:scope)] style 125829872 not contains scrollable_pattern!
09-23 15:31:43.414 34106 34106 W C03926/com.self.mirror/AceTheme: [a92ab1805f3e214 4eaf6e 38515ee][(100000:100000:scope)] style scrollable_pattern not contains scroll_able_default_scrolling_distance!
09-23 15:31:43.415 34106 34106 W C03926/com.self.mirror/AceTheme: [a92ab1805f3e214 4eaf6e 38515ee][(100000:100000:scope)] style textfield_pattern not contains error_text_border_color_alpha!
09-23 15:31:43.415 34106 34106 W C03926/com.self.mirror/AceTheme: [a92ab1805f3e214 4eaf6e 38515ee][(100000:100000:scope)] style textfield_pattern not contains disable_underline_alpha!
09-23 15:31:43.415 34106 34106 W C03926/com.self.mirror/AceTheme: [a92ab1805f3e214 4eaf6e 38515ee][(100000:100000:scope)] style textfield_pattern not contains default_counter_color!
09-23 15:31:43.415 34106 34106 W C03926/com.self.mirror/AceTheme: [a92ab1805f3e214 4eaf6e 38515ee][(100000:100000:scope)] style textfield_pattern not contains over_counter_color!
09-23 15:31:43.416 34106 34106 W C03926/com.self.mirror/AceTheme: [a92ab1805f3e214 4eaf6e 38515ee][(100000:100000:scope)] style textfield_pattern not contains underline_color_alpha!
09-23 15:31:43.416 34106 34106 W C03926/com.self.mirror/AceTheme: [a92ab1805f3e214 4eaf6e 38515ee][(100000:100000:scope)] style textfield_pattern not contains underline_color_alpha!
09-23 15:31:43.416 34106 34106 W C03926/com.self.mirror/AceTheme: [a92ab1805f3e214 4eaf6e 38515ee][(100000:100000:scope)] style textfield_pattern not contains cursor_width!
09-23 15:31:43.416 34106 34106 W C03926/com.self.mirror/AceTheme: [a92ab1805f3e214 4eaf6e 38515ee][(100000:100000:scope)] style textfield_pattern not contains over_count_border_color_alpha!
09-23 15:31:43.416 34106 34106 W C03926/com.self.mirror/AceTheme: [a92ab1805f3e214 4eaf6e 38515ee][(100000:100000:scope)] style textfield_pattern not contains text_field_placeholder_linespacing!
09-23 15:31:43.416 34106 34106 W C03926/com.self.mirror/AceTheme: [a92ab1805f3e214 4eaf6e 38515ee][(100000:100000:scope)] style textfield_pattern not contains textfield_underline_border_radius!
09-23 15:31:43.416 34106 34106 W C03926/com.self.mirror/AceTheme: [a92ab1805f3e214 4eaf6e 38515ee][(100000:100000:scope)] style textfield_pattern not contains underline_bg_color_focused!
09-23 15:31:43.416 34106 34106 W C03926/com.self.mirror/AceTheme: [a92ab1805f3e214 4eaf6e 38515ee][(100000:100000:scope)] style textfield_pattern not contains text_input_normal_color!
09-23 15:31:43.416 34106 34106 W C03926/com.self.mirror/AceTheme: [a92ab1805f3e214 4eaf6e 38515ee][(100000:100000:scope)] style textfield_pattern not contains text_input_password_icon_size!
09-23 15:31:43.416 34106 34106 W C03926/com.self.mirror/AceTheme: [a92ab1805f3e214 4eaf6e 38515ee][(100000:100000:scope)] style textfield_pattern not contains text_input_cancel_icon_padding!
09-23 15:31:43.416 34106 34106 W C03926/com.self.mirror/AceTheme: [a92ab1805f3e214 4eaf6e 38515ee][(100000:100000:scope)] style textfield_pattern not contains text_input_password_icon_padding!
09-23 15:31:43.416 34106 34106 W C03926/com.self.mirror/AceTheme: [a92ab1805f3e214 4eaf6e 38515ee][(100000:100000:scope)] style textfield_pattern not contains text_input_icon_offset_padding!
09-23 15:31:43.416 34106 34106 W C03926/com.self.mirror/AceTheme: [a92ab1805f3e214 4eaf6e 38515ee][(100000:100000:scope)] style textfield_pattern not contains text_input_icon_focus_padding!
09-23 15:31:43.416 34106 34106 W C03926/com.self.mirror/AceTheme: [a92ab1805f3e214 4eaf6e 38515ee][(100000:100000:scope)] style textfield_pattern not contains error_under_line_width!
09-23 15:31:43.416 34106 34106 W C03926/com.self.mirror/AceTheme: [a92ab1805f3e214 4eaf6e 38515ee][(100000:100000:scope)] style text_overlay_pattern not contains text_overlay_menu_button_radius!
09-23 15:31:43.416 34106 34106 W C03926/com.self.mirror/AceTheme: [a92ab1805f3e214 4eaf6e 38515ee][(100000:100000:scope)] style text_overlay_pattern not contains bg_color_disabled_alpha!
09-23 15:31:43.416 34106 34106 W C03926/com.self.mirror/AceTheme: [a92ab1805f3e214 4eaf6e 38515ee][(100000:100000:scope)] style text_overlay_pattern not contains more_or_back_symbol_size!
09-23 15:31:43.416 34106 34106 W C03926/com.self.mirror/AceTheme: [a92ab1805f3e214 4eaf6e 38515ee][(100000:100000:scope)] style text_overlay_pattern not contains text_overlay_menu_copy!
09-23 15:31:43.416 34106 34106 W C03926/com.self.mirror/AceTheme: [a92ab1805f3e214 4eaf6e 38515ee][(100000:100000:scope)] style text_overlay_pattern not contains text_overlay_menu_paste!
09-23 15:31:43.416 34106 34106 W C03926/com.self.mirror/AceTheme: [a92ab1805f3e214 4eaf6e 38515ee][(100000:100000:scope)] style text_overlay_pattern not contains text_overlay_menu_select_all!
09-23 15:31:43.416 34106 34106 W C03926/com.self.mirror/AceTheme: [a92ab1805f3e214 4eaf6e 38515ee][(100000:100000:scope)] style text_overlay_pattern not contains text_overlay_menu_cut!
09-23 15:31:43.416 34106 34106 W C03926/com.self.mirror/AceTheme: [a92ab1805f3e214 4eaf6e 38515ee][(100000:100000:scope)] style text_overlay_pattern not contains text_overlay_menu_max_width!
09-23 15:31:43.416 34106 34106 W C03926/com.self.mirror/AceTheme: [a92ab1805f3e214 4eaf6e 38515ee][(100000:100000:scope)] style text_overlay_pattern not contains text_overlay_menu_horizontal_gap!
09-23 15:31:43.419 34106 34106 W C03913/com.self.mirror/AceText: [a92ab1805f3e214 4eaf6e 38515ee][(100000:100000:scope)] destroy TxtParagraph with placeholderCnt_ 0, textAlign_ 0, count 0
09-23 15:31:43.423 34106 34106 E C057C2/com.self.mirror/IPCObjectProxy: [a92ab1805f3e214 4eaf6e 38515ee]PrintErrorDetailedInfo: failed, handle:0 error:7 desc:*.accessToken proxy:754012160 time:1726781061407
09-23 15:31:43.423 34106 34106 E C02B3F/com.self.mirror/VIDEOPROCESSENGINE: [nodict][a92ab1805f3e214 4eaf6e 38515ee][video_processing_client.cpp][GetFeatureParameter 100] proxy is null!
09-23 15:31:43.423 34106 34106 W C03900/com.self.mirror/Ace: [a92ab1805f3e214 4eaf6e 38515ee][(100000:100000:scope)] FeatureManager get config failed, key:logic_device ret:1
09-23 15:31:43.423 34106 34106 W C01409/com.self.mirror/APS_MANAGER: [a92ab1805f3e214 4eaf6e 38515ee]redo Connect
09-23 15:31:43.424 34106 34106 E C057C2/com.self.mirror/IPCObjectProxy: [a92ab1805f3e214 4eaf6e 38515ee]PrintErrorDetailedInfo: failed, handle:34 error:-1 desc:*.IApsManager proxy:766746880 time:1726782073282
09-23 15:31:43.424 34106 34106 E C01409/com.self.mirror/APS_MANAGER: [a92ab1805f3e214 4eaf6e 38515ee][ApsManagerProxy::GetEvent] SendRequest is failed, error code: <private>
09-23 15:31:43.424 34106 34106 E C01409/com.self.mirror/APS_MANAGER: [a92ab1805f3e214 4eaf6e 38515ee][GetEvent] write errorCode failed
09-23 15:31:43.430 34106 34106 E C02D34/com.self.mirror/HistogramClient: [nodict][a92ab1805f3e214 2ccd789 3b8e3d5]ArkGraphics2d.Text.OH_Drawing_TextStyleAddFontVariation is not in metadata.
09-23 15:31:43.432 34106 34303 I C02C03/PARAM_WATCHER: Add watcher keyPrefix debug.graphic.debug_layer remoteWatcherId 289 success
09-23 15:31:43.434 34106 34106 E C01402/com.self.mirror/2DGraphics: [a92ab1805f3e214 2ccd789 3b8e3d5]LoadFromTypeface: Drawing_Text [LoadFromTypeface] not variable font!
09-23 15:31:43.438 34106 34106 W C03952/com.self.mirror/AceAppBar: [a92ab1805f3e214 2ccd789 3b8e3d5][(100000:100000:scope)] Get rect of buttons failed, buttonRow are hidden
09-23 15:31:43.440 34106 34106 E C01406/com.self.mirror/OHOS::RS: [a92ab1805f3e214 2ccd789 3b8e3d5]Failed to attach property, property is null.
09-23 15:31:43.440 34106 34106 E C01406/com.self.mirror/OHOS::RS: [a92ab1805f3e214 2ccd789 3b8e3d5]Failed to attach property, property is null.
09-23 15:31:43.440 34106 34106 E C01406/com.self.mirror/OHOS::RS: [a92ab1805f3e214 2ccd789 3b8e3d5]Failed to attach property, property is null.
09-23 15:31:43.440 34106 34106 E C01406/com.self.mirror/OHOS::RS: [a92ab1805f3e214 2ccd789 3b8e3d5]Failed to attach property, property is null.
09-23 15:31:43.444 34106 34303 E C01400/com.self.mirror/OpenGLWrapper: EglWrapperHookLayer init Failed!
09-23 15:31:43.445 34106 34303 W C01409/com.self.mirror/APS_MANAGER: redo Connect
09-23 15:31:43.446 34106 34303 E C057C2/com.self.mirror/IPCObjectProxy: PrintErrorDetailedInfo: failed, handle:34 error:29201 desc:(subErr:4 SubErrDesc:outer:operation not permitted) *.IApsManager proxy:1045185664 time:1726803906719
09-23 15:31:43.446 34106 34303 E C01409/com.self.mirror/APS_MANAGER: [ApsManagerProxy::RegCommonCallback] SendRequest is failed, error code: <private>
09-23 15:31:43.446 34106 34303 W C01409/com.self.mirror/APS_MANAGER: RegCommonCallbackInner Register callback failed, delete callback
09-23 15:31:43.446 34106 34303 W C01409/com.self.mirror/APS_MANAGER: [ApsManagerProxy::RegisterGameFpsListener] Send Request faild code = 29201
09-23 15:31:43.446 34106 34303 E C01409/com.self.mirror/APS_MANAGER: ApsGameFpsController::RegisterGameFpsListener delete callback
09-23 15:31:43.449 34106 34106 I A03D00/com.self.mirror/JSAPP: SELF_WINDOW {"width":1418.1817874435558,"wide":true}
09-23 15:31:43.465 34106 34334 E C01490/com.self.mirror/HW_GPU_CPL: [nodict]sched_setscheduler set FIFO failed!
09-23 15:31:43.470 34106 34106 E C01406/com.self.mirror/OHOS::RS: Failed to attach property, property is null.
09-23 15:31:43.470 34106 34106 E C01406/com.self.mirror/OHOS::RS: Failed to attach property, property is null.
09-23 15:31:43.470 34106 34106 E C01406/com.self.mirror/OHOS::RS: Failed to attach property, property is null.
09-23 15:31:43.470 34106 34106 E C01406/com.self.mirror/OHOS::RS: Failed to attach property, property is null.
09-23 15:31:43.473 34106 34106 E C02C03/com.self.mirror/PARAM_WATCHER: [nodict]Read result failed, code is: 1.
09-23 15:31:43.473 34106 34106 E C02C03/PARAM_WATCHER: Failed to add watcher for persist.rosen.animationtrace.enabled
09-23 15:31:43.473 34106 34106 I C02C03/PARAM_WATCHER: [watcher_manager_kits.cpp:276]ParamWatcher destructor start
09-23 15:31:43.473 34106 34106 E C02C03/PARAM_WATCHER: SystemWatchParameter is failed!keyPrefix is:persist.rosen.animationtrace.enabled,errNum is:-1
09-23 15:31:43.473 34106 34106 E C02C0B/BEGET: [service_watcher.c:85]WatchParameter failed! the errNum is -1
09-23 15:31:43.473 34106 34106 I C02C03/PARAM_WATCHER: Add watcher keyPrefix sys.graphic.openTestModeTrace remoteWatcherId 289 success
09-23 15:31:43.577 34106 34106 I A03D00/com.self.mirror/JSAPP: [a92ab1805f3e214 28b635c 4eaf6e]SELF_EVENT {"schemaVersion":1,"sessionId":"native-1790148703403","assetId":"sample-lee","assetVersion":"lee-r186-self2","requestId":"","revision":0,"type":"INITIALIZED","payload":{}}
09-23 15:31:43.597 34106 34216 W C01810/com.self.mirror/SA_CLIENT: OnLoadSaSucInner SA:66134 spend 0ms
09-23 15:31:43.798 34106 34106 I A03D00/com.self.mirror/JSAPP: [a92ab1805f3e214 a08892 119b8a6]SELF_EVENT {"schemaVersion":1,"sessionId":"native-1790148703403","assetId":"sample-lee","assetVersion":"lee-r186-self2","requestId":"","revision":0,"type":"ASSET_REGISTERED","payload":{"width":1024,"height":1024}}
09-23 15:31:43.862 34106 34106 I A03D00/com.self.mirror/JSAPP: [a92ab1805f3e214 6e8186 25d14f9]SELF_EVENT {"schemaVersion":1,"sessionId":"native-1790148703403","assetId":"sample-lee","assetVersion":"lee-r186-self2","requestId":"","revision":0,"type":"VIEW_CHANGED","payload":{"view":{"yaw":0,"pitch":0,"distance":16,"panX":0,"panY":0}}}
09-23 15:31:44.057 34106 34106 I A03D00/com.self.mirror/JSAPP: [a92ab1805f3e214 34ced69 21c0aad]SELF_EVENT {"schemaVersion":1,"sessionId":"native-1790148703403","assetId":"sample-lee","assetVersion":"lee-r186-self2","requestId":"restore-1790148703587","revision":0,"type":"RENDER_SUCCEEDED","payload":{}}
09-23 15:31:44.062 34106 34106 I A03D00/com.self.mirror/JSAPP: [a92ab1805f3e214 13f7f43 188569b]SELF_BINARY_ROUNDTRIP true
09-23 15:31:44.536 34106 34106 I A03D00/com.self.mirror/JSAPP: [Hypium]parameters:{"class":"SELFNativeSpatialProbe","timeout":"90000"}
09-23 15:31:44.536 34106 34106 I A03D00/com.self.mirror/JSAPP: [Hypium]filter params:0
09-23 15:31:44.537 34106 34106 I A03D00/com.self.mirror/JSAPP: [Hypium]stress length : 1
09-23 15:31:44.537 34106 34106 I A03D00/com.self.mirror/JSAPP: [Hypium]filter suite : SELFNativeCameraPipeline
09-23 15:31:44.537 34106 34106 I A03D00/com.self.mirror/JSAPP: [Hypium]filter suite : SELFNativeStress
09-23 15:31:44.537 34106 34106 I A03D00/com.self.mirror/JSAPP: [Hypium]filter suite : SELFNativeModelLive
09-23 15:31:44.537 34106 34106 I A03D00/com.self.mirror/JSAPP: [Hypium]filter suite : SELFNativeExperience
09-23 15:31:44.537 34106 34106 I A03D00/com.self.mirror/JSAPP: [Hypium]filter suite : SELFNativeProductUI
09-23 15:31:44.537 34106 34106 I A03D00/com.self.mirror/JSAPP: [Hypium]filter suite : SELFNativeCamera
09-23 15:31:44.537 34106 34106 I A03D00/com.self.mirror/JSAPP: [Hypium]filter suite : SELFNativePolicy
09-23 15:31:44.537 34106 34106 I A03D00/com.self.mirror/JSAPP: [Hypium]filter suite : SELFNativeApi26UI
09-23 15:31:44.547 34106 34106 I A03D00/com.self.mirror/JSAPP: [Hypium] rootSuite:{"description":"","childSuites":[{"description":"SELFNativeSpatialProbe","childSuites":[],"specs":[{"description":"recordsActualCommercialGsAvailabilityWithoutCallingItReconstruction","fi":0,"duration":0,"startTime":0,"isExecuted":false,"isSkip":false,"skipReason":"","expectMsg":""}],"beforeAll":[],"afterAll":[],"beforeItSpecified":{},"afterItSpecified":{},"beforeEach":[],"beforeEachIt":[],"afterEach":[],"afterEachIt":[],"duration":0,"hookError":null,"isSkip":false,"skipReason":""}],"specs":[],"beforeAll":[],"afterAll":[],"beforeItSpecified":{},"afterItSpecified":{},"beforeEach":[],"beforeEachIt":[],"afterEach":[],"afterEachIt":[],"duration":0,"hookError":null,"isSkip":false,"skipReason":""}
09-23 15:31:44.547 34106 34106 I A03D00/com.self.mirror/JSAPP: [Hypium][start] start run suites
09-23 15:31:44.547 34106 34106 I A03D00/com.self.mirror/JSAPP: [Hypium][suite start]SELFNativeSpatialProbe
09-23 15:31:44.547 34106 34106 I A03D00/com.self.mirror/JSAPP: OHOS_REPORT_SUM: 1
09-23 15:31:44.547 34106 34106 I A03D00/com.self.mirror/JSAPP: OHOS_REPORT_STATUS: class=SELFNativeSpatialProbe
09-23 15:31:44.547 34106 34106 I A03D00/com.self.mirror/JSAPP: [Hypium]printSync called ...
09-23 15:31:44.548 34106 34106 I A03D00/com.self.mirror/JSAPP: [Hypium]SELFNativeSpatialProbe suiteStart print success
09-23 15:31:44.548 34106 34106 I A03D00/com.self.mirror/JSAPP: [Hypium]start running case 'recordsActualCommercialGsAvailabilityWithoutCallingItReconstruction'
09-23 15:31:44.548 34106 34106 I A03D00/com.self.mirror/JSAPP: OHOS_REPORT_STATUS: class=SELFNativeSpatialProbe
09-23 15:31:44.548 34106 34106 I A03D00/com.self.mirror/JSAPP: OHOS_REPORT_STATUS: current=1
09-23 15:31:44.548 34106 34106 I A03D00/com.self.mirror/JSAPP: OHOS_REPORT_STATUS: id=JS
09-23 15:31:44.548 34106 34106 I A03D00/com.self.mirror/JSAPP: OHOS_REPORT_STATUS: numtests=1
09-23 15:31:44.548 34106 34106 I A03D00/com.self.mirror/JSAPP: OHOS_REPORT_STATUS: stream=
09-23 15:31:44.548 34106 34106 I A03D00/com.self.mirror/JSAPP: OHOS_REPORT_STATUS: test=recordsActualCommercialGsAvailabilityWithoutCallingItReconstruction
09-23 15:31:44.548 34106 34106 I A03D00/com.self.mirror/JSAPP: OHOS_REPORT_STATUS_CODE: 1
09-23 15:31:44.548 34106 34106 I A03D00/com.self.mirror/JSAPP: [Hypium]printSync called ...
09-23 15:31:44.548 34106 34106 I A03D00/com.self.mirror/JSAPP: [Hypium]recordsActualCommercialGsAvailabilityWithoutCallingItReconstruction specStart start print success
09-23 15:31:44.574 34106 34106 W C01317/com.self.mirror/AppKit: [a92ab2806085e06 25df81f 382b8ea][JAS1032]null stage
09-23 15:31:44.574 34106 34106 W C01317/com.self.mirror/AppKit: [a92ab2806085e06 25df81f 382b8ea][JAS254]Not found AbilityStage.js
09-23 15:31:44.574 34106 34106 W C01317/com.self.mirror/AppKit: [a92ab2806085e06 25df81f 382b8ea][JAS349]Not found AbilityStage.js
09-23 15:31:44.578 34106 34106 I A03D00/com.self.mirror/JSAPP: [a92ab2806085e06 2ccc1ce 1e3942]SELF_AUDIO_STATE off
09-23 15:31:44.580 34106 34106 W C01330/com.self.mirror/Delegator: [a92ab2806085e06 3912cde 1f4e551][ability_delegator.cpp679]ability property : name : EntryAbility, state : 7
09-23 15:31:44.582 34106 34106 I A03D00/com.self.mirror/JSAPP: [a92ab2806085e06 18c3566 12683b6]SELF_NATIVE_STATS {"cpuSubmitAndSwapP50Ms":1.625156,"cpuSubmitAndSwapP95Ms":4.734219,"cpuSubmitOver50Ms":0,"frames":18,"generation":1,"graphics":{"abi":"64-bit","glsl":"OpenGL ES GLSL ES 3.20","renderer":"Maleoon 916B","textureUnits":16,"thread":387630340256,"vendor":"HUAWEI","version":"OpenGL ES 3.2 B312"},"renderStartIntervalOver50Ms":1,"renderStartIntervalP50Ms":33.339375,"renderStartIntervalP95Ms":37.31125,"transitionFrames":0}
09-23 15:31:44.583 34106 34106 W C01330/com.self.mirror/Delegator: [a92ab2806085e06 3753b69 1ed83f6][ability_delegator.cpp679]ability property : name : SpatialProbeAbility, state : 5
09-23 15:31:44.583 34106 34106 W C01330/com.self.mirror/Delegator: [a92ab2806085e06 3753b69 1ed83f6][iability_monitor.cpp45]different name
09-23 15:31:44.583 34106 34106 E C01332/com.self.mirror/UIAbility: [a92ab2806085e06 3753b69 1ed83f6][ui_ability_impl.cpp364]hasSaveData_: false
09-23 15:31:44.583 34106 34106 W C01332/com.self.mirror/UIAbility: [a92ab2806085e06 3753b69 1ed83f6][JUA1352]formatRegex: []
09-23 15:31:44.583 34106 34106 E C04200/com.self.mirror/WMS: [a92ab2806085e06 3753b69 1ed83f6]SetWindowType: permission denied!
09-23 15:31:44.583 34106 34106 W C0420A/com.self.mirror/WMSLife: [a92ab2806085e06 3753b69 1ed83f6]IsWindowSessionInvalid: id: 0 state_: 0
09-23 15:31:44.584 34106 34106 W C04200/com.self.mirror/WindowSceneSessionImpl: [a92ab2806085e06 3753b69 1ed83f6]AdjustWindowAnimationFlag: session invalid!
09-23 15:31:44.593 34106 34276 W C04203/com.self.mirror/WMSSub: [a92ab2806085e06 344b126 15bb970]NotifyWindowAttachStateChange: listener is null
09-23 15:31:44.599 34106 34106 W C04217/com.self.mirror/WMSAttribute: [a92ab2806085e06 3753b69 1ed83f6]RegisterGetWMSWindowListCallback: callback has registered
09-23 15:31:44.599 34106 34106 W C04218/com.self.mirror/WMSPc: [a92ab2806085e06 3753b69 1ed83f6]UpdateSidebarBlurStyleWhenColorModeChange: RSAnimatableProperty is null
09-23 15:31:44.599 34106 34106 E C04200/com.self.mirror/WMS: [a92ab2806085e06 3753b69 1ed83f6]singleton_container.cpp GetSingleton: cant get OHOS::Rosen::WindowInfoReporter
09-23 15:31:44.600 34106 34106 W C01330/com.self.mirror/Delegator: [a92ab2806085e06 3753b69 1ed83f6][ability_delegator.cpp679]ability property : name : SpatialProbeAbility, state : 5
09-23 15:31:44.600 34106 34106 W C01330/com.self.mirror/Delegator: [a92ab2806085e06 3753b69 1ed83f6][iability_monitor.cpp45]different name
09-23 15:31:44.600 34106 34106 W C04200/com.self.mirror/WindowSessionImpl: [a92ab2806085e06 3753b69 1ed83f6]UpdateViewportConfig: uiContent is null!
09-23 15:31:44.601 34106 34276 E C0420A/com.self.mirror/WMSLife: [a92ab2806085e06 33ed650 29d8565]NotifyUIExtHostRectChangeInGlobalDisplayListeners: uiContent is null
09-23 15:31:44.601 34106 34276 W C04208/com.self.mirror/WMSLayout: [a92ab2806085e06 608ba6 29d8565]NotifySingleHandTransformChange: id:96, uiContent is nullptr
09-23 15:31:44.601 34106 34106 W C04201/com.self.mirror/DMS: [a92ab2806085e06 3753b69 1ed83f6]OnDisplayInfoChange: data is not changed.
09-23 15:31:44.601 34106 34106 W C01330/com.self.mirror/Delegator: [a92ab2806085e06 3753b69 1ed83f6][ability_delegator.cpp679]ability property : name : SpatialProbeAbility, state : 6
09-23 15:31:44.601 34106 34106 W C01330/com.self.mirror/Delegator: [a92ab2806085e06 3753b69 1ed83f6][iability_monitor.cpp45]different name
09-23 15:31:44.603 34106 34106 E C01301/com.self.mirror/Ability: [a92ab2806085e06 3753b69 1ed83f6][page_config_manager.cpp62]configJson_ is empty
09-23 15:31:44.604 34106 34106 W C03900/com.self.mirror/Ace: [a92ab2806085e06 10fcae5 3753b69][(-2:100000:singleton)] FeatureParamParseEntry init twice
09-23 15:31:44.604 34106 34106 W C03900/com.self.mirror/Ace: [a92ab2806085e06 10fcae5 3753b69][(-2:100000:singleton)] UICorrectionParamParseEntry init twice
09-23 15:31:44.604 34106 34106 W C03900/com.self.mirror/Ace: [a92ab2806085e06 10fcae5 3753b69][(-2:100000:singleton)] FeatureManager get config failed, key:UICorrectionStrategy ret:1
09-23 15:31:44.604 34106 34106 W C03900/com.self.mirror/Ace: [a92ab2806085e06 10fcae5 3753b69][(-2:100000:singleton)] FeatureParamManager get UICorrectionStrategy from FeatureManager failed
09-23 15:31:44.606 34106 34106 W C03900/com.self.mirror/Ace: [a92ab2806085e06 10fcae5 3753b69][(100001:100001:scope)] Invalid config:zh_CN-long-notround-horizontal-light-tablet-xhdpi
09-23 15:31:44.606 34106 34106 W C03F07/MUSL-LDSO: load absolute_path /system/lib64/libtransform_interaction_ext.z.so: check ns accessible failed namespace=ndk.
09-23 15:31:44.606 34106 34106 W C03F07/MUSL-LDSO: load /system/lib64/libtransform_interaction_ext.z.so failed, namespace=ndk no inherits, errno=2
09-23 15:31:44.606 34106 34106 W C03F07/MUSL-LDSO: load /system/lib64/libtransform_interaction_ext.z.so failed, namespace=default, errno=2
09-23 15:31:44.606 34106 34106 W C03F07/MUSL-LDSO: dlopen_impl load library header failed for /system/lib64/libtransform_interaction_ext.z.so caller namespace : default
09-23 15:31:44.606 34106 34106 E C03934/com.self.mirror/AceUIEvent: [a92ab2806085e06 10fcae5 3753b69][(100001:100001:scope)] AceTransform load failed: Error loading shared library /system/lib64/libtransform_interaction_ext.z.so: No such file or directory
09-23 15:31:44.606 34106 34106 W C03900/com.self.mirror/Ace: [a92ab2806085e06 10fcae5 3753b69][(100001:100001:scope)] not found systemTheme in HapModuleInfo, loading default OHOS_THEME
09-23 15:31:44.606 34106 34106 W C03900/com.self.mirror/Ace: [a92ab2806085e06 10fcae5 3753b69][(100001:100001:scope)] GetAsset failed: resources/styles/default.json
09-23 15:31:44.609 34106 34276 W C04203/com.self.mirror/WMSSub: NotifyWindowAttachStateChange: listener is null
09-23 15:31:44.611 34106 34106 E C03952/com.self.mirror/AceAppBar: [a92ab2806085e06 10fcae5 3753b69][(100001:100001:scope)] read abc file success!
09-23 15:31:44.613 34106 34106 W C03926/com.self.mirror/AceTheme: [a92ab2806085e06 10fcae5 3753b69][(100001:100001:scope)] style container_modal_pattern not contains icon_primary!
09-23 15:31:44.613 34106 34106 W C03926/com.self.mirror/AceTheme: [a92ab2806085e06 10fcae5 3753b69][(100001:100001:scope)] style container_modal_pattern not contains icon_on_primary!
09-23 15:31:44.613 34106 34106 W C03926/com.self.mirror/AceTheme: [a92ab2806085e06 10fcae5 3753b69][(100001:100001:scope)] style container_modal_pattern not contains interactive_hover!
09-23 15:31:44.613 34106 34106 W C03926/com.self.mirror/AceTheme: [a92ab2806085e06 10fcae5 3753b69][(100001:100001:scope)] style container_modal_pattern not contains interactive_click!
09-23 15:31:44.613 34106 34106 W C03926/com.self.mirror/AceTheme: [a92ab2806085e06 10fcae5 3753b69][(100001:100001:scope)] style container_modal_pattern not contains warning!
09-23 15:31:44.613 34106 34106 W C03926/com.self.mirror/AceTheme: [a92ab2806085e06 10fcae5 3753b69][(100001:100001:scope)] style container_modal_pattern not contains window_left_screen!
09-23 15:31:44.613 34106 34106 W C03926/com.self.mirror/AceTheme: [a92ab2806085e06 10fcae5 3753b69][(100001:100001:scope)] style container_modal_pattern not contains window_right_screen!
09-23 15:31:44.614 34106 34106 E C03952/com.self.mirror/AceAppBar: [a92ab2806085e06 10fcae5 3753b69][(100001:100001:scope)] read abc file success!
09-23 15:31:44.616 34106 34106 E C03952/com.self.mirror/AceAppBar: [a92ab2806085e06 10fcae5 3753b69][(100001:100001:scope)] read abc file success!
09-23 15:31:44.617 34106 34106 W C03952/com.self.mirror/AceAppBar: [a92ab2806085e06 10fcae5 3753b69][(100001:100001:scope)] Cannot get pixelmap, try media path.
09-23 15:31:44.624 34106 34106 W C01321/com.self.mirror/JsRuntime: [a92ab2806085e06 10fcae5 3753b69][CSM420]callback exist
09-23 15:31:44.624 34106 34106 W C01321/com.self.mirror/JsRuntime: [a92ab2806085e06 10fcae5 3753b69][CSM438]callback exist
09-23 15:31:44.624 34106 34106 W C03900/com.self.mirror/Ace: [a92ab2806085e06 10fcae5 3753b69][(100001:100001:scope)] GetAsset failed: manifest.json
09-23 15:31:44.626 34106 34106 E C04219/com.self.mirror/WMSDecor: [a92ab2806085e06 10fcae5 3753b69]GetTitleButtonVisible: device not support
09-23 15:31:44.627 34106 34411 W C057C1/com.self.mirror/IPCWorkThread: ThreadHandler: proto:0 policy:0 name:OS_IPC_4_34411 invoker:772694528
09-23 15:31:44.632 34106 34292 I C02C03/PARAM_WATCHER: Add watcher keyPrefix persist.ace.trace.layout.enabled remoteWatcherId 289 success
09-23 15:31:44.633 34106 34292 I C02C03/PARAM_WATCHER: Add watcher keyPrefix persist.ace.trace.inputevent.enabled remoteWatcherId 289 success
09-23 15:31:44.633 34106 34292 I C02C03/PARAM_WATCHER: Add watcher keyPrefix const.security.developermode.state remoteWatcherId 289 success
09-23 15:31:44.634 34106 34106 W C03F04/com.self.mirror/MMG: [a92ab2806085e06 10fcae5 3753b69][NMM:1466] Name mismatch: graphics.scene != scene.napi
09-23 15:31:44.635 34106 34292 I C02C03/PARAM_WATCHER: Add watcher keyPrefix persist.ace.debug.statemgr.enabled remoteWatcherId 289 success
09-23 15:31:44.636 34106 34292 I C02C03/PARAM_WATCHER: Add watcher keyPrefix persist.ace.debug.boundary.enabled remoteWatcherId 289 success
09-23 15:31:44.637 34106 34292 I C02C03/PARAM_WATCHER: Add watcher keyPrefix persist.ace.performance.monitor.enabled remoteWatcherId 289 success
09-23 15:31:44.664 34106 34412 E C0470A/com.self.mirror/GameServicePerf: [nodict]Read result failed, code is: 7.
09-23 15:31:44.664 34106 34412 E C0470A/com.self.mirror/GameNearby: [(InitAndStart:71)]GameService-graphics: vulkan game opt disable
09-23 15:31:44.679 34106 34412 W C01490/com.self.mirror/DEVICE: [nodict]<HM_GPU> #  Device init, apimode 0, sys64
09-23 15:31:44.681 34106 34422 W C01490/com.self.mirror/QUEUE: [nodict]<HM_GPU> #  async worker started.
09-23 15:31:44.682 34106 34412 I C02C03/PARAM_WATCHER: Add watcher keyPrefix persist.graphic.profiler.beta_dfx remoteWatcherId 289 success
09-23 15:31:44.688 34106 34412 E C01402/com.self.mirror/ohos_lume: (file_manager.cpp:111): Failed to open file, no file system for uri: 'cache://deviceVkCache.bin'
09-23 15:31:44.688 34106 34412 E C01402/com.self.mirror/ohos_lume: (file_manager.cpp:111): Failed to open file, no file system for uri: 'assets://deviceVkCache.bin'
09-23 15:31:44.688 34106 34412 W C01490/com.self.mirror/VK: [nodict]<HM_GPU> #  Create pipeline cache
09-23 15:31:44.695 34106 34412 E C01402/com.self.mirror/ohos_lume: (ohos_file.cpp:125): GetRawfilepath error, filename:shaders, error:9001005
09-23 15:31:44.706 34106 34106 W C03F04/com.self.mirror/MMG: [a92ab2806085e06 10fcae5 3753b69][NMM:1466] Name mismatch: graphics.spatialRender != scenext.napi
09-23 15:31:44.707 34106 34106 W C03F04/com.self.mirror/MMG: [a92ab2806085e06 10fcae5 3753b69][NMM:1466] Name mismatch: graphics.spatialEdit != scenext.napi
09-23 15:31:44.708 34106 34106 W C03926/com.self.mirror/AceTheme: [a92ab2806085e06 10fcae5 3753b69][(100001:100001:scope)] style text_pattern not contains linear_split_child_min_size!
09-23 15:31:44.708 34106 34106 W C03926/com.self.mirror/AceTheme: [a92ab2806085e06 10fcae5 3753b69][(100001:100001:scope)] style text_pattern not contains menu_celia_ask_is_support!
09-23 15:31:44.708 34106 34106 W C03926/com.self.mirror/AceTheme: [a92ab2806085e06 10fcae5 3753b69][(100001:100001:scope)] style 125829872 not contains app_theme_pattern!
09-23 15:31:44.709 34106 34106 W C01E00/com.self.mirror/ResourceManager: [a92ab2806085e06 10fcae5 3753b69]by id=125835722 limitPaths is empty
09-23 15:31:44.709 34106 34106 E C01E00/com.self.mirror/ResourceManager: [a92ab2806085e06 10fcae5 3753b69]ref <private> id not found
09-23 15:31:44.709 34106 34106 W C01E00/com.self.mirror/ResourceManager: [a92ab2806085e06 10fcae5 3753b69]by id=125835722 limitPaths is empty
09-23 15:31:44.709 34106 34106 E C01E00/com.self.mirror/ResourceManager: [a92ab2806085e06 10fcae5 3753b69]ref <private> id not found
09-23 15:31:44.709 34106 34106 W C03937/com.self.mirror/AceResource: [a92ab2806085e06 10fcae5 3753b69][(100001:100001:scope)] Get pattern by name error, name=app_theme_pattern, bundleName: com.self.mirror, moduleName: entry_test
09-23 15:31:44.709 34106 34106 W C01E00/com.self.mirror/ResourceManager: [a92ab2806085e06 10fcae5 3753b69]by id=125835722 limitPaths is empty
09-23 15:31:44.709 34106 34106 E C01E00/com.self.mirror/ResourceManager: [a92ab2806085e06 10fcae5 3753b69]ref <private> id not found
09-23 15:31:44.709 34106 34106 W C01E00/com.self.mirror/ResourceManager: [a92ab2806085e06 10fcae5 3753b69]by id=125835722 limitPaths is empty
09-23 15:31:44.709 34106 34106 E C01E00/com.self.mirror/ResourceManager: [a92ab2806085e06 10fcae5 3753b69]ref <private> id not found
09-23 15:31:44.709 34106 34106 W C03937/com.self.mirror/AceResource: [a92ab2806085e06 10fcae5 3753b69][(100001:100001:scope)] Get pattern by name error, name=app_theme_pattern
09-23 15:31:44.709 34106 34106 W C03926/com.self.mirror/AceTheme: [a92ab2806085e06 10fcae5 3753b69][(100001:100001:scope)] style app_theme_pattern not contains app_theme_drag_distancethreshold!
09-23 15:31:44.712 34106 34106 W C03952/com.self.mirror/AceAppBar: [(100001:100001:scope)] Get rect of buttons failed, buttonRow are hidden
09-23 15:31:44.731 34106 34231 W C03F07/MUSL-LDSO: Error loading header libneural_network_runtime.so: failed to map header
09-23 15:31:44.731 34106 34231 W C03F07/MUSL-LDSO: dlopen_impl load library header failed for libneural_network_runtime.so caller namespace : ndk
09-23 15:31:44.732 34106 34231 W C02510/com.self.mirror/load_hdi: [a92ab2806085e06 174f29f 10fcae5]OpenHdiServiceImpl failed to get symbol of 'HiaiHclImplRelease', do_dlsym failed: Symbol not found: HiaiHclImplRelease, version: null so=/vendor/lib64/passthrough/libhiai_hcl_service_2.1.z.so
09-23 15:31:44.732 34106 34231 W C02171/com.self.mirror/CANN: [a92ab2806085e06 174f29f 10fcae5]nn proxy 2.1
09-23 15:31:44.732 34106 34231 W C03F07/MUSL-LDSO: load libai_single_op.so failed, namespace=ndk no inherits, errno=2
09-23 15:31:44.732 34106 34231 W C03F07/MUSL-LDSO: load libai_single_op.so failed, namespace=default, errno=2
09-23 15:31:44.732 34106 34231 W C03F07/MUSL-LDSO: Error loading shared library libai_single_op.so: (needed by /vendor/lib64/passthrough/libhiai_single_op_service_2.0.z.so)
09-23 15:31:44.732 34106 34231 E C02510/com.self.mirror/load_hdi: [a92ab2806085e06 174f29f 10fcae5]OpenHdiServiceImpl dlopen 'libhiai_single_op_service_2.0.z.so' failed.
09-23 15:31:44.732 34106 34231 W C02510/com.self.mirror/load_hdi: [a92ab2806085e06 174f29f 10fcae5]LoadHdiImpl failed to dlopen, Error loading shared library libai_single_op.so: (needed by /vendor/lib64/passthrough/libhiai_single_op_service_2.0.z.so)
09-23 15:31:44.736 34106 34231 W C02510/com.self.mirror/load_hdi: [a92ab2806085e06 174f29f 10fcae5]SearchMatchedLibraryInDir: failed to open /chip_prod/lib64, error: Permission denied
09-23 15:31:44.736 34106 34231 W C02510/com.self.mirror/load_hdi: [a92ab2806085e06 174f29f 10fcae5]SearchMatchedLibraryInDir: failed to open /vendor/lib, error: Permission denied
09-23 15:31:44.736 34106 34231 W C02510/com.self.mirror/load_hdi: [a92ab2806085e06 174f29f 10fcae5]SearchMatchedLibraryInDir: failed to open /vendor/lib/passthrough, error: No such file or directory
09-23 15:31:44.736 34106 34231 W C02510/com.self.mirror/load_hdi: [a92ab2806085e06 174f29f 10fcae5]SearchMatchedLibraryInDir: failed to open /chip_prod/lib, error: No such file or directory
09-23 15:31:44.736 34106 34231 W C02510/com.self.mirror/load_hdi: [a92ab2806085e06 174f29f 10fcae5]SearchMatchedLibraryInDir: failed to open /chip_prod/lib/passthrough, error: No such file or directory
09-23 15:31:44.736 34106 34231 W C03F07/MUSL-LDSO: load libai_single_op.so failed, namespace=ndk no inherits, errno=2
09-23 15:31:44.736 34106 34231 W C03F07/MUSL-LDSO: load libai_single_op.so failed, namespace=default, errno=2
09-23 15:31:44.736 34106 34231 W C03F07/MUSL-LDSO: Error loading shared library libai_single_op.so: (needed by /vendor/lib64/passthrough/libhiai_single_op_service_2.0.z.so)
09-23 15:31:44.736 34106 34231 E C02510/com.self.mirror/load_hdi: [a92ab2806085e06 174f29f 10fcae5]OpenHdiServiceImpl dlopen 'libhiai_single_op_service_2.0.z.so' failed.
09-23 15:31:44.736 34106 34231 E C02510/com.self.mirror/load_hdi: [a92ab2806085e06 174f29f 10fcae5]ConstructMatchedLibraryInDirs, OpenHdiServiceImpl failed, library: libhiai_single_op_service_2.0.z.so.
09-23 15:31:44.736 34106 34231 E C02510/com.self.mirror/hiai_single_op_proxy: [a92ab2806085e06 174f29f 10fcae5]failed to load hdi impl ohos.hdi.hiai.single_op.v2_0.IHiaiSingleOp
09-23 15:31:44.739 34106 34231 W C02150/com.self.mirror/AI_INFRA: [a92ab2806085e06 174f29f 10fcae5]dma_heap_alloc.cpp DmaHeapAlloc(50)::"systemHeapFd open failed"
09-23 15:31:44.739 34106 34231 W C02150/com.self.mirror/AI_INFRA: [a92ab2806085e06 174f29f 10fcae5]dma_heap_alloc.cpp DmaHeapAlloc(55)::"tinyHeapFd open failed"
09-23 15:31:44.739 34106 34231 W C02150/com.self.mirror/AI_INFRA: [a92ab2806085e06 174f29f 10fcae5]dma_heap_alloc.cpp DmaHeapAlloc(60)::"snapshopHeapFd open failed"
09-23 15:31:44.739 34106 34231 W C02150/com.self.mirror/AI_INFRA: [a92ab2806085e06 174f29f 10fcae5]dma_heap_alloc.cpp DmaHeapAlloc(65)::"miscHeapFd open failed"
09-23 15:31:44.739 34106 34231 W C02150/com.self.mirror/AI_INFRA: [a92ab2806085e06 174f29f 10fcae5]dma_heap_alloc.cpp DmaHeapAlloc(70)::"aodHeapFd open failed"
09-23 15:31:44.739 34106 34231 W C02150/com.self.mirror/AI_INFRA: [a92ab2806085e06 174f29f 10fcae5]dma_heap_alloc.cpp DmaHeapAlloc(75)::"npuHugePageHeapFd open failed"
09-23 15:31:44.739 34106 34231 W C02510/com.self.mirror/load_hdi: [a92ab2806085e06 174f29f 10fcae5]OpenHdiServiceImpl failed to get symbol of 'HiaiKernelExecutorImplRelease', do_dlsym failed: Symbol not found: HiaiKernelExecutorImplRelease, version: null so=/vendor/lib64/passthrough/libhiai_kernel_executor_service_2.0.z.so
09-23 15:31:44.740 34106 34231 W C03F07/MUSL-LDSO: Xpm check failed for /vendor/lib64/passthrough/, errno for mmap is: 13
09-23 15:31:44.740 34106 34231 W C03F07/MUSL-LDSO: Error loading header /vendor/lib64/passthrough/: failed to map header
09-23 15:31:44.740 34106 34231 W C03F07/MUSL-LDSO: dlopen_impl load library header failed for /vendor/lib64/passthrough/ caller namespace : default
09-23 15:31:44.740 34106 34231 E C01405/com.self.mirror/MlnLoader: [a92ab2806085e06 174f29f 10fcae5]<58>open: Could not open the driver library: Error loading shared library /vendor/lib64/passthrough/: Permission denied
09-23 15:31:44.740 34106 34231 E C01405/com.self.mirror/MlnLoader: [a92ab2806085e06 174f29f 10fcae5]<335>MlnCreateDevice: dlopen driver so fail.
09-23 15:31:44.741 34106 34106 I A03D00/com.self.mirror/JSAPP: [a92ab2806085e06 22db7e2 174f29f]SELF_GS_SDK_PROBE {"recordedAt":1790148704740,"phase":"checking","reconstruction":"{\"api26Symbols\":true,\"available\":false,\"captureIntegrated\":false,\"gsAcceptanceVerified\":false,\"libraryLoaded\":true,\"message\":\"当前设备未通过空间重建能力检查；不会用示例面容代替你的建模结果。\",\"nativeSessionImplemented\":true,\"pipelineImplemented\":false,\"qualityPolicy\":\"preserve-source-no-decimation-no-early-success\",\"status\":801}","renderingDeclared":true,"editingDeclared":true,"pluginLoaded":false,"nodeLoaded":false,"editHandle":false,"maskCall":false,"saveCall":false,"selectionOcclusionVerified":false,"selectionPersistenceVerified":false,"personalReconstructionValidated":false,"error":"","errorCode":0,"stage":"copy-fixture","output":""}
09-23 15:31:44.743 34106 34106 I A03D00/com.self.mirror/JSAPP: [a92ab2806085e06 184aed8 7461b4]SELF_GS_SDK_PROBE {"recordedAt":1790148704743,"phase":"checking","reconstruction":"{\"api26Symbols\":true,\"available\":false,\"captureIntegrated\":false,\"gsAcceptanceVerified\":false,\"libraryLoaded\":true,\"message\":\"当前设备未通过空间重建能力检查；不会用示例面容代替你的建模结果。\",\"nativeSessionImplemented\":true,\"pipelineImplemented\":false,\"qualityPolicy\":\"preserve-source-no-decimation-no-early-success\",\"status\":801}","renderingDeclared":true,"editingDeclared":true,"pluginLoaded":false,"nodeLoaded":false,"editHandle":false,"maskCall":false,"saveCall":false,"selectionOcclusionVerified":false,"selectionPersistenceVerified":false,"personalReconstructionValidated":false,"error":"","errorCode":0,"stage":"create-scene","output":""}
09-23 15:31:44.747 34106 34106 I A03D00/com.self.mirror/JSAPP: [a92ab2806085e06 7bbf4 10b417]SELF_GS_SDK_PROBE {"recordedAt":1790148704747,"phase":"checking","reconstruction":"{\"api26Symbols\":true,\"available\":false,\"captureIntegrated\":false,\"gsAcceptanceVerified\":false,\"libraryLoaded\":true,\"message\":\"当前设备未通过空间重建能力检查；不会用示例面容代替你的建模结果。\",\"nativeSessionImplemented\":true,\"pipelineImplemented\":false,\"qualityPolicy\":\"preserve-source-no-decimation-no-early-success\",\"status\":801}","renderingDeclared":true,"editingDeclared":true,"pluginLoaded":false,"nodeLoaded":false,"editHandle":false,"maskCall":false,"saveCall":false,"selectionOcclusionVerified":false,"selectionPersistenceVerified":false,"personalReconstructionValidated":false,"error":"","errorCode":0,"stage":"get-render-context","output":""}
09-23 15:31:44.747 34106 34106 I A03D00/com.self.mirror/JSAPP: [a92ab2806085e06 7bbf4 10b417]SELF_GS_SDK_PROBE {"recordedAt":1790148704747,"phase":"checking","reconstruction":"{\"api26Symbols\":true,\"available\":false,\"captureIntegrated\":false,\"gsAcceptanceVerified\":false,\"libraryLoaded\":true,\"message\":\"当前设备未通过空间重建能力检查；不会用示例面容代替你的建模结果。\",\"nativeSessionImplemented\":true,\"pipelineImplemented\":false,\"qualityPolicy\":\"preserve-source-no-decimation-no-early-success\",\"status\":801}","renderingDeclared":true,"editingDeclared":true,"pluginLoaded":false,"nodeLoaded":false,"editHandle":false,"maskCall":false,"saveCall":false,"selectionOcclusionVerified":false,"selectionPersistenceVerified":false,"personalReconstructionValidated":false,"error":"","errorCode":0,"stage":"load-gs-plugin","output":""}
09-23 15:31:44.766 34106 34106 I A03D00/com.self.mirror/JSAPP: [a92ab2806085e06 59bd7c 2c36261]SELF_GS_SDK_PROBE {"recordedAt":1790148704766,"phase":"checking","reconstruction":"{\"api26Symbols\":true,\"available\":false,\"captureIntegrated\":false,\"gsAcceptanceVerified\":false,\"libraryLoaded\":true,\"message\":\"当前设备未通过空间重建能力检查；不会用示例面容代替你的建模结果。\",\"nativeSessionImplemented\":true,\"pipelineImplemented\":false,\"qualityPolicy\":\"preserve-source-no-decimation-no-early-success\",\"status\":801}","renderingDeclared":true,"editingDeclared":true,"pluginLoaded":true,"nodeLoaded":false,"editHandle":false,"maskCall":false,"saveCall":false,"selectionOcclusionVerified":false,"selectionPersistenceVerified":false,"personalReconstructionValidated":false,"error":"","errorCode":0,"stage":"load-ply","output":""}
09-23 15:31:44.767 34106 34412 W C03F07/MUSL-SIGCHAIN: signal_chain_handler call 0 rd sigchain action for signal: 11 sca_sigaction=5a18b7a1c4 noreturn=0 FREEZE_signo_11 thread_list_lock_status:-1 tl_lock_count=0 tl_lock_waiters=0 tl_lock_tid_fail=-1 tl_lock_count_tid=612 tl_lock_count_fail=-10000 tl_lock_count_tid_sub=612 thread_list_lock_after_lock=34412 thread_list_lock_pre_unlock=34412 thread_list_lock_pthread_exit=34270 thread_list_lock_tid_overlimit=-1 tl_lock_unlock_count=0 __pthread_gettid_np_tl_lock=0 __pthread_exit_tl_lock=0 __pthread_create_tl_lock=0 __pthread_key_delete_tl_lock=0 __synccall_tl_lock=0 __membarrier_tl_lock=0 install_new_tls_tl_lock=0 set_syscall_hooks_tl_lock=0 set_syscall_hooks_linux_tl_lock=0 fork_tl_lock=0 register_count=0 __custom_hook_flag=0g_dlcloseLockStatus=0g_dlcloseLockLastExitTid=34106
09-23 15:31:44.767 34106 34412 W C03F07/MUSL-SIGCHAIN: signal_chain_handler call 3 rd sigchain action for signal: 11 sca_sigaction=598dec9004 noreturn=0 FREEZE_signo_11 thread_list_lock_status:-1 tl_lock_count=0 tl_lock_waiters=0 tl_lock_tid_fail=-1 tl_lock_count_tid=612 tl_lock_count_fail=-10000 tl_lock_count_tid_sub=612 thread_list_lock_after_lock=34412 thread_list_lock_pre_unlock=34412 thread_list_lock_pthread_exit=34270 thread_list_lock_tid_overlimit=-1 tl_lock_unlock_count=0 __pthread_gettid_np_tl_lock=0 __pthread_exit_tl_lock=0 __pthread_create_tl_lock=0 __pthread_key_delete_tl_lock=0 __synccall_tl_lock=0 __membarrier_tl_lock=0 install_new_tls_tl_lock=0 set_syscall_hooks_tl_lock=0 set_syscall_hooks_linux_tl_lock=0 fork_tl_lock=0 register_count=0 __custom_hook_flag=0g_dlcloseLockStatus=0g_dlcloseLockLastExitTid=34106
09-23 15:31:44.767 34106 34412 I C02D11/DfxSignalHandler: DFX_SignalHandler :: signo(11), si_code(1), pid(34106), tid(34412).
09-23 15:31:44.767 34106 34412 I C02D11/DfxSignalHandler: g_GetStackIdFunc <private>.
09-23 15:31:44.767 34106 34412 I C02D11/DfxSignalHandler: DFX_SignalHandler :: signo(11), pid(34106), processName(com.self.mirror), threadName(com.self.mirror).
09-23 15:31:44.843 34106 34412 E C02D11/DfxSignalHandler: dummy exit (0)
09-23 15:31:44.931 34106 34412 E C02D11/DfxSignalHandler: dummy exit (0)
09-23 15:31:44.931 34106 34412 I C02D11/DfxSignalHandler: crash processdump unwind finish, unwind success Flag 610839791, blockFlag 0
09-23 15:31:44.931 34106 34412 I C02D11/DfxSignalHandler: Finish handle signal(11) in 34106:34412.
09-23 15:31:44.931 34106 34412 W C03F07/MUSL-SIGCHAIN: signal_chain_handler call usr sigaction for signal: 11 sig_action.sa_sigaction=5a18b63e9c
09-23 15:31:44.931 34106 34412 W C03F07/MUSL-SIGCHAIN: signal_chain_handler call 0 rd sigchain action for signal: 11 sca_sigaction=5a18b7a1c4 noreturn=0 FREEZE_signo_11 thread_list_lock_status:-1 tl_lock_count=0 tl_lock_waiters=0 tl_lock_tid_fail=-1 tl_lock_count_tid=612 tl_lock_count_fail=-10000 tl_lock_count_tid_sub=612 thread_list_lock_after_lock=34412 thread_list_lock_pre_unlock=34412 thread_list_lock_pthread_exit=34270 thread_list_lock_tid_overlimit=-1 tl_lock_unlock_count=0 __pthread_gettid_np_tl_lock=0 __pthread_exit_tl_lock=0 __pthread_create_tl_lock=0 __pthread_key_delete_tl_lock=0 __synccall_tl_lock=0 __membarrier_tl_lock=0 install_new_tls_tl_lock=0 set_syscall_hooks_tl_lock=0 set_syscall_hooks_linux_tl_lock=0 fork_tl_lock=0 register_count=0 __custom_hook_flag=0g_dlcloseLockStatus=0g_dlcloseLockLastExitTid=34106
09-23 15:31:44.931 34106 34412 W C03F07/MUSL-SIGCHAIN: signal_chain_handler call 3 rd sigchain action for signal: 11 sca_sigaction=598dec9004 noreturn=0 FREEZE_signo_11 thread_list_lock_status:-1 tl_lock_count=0 tl_lock_waiters=0 tl_lock_tid_fail=-1 tl_lock_count_tid=612 tl_lock_count_fail=-10000 tl_lock_count_tid_sub=612 thread_list_lock_after_lock=34412 thread_list_lock_pre_unlock=34412 thread_list_lock_pthread_exit=34270 thread_list_lock_tid_overlimit=-1 tl_lock_unlock_count=0 __pthread_gettid_np_tl_lock=0 __pthread_exit_tl_lock=0 __pthread_create_tl_lock=0 __pthread_key_delete_tl_lock=0 __synccall_tl_lock=0 __membarrier_tl_lock=0 install_new_tls_tl_lock=0 set_syscall_hooks_tl_lock=0 set_syscall_hooks_linux_tl_lock=0 fork_tl_lock=0 register_count=0 __custom_hook_flag=0g_dlcloseLockStatus=0g_dlcloseLockLastExitTid=34106
09-23 15:31:44.931 34106 34412 I C02D11/DfxSignalHandler: DFX_SignalHandler :: signo(11), si_code(1), pid(34106), tid(34412).
09-23 15:31:44.931 34106 34412 W C03F07/MUSL-SIGCHAIN: signal_chain_handler call usr sigaction for signal: 11 sig_action.sa_sigaction=5a1287c0bc
09-23 15:31:44.931 34106 34412 I C02D11/DfxSignalHandler: DFX_SignalHandler :: signo(11), si_code(1), pid(34106), tid(34412).
09-23 15:31:44.931 34106 34412 I C02D11/DfxSignalHandler: Current process(34106) rethrow signo(11).
09-23 15:31:44.931 34106 34412 W C03F07/MUSL-SIGCHAIN: signal_chain_handler call 0 rd sigchain action for signal: 11 sca_sigaction=5a18b7a1c4 noreturn=0 FREEZE_signo_11 thread_list_lock_status:-1 tl_lock_count=0 tl_lock_waiters=0 tl_lock_tid_fail=-1 tl_lock_count_tid=612 tl_lock_count_fail=-10000 tl_lock_count_tid_sub=612 thread_list_lock_after_lock=34412 thread_list_lock_pre_unlock=34412 thread_list_lock_pthread_exit=34270 thread_list_lock_tid_overlimit=-1 tl_lock_unlock_count=0 __pthread_gettid_np_tl_lock=0 __pthread_exit_tl_lock=0 __pthread_create_tl_lock=0 __pthread_key_delete_tl_lock=0 __synccall_tl_lock=0 __membarrier_tl_lock=0 install_new_tls_tl_lock=0 set_syscall_hooks_tl_lock=0 set_syscall_hooks_linux_tl_lock=0 fork_tl_lock=0 register_count=0 __custom_hook_flag=0g_dlcloseLockStatus=0g_dlcloseLockLastExitTid=34106
09-23 15:31:44.931 34106 34412 W C03F07/MUSL-SIGCHAIN: signal_chain_handler call 3 rd sigchain action for signal: 11 sca_sigaction=598dec9004 noreturn=0 FREEZE_signo_11 thread_list_lock_status:-1 tl_lock_count=0 tl_lock_waiters=0 tl_lock_tid_fail=-1 tl_lock_count_tid=612 tl_lock_count_fail=-10000 tl_lock_count_tid_sub=612 thread_list_lock_after_lock=34412 thread_list_lock_pre_unlock=34412 thread_list_lock_pthread_exit=34270 thread_list_lock_tid_overlimit=-1 tl_lock_unlock_count=0 __pthread_gettid_np_tl_lock=0 __pthread_exit_tl_lock=0 __pthread_create_tl_lock=0 __pthread_key_delete_tl_lock=0 __synccall_tl_lock=0 __membarrier_tl_lock=0 install_new_tls_tl_lock=0 set_syscall_hooks_tl_lock=0 set_syscall_hooks_linux_tl_lock=0 fork_tl_lock=0 register_count=0 __custom_hook_flag=0g_dlcloseLockStatus=0g_dlcloseLockLastExitTid=34106
09-23 15:31:44.931 34106 34412 I C02D11/DfxSignalHandler: DFX_SignalHandler :: signo(11), si_code(1), pid(34106), tid(34412).
09-23 15:31:44.931 34106 34412 W C03F07/MUSL-SIGCHAIN: signal_chain_handler SIG_DFL handler for signal: 11
09-23 15:31:44.931 34106 34412 W C03F07/MUSL-SIGCHAIN: pid(34106) rethrow sig(11) success.
