> hvigor WARN: The version number of the 'entry' module does not comply with the SemVer specification.
               This will affect the installation and publication by ohpm.
               Make sure the value of version in the oh-package.json5 file of the module complies with the SemVer specification.
> hvigor [32mFinished :entry:ohosTest@PreBuild... after 109 ms [39m
> hvigor [32mFinished :entry:ohosTest@CreateModuleInfo... after 2 ms [39m
> hvigor [32mFinished :entry:ohosTest@GenerateMetadata... after 3 ms [39m
> hvigor [32mFinished :entry:ohosTest@ConfigureCmake... after 1 ms [39m
> hvigor [32mFinished :entry:ohosTest@MergeProfile... after 6 ms [39m
> hvigor [32mUP-TO-DATE :entry:ohosTest@CreateBuildProfile...  [39m
> hvigor [32mFinished :entry:ohosTest@PreCheckSyscap... after 1 ms [39m
> hvigor [32mUP-TO-DATE :entry:ohosTest@GeneratePkgContextInfo...  [39m
> hvigor [32mFinished :entry:ohosTest@GeneratePkgSdkInfo... after 4 ms [39m
> hvigor [32mFinished :entry:ohosTest@ProcessIntegratedHsp... after 1 ms [39m
> hvigor [32mFinished :entry:ohosTest@BuildNativeWithCmake... after 1 ms [39m
> hvigor [32mFinished :entry:ohosTest@MakePackInfo... after 3 ms [39m
> hvigor [32mFinished :entry:ohosTest@SyscapTransform... after 11 ms [39m
> hvigor [32mFinished :entry:ohosTest@ProcessProfile... after 134 ms [39m
> hvigor [32mFinished :entry:ohosTest@ProcessRouterMap... after 4 ms [39m
> hvigor [32mFinished :entry:ohosTest@ProcessShareConfig... after 3 ms [39m
> hvigor [32mFinished :entry:ohosTest@ProcessStartupConfig... after 2 ms [39m
> hvigor [32mFinished :entry:ohosTest@BuildNativeWithNinja... after 1 ms [39m
> hvigor [32mUP-TO-DATE :entry:ohosTest@ProcessResource...  [39m
> hvigor [32mFinished :entry:ohosTest@GenerateLoaderJson... after 15 ms [39m
> hvigor [32mUP-TO-DATE :entry:ohosTest@ProcessLibs...  [39m
> hvigor [32mFinished :entry:ohosTest@CompileResource... after 294 ms [39m
> hvigor [32mUP-TO-DATE :entry:ohosTest@DoNativeStrip...  [39m
> hvigor [32mFinished :entry:ohosTest@OhosTestBuildJS... after 3 ms [39m
> hvigor [32mUP-TO-DATE :entry:ohosTest@CacheNativeLibs...  [39m
> hvigor ERROR: Failed :entry:ohosTest@OhosTestCompileArkTS... 
> hvigor WARN: 
1 WARN: ArkTS:WARN File: D:/STUDY/College/mine/olay/entry/src/ohosTest/ets/testability/GuideTestAbility.ets:5:59
 Function may throw exceptions. Special handling is required.

2 WARN: ArkTS:WARN File: D:/STUDY/College/mine/olay/entry/src/ohosTest/ets/testability/SpatialProbeAbility.ets:4:60
 Function may throw exceptions. Special handling is required.

3 WARN: ArkTS:WARN File: D:/STUDY/College/mine/olay/entry/src/ohosTest/ets/test/CameraPipeline.test.ets:25:67
 This API is unavailable to tablet(earlier than API level 20).

4 WARN: ArkTS:WARN File: D:/STUDY/College/mine/olay/entry/src/ohosTest/ets/test/CameraPipeline.test.ets:25:77
 This API is unavailable to tablet(earlier than API level 20).

5 WARN: ArkTS:WARN File: D:/STUDY/College/mine/olay/entry/src/ohosTest/ets/test/CameraPipeline.test.ets:25:88
 This API is unavailable to tablet(earlier than API level 20).

6 WARN: ArkTS:WARN File: D:/STUDY/College/mine/olay/entry/src/main/ets/services/AssetStore.ets:23:75
 Function may throw exceptions. Special handling is required.

7 WARN: ArkTS:WARN File: D:/STUDY/College/mine/olay/entry/src/main/ets/services/AssetStore.ets:27:16
 Function may throw exceptions. Special handling is required.

8 WARN: ArkTS:WARN File: D:/STUDY/College/mine/olay/entry/src/main/ets/services/AssetStore.ets:28:25
 Function may throw exceptions. Special handling is required.

9 WARN: ArkTS:WARN File: D:/STUDY/College/mine/olay/entry/src/main/ets/services/AssetStore.ets:30:84
 Function may throw exceptions. Special handling is required.

10 WARN: ArkTS:WARN File: D:/STUDY/College/mine/olay/entry/src/main/ets/services/AssetStore.ets:32:17
 Function may throw exceptions. Special handling is required.

11 WARN: ArkTS:WARN File: D:/STUDY/College/mine/olay/entry/src/main/ets/services/AssetStore.ets:36:39
 Function may throw exceptions. Special handling is required.

12 WARN: ArkTS:WARN File: D:/STUDY/College/mine/olay/entry/src/main/ets/services/AssetStore.ets:38:21
 Function may throw exceptions. Special handling is required.

13 WARN: ArkTS:WARN File: D:/STUDY/College/mine/olay/entry/src/main/ets/services/AssetStore.ets:38:40
 Function may throw exceptions. Special handling is required.

14 WARN: ArkTS:WARN File: D:/STUDY/College/mine/olay/entry/src/main/ets/services/AssetStore.ets:38:60
 Function may throw exceptions. Special handling is required.

15 WARN: ArkTS:WARN File: D:/STUDY/College/mine/olay/entry/src/main/ets/services/AssetStore.ets:39:8
 Function may throw exceptions. Special handling is required.

16 WARN: ArkTS:WARN File: D:/STUDY/College/mine/olay/entry/src/main/ets/services/AssetStore.ets:39:24
 Function may throw exceptions. Special handling is required.

17 WARN: ArkTS:WARN File: D:/STUDY/College/mine/olay/entry/src/main/ets/services/AssetStore.ets:47:84
 Function may throw exceptions. Special handling is required.

18 WARN: ArkTS:WARN File: D:/STUDY/College/mine/olay/entry/src/main/ets/services/AssetStore.ets:49:21
 Function may throw exceptions. Special handling is required.

19 WARN: ArkTS:WARN File: D:/STUDY/College/mine/olay/entry/src/main/ets/services/AssetStore.ets:50:12
 Function may throw exceptions. Special handling is required.

20 WARN: ArkTS:WARN File: D:/STUDY/College/mine/olay/entry/src/main/ets/services/AssetStore.ets:50:53
 Function may throw exceptions. Special handling is required.

21 WARN: ArkTS:WARN File: D:/STUDY/College/mine/olay/entry/src/main/ets/services/AssetStore.ets:56:25
 Function may throw exceptions. Special handling is required.

22 WARN: ArkTS:WARN File: D:/STUDY/College/mine/olay/entry/src/main/ets/services/AssetStore.ets:56:45
 Function may throw exceptions. Special handling is required.

23 WARN: ArkTS:WARN File: D:/STUDY/College/mine/olay/entry/src/main/ets/services/AssetStore.ets:58:117
 Function may throw exceptions. Special handling is required.

24 WARN: ArkTS:WARN File: D:/STUDY/College/mine/olay/entry/src/main/ets/services/AssetStore.ets:58:137
 Function may throw exceptions. Special handling is required.

25 WARN: ArkTS:WARN File: D:/STUDY/College/mine/olay/entry/src/main/ets/services/WorkspaceStore.ets:18:24
 Function may throw exceptions. Special handling is required.

26 WARN: ArkTS:WARN File: D:/STUDY/College/mine/olay/entry/src/main/ets/services/WorkspaceStore.ets:25:8
 Function may throw exceptions. Special handling is required.

27 WARN: ArkTS:WARN File: D:/STUDY/College/mine/olay/entry/src/main/ets/services/WorkspaceStore.ets:34:50
 Function may throw exceptions. Special handling is required.

28 WARN: ArkTS:WARN File: D:/STUDY/College/mine/olay/entry/src/main/ets/services/WorkspaceStore.ets:38:14
 Function may throw exceptions. Special handling is required.

29 WARN: ArkTS:WARN File: D:/STUDY/College/mine/olay/entry/src/main/ets/services/WorkspaceStore.ets:38:49
 Function may throw exceptions. Special handling is required.

30 WARN: ArkTS:WARN File: D:/STUDY/College/mine/olay/entry/src/main/ets/services/WorkspaceStore.ets:40:70
 Function may throw exceptions. Special handling is required.

31 WARN: ArkTS:WARN File: D:/STUDY/College/mine/olay/entry/src/main/ets/services/WorkspaceStore.ets:46:41
 Function may throw exceptions. Special handling is required.

32 WARN: ArkTS:WARN File: D:/STUDY/College/mine/olay/entry/src/main/ets/services/WorkspaceStore.ets:48:26
 Function may throw exceptions. Special handling is required.

33 WARN: ArkTS:WARN File: D:/STUDY/College/mine/olay/entry/src/main/ets/services/WorkspaceStore.ets:48:137
 Function may throw exceptions. Special handling is required.

34 WARN: ArkTS:WARN File: D:/STUDY/College/mine/olay/entry/src/main/ets/services/WorkspaceStore.ets:49:8
 Function may throw exceptions. Special handling is required.

35 WARN: ArkTS:WARN File: D:/STUDY/College/mine/olay/entry/src/main/ets/services/WorkspaceStore.ets:64:64
 Function may throw exceptions. Special handling is required.

36 WARN: ArkTS:WARN File: D:/STUDY/College/mine/olay/entry/src/main/ets/services/WorkspaceStore.ets:65:27
 Function may throw exceptions. Special handling is required.

37 WARN: ArkTS:WARN File: D:/STUDY/College/mine/olay/entry/src/main/ets/services/WorkspaceStore.ets:66:51
 Function may throw exceptions. Special handling is required.

38 WARN: ArkTS:WARN File: D:/STUDY/College/mine/olay/entry/src/main/ets/services/WorkspaceStore.ets:71:135
 Function may throw exceptions. Special handling is required.

39 WARN: ArkTS:WARN File: D:/STUDY/College/mine/olay/entry/src/main/ets/services/WorkspaceStore.ets:71:155
 Function may throw exceptions. Special handling is required.

40 WARN: ArkTS:WARN File: D:/STUDY/College/mine/olay/entry/src/main/ets/services/WorkspaceStore.ets:75:29
 Function may throw exceptions. Special handling is required.

41 WARN: ArkTS:WARN File: D:/STUDY/College/mine/olay/entry/src/main/ets/services/WorkspaceStore.ets:78:67
 Function may throw exceptions. Special handling is required.

42 WARN: ArkTS:WARN File: D:/STUDY/College/mine/olay/entry/src/main/ets/services/WorkspaceStore.ets:78:91
 Function may throw exceptions. Special handling is required.

43 WARN: ArkTS:WARN File: D:/STUDY/College/mine/olay/entry/src/main/ets/services/WorkspaceStore.ets:82:84
 Function may throw exceptions. Special handling is required.

44 WARN: ArkTS:WARN File: D:/STUDY/College/mine/olay/entry/src/main/ets/services/WorkspaceStore.ets:82:101
 Function may throw exceptions. Special handling is required.

45 WARN: ArkTS:WARN File: D:/STUDY/College/mine/olay/entry/src/main/ets/services/WorkspaceStore.ets:83:80
 Function may throw exceptions. Special handling is required.

46 WARN: ArkTS:WARN File: D:/STUDY/College/mine/olay/entry/src/main/ets/services/WorkspaceStore.ets:83:97
 Function may throw exceptions. Special handling is required.

47 WARN: ArkTS:WARN File: D:/STUDY/College/mine/olay/entry/src/ohosTest/ets/test/Stress.test.ets:20:37
 This API is unavailable to tablet(earlier than API level 20).

48 WARN: ArkTS:WARN File: D:/STUDY/College/mine/olay/entry/src/ohosTest/ets/test/Stress.test.ets:20:45
 This API is unavailable to tablet(earlier than API level 20).

49 WARN: ArkTS:WARN File: D:/STUDY/College/mine/olay/entry/src/ohosTest/ets/test/Stress.test.ets:20:53
 This API is unavailable to tablet(earlier than API level 20).

50 WARN: ArkTS:WARN File: D:/STUDY/College/mine/olay/entry/src/ohosTest/ets/test/Stress.test.ets:20:77
 This API is unavailable to tablet(earlier than API level 20).

51 WARN: ArkTS:WARN File: D:/STUDY/College/mine/olay/entry/src/ohosTest/ets/test/Stress.test.ets:20:83
 This API is unavailable to tablet(earlier than API level 20).

52 WARN: ArkTS:WARN File: D:/STUDY/College/mine/olay/entry/src/ohosTest/ets/test/Stress.test.ets:20:108
 This API is unavailable to tablet(earlier than API level 20).

53 WARN: ArkTS:WARN File: D:/STUDY/College/mine/olay/entry/src/ohosTest/ets/test/Stress.test.ets:20:116
 This API is unavailable to tablet(earlier than API level 20).

54 WARN: ArkTS:WARN File: D:/STUDY/College/mine/olay/entry/src/ohosTest/ets/test/Stress.test.ets:20:124
 This API is unavailable to tablet(earlier than API level 20).

55 WARN: ArkTS:WARN File: D:/STUDY/College/mine/olay/entry/src/ohosTest/ets/test/Stress.test.ets:20:148
 This API is unavailable to tablet(earlier than API level 20).

56 WARN: ArkTS:WARN File: D:/STUDY/College/mine/olay/entry/src/ohosTest/ets/test/Stress.test.ets:20:154
 This API is unavailable to tablet(earlier than API level 20).

57 WARN: ArkTS:WARN File: D:/STUDY/College/mine/olay/entry/src/ohosTest/ets/test/Experience.test.ets:14:126
 This API is unavailable to tablet(earlier than API level 20).

58 WARN: ArkTS:WARN File: D:/STUDY/College/mine/olay/entry/src/ohosTest/ets/test/Experience.test.ets:14:134
 This API is unavailable to tablet(earlier than API level 20).

59 WARN: ArkTS:WARN File: D:/STUDY/College/mine/olay/entry/src/ohosTest/ets/test/Experience.test.ets:14:142
 This API is unavailable to tablet(earlier than API level 20).

60 WARN: ArkTS:WARN File: D:/STUDY/College/mine/olay/entry/src/ohosTest/ets/test/Experience.test.ets:14:186
 This API is unavailable to tablet(earlier than API level 20).

61 WARN: ArkTS:WARN File: D:/STUDY/College/mine/olay/entry/src/ohosTest/ets/test/Experience.test.ets:14:193
 This API is unavailable to tablet(earlier than API level 20).

62 WARN: ArkTS:WARN File: D:/STUDY/College/mine/olay/entry/src/ohosTest/ets/test/Experience.test.ets:14:202
 This API is unavailable to tablet(earlier than API level 20).

63 WARN: ArkTS:WARN File: D:/STUDY/College/mine/olay/entry/src/ohosTest/ets/test/Experience.test.ets:18:18
 This API is unavailable to tablet(earlier than API level 20).

64 WARN: ArkTS:WARN File: D:/STUDY/College/mine/olay/entry/src/ohosTest/ets/test/Experience.test.ets:18:33
 This API is unavailable to tablet(earlier than API level 20).

65 WARN: ArkTS:WARN File: D:/STUDY/College/mine/olay/entry/src/ohosTest/ets/test/Experience.test.ets:18:48
 This API is unavailable to tablet(earlier than API level 20).

66 WARN: ArkTS:WARN File: D:/STUDY/College/mine/olay/entry/src/ohosTest/ets/test/Experience.test.ets:18:57
 This API is unavailable to tablet(earlier than API level 20).

67 WARN: ArkTS:WARN File: D:/STUDY/College/mine/olay/entry/src/ohosTest/ets/test/Experience.test.ets:18:71
 This API is unavailable to tablet(earlier than API level 20).

68 WARN: ArkTS:WARN File: D:/STUDY/College/mine/olay/entry/src/ohosTest/ets/test/Experience.test.ets:18:87
 This API is unavailable to tablet(earlier than API level 20).

69 WARN: ArkTS:WARN File: D:/STUDY/College/mine/olay/entry/src/ohosTest/ets/test/Experience.test.ets:20:21
 This API is unavailable to 2in1.

70 WARN: ArkTS:WARN File: D:/STUDY/College/mine/olay/entry/src/ohosTest/ets/test/Experience.test.ets:22:20
 This API is unavailable to tablet(earlier than API level 20).

71 WARN: ArkTS:WARN File: D:/STUDY/College/mine/olay/entry/src/ohosTest/ets/test/Experience.test.ets:22:34
 This API is unavailable to tablet(earlier than API level 20).

72 WARN: ArkTS:WARN File: D:/STUDY/College/mine/olay/entry/src/ohosTest/ets/test/Experience.test.ets:22:43
 This API is unavailable to tablet(earlier than API level 20).

73 WARN: ArkTS:WARN File: D:/STUDY/College/mine/olay/entry/src/ohosTest/ets/test/Experience.test.ets:22:51
 This API is unavailable to tablet(earlier than API level 20).

74 WARN: ArkTS:WARN File: D:/STUDY/College/mine/olay/entry/src/ohosTest/ets/test/Experience.test.ets:26:29
 This API is unavailable to 2in1.

75 WARN: ArkTS:WARN File: D:/STUDY/College/mine/olay/entry/src/ohosTest/ets/test/Product.test.ets:27:56
 This API is unavailable to tablet(earlier than API level 20).

76 WARN: ArkTS:WARN File: D:/STUDY/College/mine/olay/entry/src/ohosTest/ets/test/Product.test.ets:27:71
 This API is unavailable to tablet(earlier than API level 20).

77 WARN: ArkTS:WARN File: D:/STUDY/College/mine/olay/entry/src/ohosTest/ets/test/Product.test.ets:27:85
 This API is unavailable to tablet(earlier than API level 20).

78 WARN: ArkTS:WARN File: D:/STUDY/College/mine/olay/entry/src/ohosTest/ets/test/Product.test.ets:27:100
 This API is unavailable to tablet(earlier than API level 20).

79 WARN: ArkTS:WARN File: D:/STUDY/College/mine/olay/entry/src/ohosTest/ets/test/Product.test.ets:32:37
 This API is unavailable to tablet(earlier than API level 20).

80 WARN: ArkTS:WARN File: D:/STUDY/College/mine/olay/entry/src/ohosTest/ets/test/Product.test.ets:32:45
 This API is unavailable to tablet(earlier than API level 20).

81 WARN: ArkTS:WARN File: D:/STUDY/College/mine/olay/entry/src/ohosTest/ets/test/Product.test.ets:32:53
 This API is unavailable to tablet(earlier than API level 20).

82 WARN: ArkTS:WARN File: D:/STUDY/College/mine/olay/entry/src/ohosTest/ets/test/Product.test.ets:32:77
 This API is unavailable to tablet(earlier than API level 20).

83 WARN: ArkTS:WARN File: D:/STUDY/College/mine/olay/entry/src/ohosTest/ets/test/Product.test.ets:32:83
 This API is unavailable to tablet(earlier than API level 20).

84 WARN: ArkTS:WARN File: D:/STUDY/College/mine/olay/entry/src/ohosTest/ets/test/Product.test.ets:32:108
 This API is unavailable to tablet(earlier than API level 20).

85 WARN: ArkTS:WARN File: D:/STUDY/College/mine/olay/entry/src/ohosTest/ets/test/Product.test.ets:32:116
 This API is unavailable to tablet(earlier than API level 20).

86 WARN: ArkTS:WARN File: D:/STUDY/College/mine/olay/entry/src/ohosTest/ets/test/Product.test.ets:32:124
 This API is unavailable to tablet(earlier than API level 20).

87 WARN: ArkTS:WARN File: D:/STUDY/College/mine/olay/entry/src/ohosTest/ets/test/Product.test.ets:32:148
 This API is unavailable to tablet(earlier than API level 20).

88 WARN: ArkTS:WARN File: D:/STUDY/College/mine/olay/entry/src/ohosTest/ets/test/Product.test.ets:32:154
 This API is unavailable to tablet(earlier than API level 20).

89 WARN: ArkTS:WARN File: D:/STUDY/College/mine/olay/entry/src/ohosTest/ets/test/Product.test.ets:40:40
 This API is unavailable to tablet(earlier than API level 20).

90 WARN: ArkTS:WARN File: D:/STUDY/College/mine/olay/entry/src/ohosTest/ets/test/Product.test.ets:40:51
 This API is unavailable to tablet(earlier than API level 20).

91 WARN: ArkTS:WARN File: D:/STUDY/College/mine/olay/entry/src/ohosTest/ets/test/Product.test.ets:40:62
 This API is unavailable to tablet(earlier than API level 20).

92 WARN: ArkTS:WARN File: D:/STUDY/College/mine/olay/entry/src/ohosTest/ets/test/Product.test.ets:40:89
 This API is unavailable to tablet(earlier than API level 20).

93 WARN: ArkTS:WARN File: D:/STUDY/College/mine/olay/entry/src/ohosTest/ets/test/Product.test.ets:40:98
 This API is unavailable to tablet(earlier than API level 20).

94 WARN: ArkTS:WARN File: D:/STUDY/College/mine/olay/entry/src/ohosTest/ets/test/Product.test.ets:40:126
 This API is unavailable to tablet(earlier than API level 20).

95 WARN: ArkTS:WARN File: D:/STUDY/College/mine/olay/entry/src/ohosTest/ets/test/Product.test.ets:40:137
 This API is unavailable to tablet(earlier than API level 20).

96 WARN: ArkTS:WARN File: D:/STUDY/College/mine/olay/entry/src/ohosTest/ets/test/Product.test.ets:40:148
 This API is unavailable to tablet(earlier than API level 20).

97 WARN: ArkTS:WARN File: D:/STUDY/College/mine/olay/entry/src/ohosTest/ets/test/Product.test.ets:40:175
 This API is unavailable to tablet(earlier than API level 20).

98 WARN: ArkTS:WARN File: D:/STUDY/College/mine/olay/entry/src/ohosTest/ets/test/Product.test.ets:40:184
 This API is unavailable to tablet(earlier than API level 20).

99 WARN: ArkTS:WARN File: D:/STUDY/College/mine/olay/entry/src/main/ets/services/CaptureService.ets:12:57
 Function may throw exceptions. Special handling is required.

100 WARN: ArkTS:WARN File: D:/STUDY/College/mine/olay/entry/src/main/ets/services/CaptureService.ets:13:15
 Function may throw exceptions. Special handling is required.

101 WARN: ArkTS:WARN File: D:/STUDY/College/mine/olay/entry/src/main/ets/services/CaptureService.ets:18:11
 Function may throw exceptions. Special handling is required.

102 WARN: ArkTS:WARN File: D:/STUDY/College/mine/olay/entry/src/main/ets/services/CaptureService.ets:18:31
 Function may throw exceptions. Special handling is required.

103 WARN: ArkTS:WARN File: D:/STUDY/College/mine/olay/entry/src/main/ets/services/CaptureService.ets:18:54
 Function may throw exceptions. Special handling is required.

104 WARN: ArkTS:WARN File: D:/STUDY/College/mine/olay/entry/src/main/ets/services/CaptureService.ets:18:82
 Function may throw exceptions. Special handling is required.

105 WARN: ArkTS:WARN File: D:/STUDY/College/mine/olay/entry/src/main/ets/services/CaptureService.ets:22:12
 Function may throw exceptions. Special handling is required.

106 WARN: ArkTS:WARN File: D:/STUDY/College/mine/olay/entry/src/main/ets/services/CaptureService.ets:22:32
 Function may throw exceptions. Special handling is required.

107 WARN: ArkTS:WARN File: D:/STUDY/College/mine/olay/entry/src/main/ets/services/CaptureService.ets:24:19
 Function may throw exceptions. Special handling is required.

108 WARN: ArkTS:WARN File: D:/STUDY/College/mine/olay/entry/src/main/ets/services/CaptureService.ets:24:79
 Function may throw exceptions. Special handling is required.

109 WARN: ArkTS:WARN File: D:/STUDY/College/mine/olay/entry/src/main/ets/services/CaptureService.ets:35:21
 Function may throw exceptions. Special handling is required.

110 WARN: ArkTS:WARN File: D:/STUDY/College/mine/olay/entry/src/main/ets/services/CaptureService.ets:35:42
 Function may throw exceptions. Special handling is required.

111 WARN: ArkTS:WARN File: D:/STUDY/College/mine/olay/entry/src/main/ets/services/CaptureService.ets:35:69
 Function may throw exceptions. Special handling is required.

112 WARN: ArkTS:WARN File: D:/STUDY/College/mine/olay/entry/src/main/ets/services/UiPreference.ets:18:17
 Function may throw exceptions. Special handling is required.

113 WARN: ArkTS:WARN File: D:/STUDY/College/mine/olay/entry/src/main/ets/services/UiPreference.ets:19:10
 Function may throw exceptions. Special handling is required.

114 WARN: ArkTS:WARN File: D:/STUDY/College/mine/olay/entry/src/main/ets/services/UiPreference.ets:19:63
 Function may throw exceptions. Special handling is required.

115 WARN: ArkTS:WARN File: D:/STUDY/College/mine/olay/entry/src/main/ets/services/UiPreference.ets:19:83
 Function may throw exceptions. Special handling is required.

116 WARN: ArkTS:WARN File: D:/STUDY/College/mine/olay/entry/src/ohosTest/ets/test/Camera.test.ets:24:59
 This API is unavailable to tablet(earlier than API level 20).

117 WARN: ArkTS:WARN File: D:/STUDY/College/mine/olay/entry/src/ohosTest/ets/test/Camera.test.ets:24:70
 This API is unavailable to tablet(earlier than API level 20).

118 WARN: ArkTS:WARN File: D:/STUDY/College/mine/olay/entry/src/ohosTest/ets/test/Camera.test.ets:24:80
 This API is unavailable to tablet(earlier than API level 20).

119 WARN: ArkTS:WARN File: D:/STUDY/College/mine/olay/entry/src/ohosTest/ets/test/Camera.test.ets:24:112
 This API is unavailable to tablet(earlier than API level 20).

120 WARN: ArkTS:WARN File: D:/STUDY/College/mine/olay/entry/src/ohosTest/ets/test/Camera.test.ets:24:124
 This API is unavailable to tablet(earlier than API level 20).

121 WARN: ArkTS:WARN File: D:/STUDY/College/mine/olay/entry/src/ohosTest/ets/test/Camera.test.ets:24:133
 This API is unavailable to tablet(earlier than API level 20).

122 WARN: ArkTS:WARN File: D:/STUDY/College/mine/olay/entry/src/ohosTest/ets/test/Camera.test.ets:26:27
 This API is unavailable to tablet(earlier than API level 20).

123 WARN: ArkTS:WARN File: D:/STUDY/College/mine/olay/entry/src/ohosTest/ets/test/Camera.test.ets:26:41
 This API is unavailable to tablet(earlier than API level 20).

124 WARN: ArkTS:WARN File: D:/STUDY/College/mine/olay/entry/src/ohosTest/ets/test/Camera.test.ets:26:56
 This API is unavailable to tablet(earlier than API level 20).

125 WARN: ArkTS:WARN File: D:/STUDY/College/mine/olay/entry/src/ohosTest/ets/test/Camera.test.ets:26:71
 This API is unavailable to tablet(earlier than API level 20).

126 WARN: ArkTS:WARN File: D:/STUDY/College/mine/olay/entry/src/ohosTest/ets/test/Camera.test.ets:28:21
 This API is unavailable to tablet(earlier than API level 20).

127 WARN: ArkTS:WARN File: D:/STUDY/College/mine/olay/entry/src/ohosTest/ets/test/Camera.test.ets:28:32
 This API is unavailable to tablet(earlier than API level 20).

128 WARN: ArkTS:WARN File: D:/STUDY/College/mine/olay/entry/src/ohosTest/ets/test/Camera.test.ets:28:48
 This API is unavailable to tablet(earlier than API level 20).

129 WARN: ArkTS:WARN File: D:/STUDY/College/mine/olay/entry/src/ohosTest/ets/test/Camera.test.ets:28:60
 This API is unavailable to tablet(earlier than API level 20).

130 WARN: ArkTS:WARN File: D:/STUDY/College/mine/olay/entry/src/ohosTest/ets/test/Camera.test.ets:28:77
 This API is unavailable to tablet(earlier than API level 20).

131 WARN: ArkTS:WARN File: D:/STUDY/College/mine/olay/entry/src/ohosTest/ets/test/Camera.test.ets:28:87
 This API is unavailable to tablet(earlier than API level 20).

132 WARN: ArkTS:WARN File: D:/STUDY/College/mine/olay/entry/src/ohosTest/ets/test/Camera.test.ets:28:102
 This API is unavailable to tablet(earlier than API level 20).

133 WARN: ArkTS:WARN File: D:/STUDY/College/mine/olay/entry/src/ohosTest/ets/test/Camera.test.ets:28:115
 This API is unavailable to tablet(earlier than API level 20).

134 WARN: ArkTS:WARN File: D:/STUDY/College/mine/olay/entry/src/ohosTest/ets/test/Camera.test.ets:30:23
 This API is unavailable to 2in1.

135 WARN: ArkTS:WARN File: D:/STUDY/College/mine/olay/entry/src/ohosTest/ets/test/Camera.test.ets:33:22
 This API is unavailable to tablet(earlier than API level 20).

136 WARN: ArkTS:WARN File: D:/STUDY/College/mine/olay/entry/src/ohosTest/ets/test/Camera.test.ets:33:36
 This API is unavailable to tablet(earlier than API level 20).

137 WARN: ArkTS:WARN File: D:/STUDY/College/mine/olay/entry/src/ohosTest/ets/test/Camera.test.ets:33:48
 This API is unavailable to tablet(earlier than API level 20).

138 WARN: ArkTS:WARN File: D:/STUDY/College/mine/olay/entry/src/ohosTest/ets/test/Camera.test.ets:33:59
 This API is unavailable to tablet(earlier than API level 20).

139 WARN: ArkTS:WARN File: D:/STUDY/College/mine/olay/entry/src/ohosTest/ets/test/Camera.test.ets:34:23
 This API is unavailable to 2in1.

140 WARN: ArkTS:WARN File: D:/STUDY/College/mine/olay/entry/src/ohosTest/ets/test/Camera.test.ets:47:112
 This API is unavailable to 2in1.

141 WARN: ArkTS:WARN File: D:/STUDY/College/mine/olay/entry/src/ohosTest/ets/test/Camera.test.ets:59:28
 This API is unavailable to tablet(earlier than API level 20).

142 WARN: ArkTS:WARN File: D:/STUDY/College/mine/olay/entry/src/ohosTest/ets/test/Camera.test.ets:59:38
 This API is unavailable to tablet(earlier than API level 20).

143 WARN: ArkTS:WARN File: D:/STUDY/College/mine/olay/entry/src/ohosTest/ets/test/Camera.test.ets:59:51
 This API is unavailable to tablet(earlier than API level 20).

144 WARN: ArkTS:WARN File: D:/STUDY/College/mine/olay/entry/src/ohosTest/ets/test/Camera.test.ets:59:61
 This API is unavailable to tablet(earlier than API level 20).

145 WARN: ArkTS:WARN File: D:/STUDY/College/mine/olay/entry/src/ohosTest/ets/test/Camera.test.ets:60:28
 This API is unavailable to tablet(earlier than API level 20).

146 WARN: ArkTS:WARN File: D:/STUDY/College/mine/olay/entry/src/ohosTest/ets/test/Camera.test.ets:60:37
 This API is unavailable to tablet(earlier than API level 20).

147 WARN: ArkTS:WARN File: D:/STUDY/College/mine/olay/entry/src/ohosTest/ets/test/Camera.test.ets:60:51
 This API is unavailable to tablet(earlier than API level 20).

148 WARN: ArkTS:WARN File: D:/STUDY/College/mine/olay/entry/src/ohosTest/ets/test/Camera.test.ets:60:60
 This API is unavailable to tablet(earlier than API level 20).

149 WARN: ArkTS:WARN File: D:/STUDY/College/mine/olay/entry/src/ohosTest/ets/test/Camera.test.ets:61:18
 This API is unavailable to tablet(earlier than API level 20).

150 WARN: ArkTS:WARN File: D:/STUDY/College/mine/olay/entry/src/ohosTest/ets/test/Camera.test.ets:61:29
 This API is unavailable to tablet(earlier than API level 20).

151 WARN: ArkTS:WARN File: D:/STUDY/College/mine/olay/entry/src/ohosTest/ets/test/Camera.test.ets:61:40
 This API is unavailable to tablet(earlier than API level 20).

152 WARN: ArkTS:WARN File: D:/STUDY/College/mine/olay/entry/src/ohosTest/ets/test/Camera.test.ets:61:51
 This API is unavailable to tablet(earlier than API level 20).

153 WARN: ArkTS:WARN File: D:/STUDY/College/mine/olay/entry/src/ohosTest/ets/test/Camera.test.ets:70:27
 The system capacity of this api 'media' is not supported on all devices

154 WARN: ArkTS:WARN File: D:/STUDY/College/mine/olay/entry/src/ohosTest/ets/test/Camera.test.ets:71:123
 The system capacity of this api 'media' is not supported on all devices

155 WARN: ArkTS:WARN File: D:/STUDY/College/mine/olay/entry/src/ohosTest/ets/test/Camera.test.ets:85:21
 This API is unavailable to 2in1.

156 WARN: ArkTS:WARN File: D:/STUDY/College/mine/olay/entry/src/ohosTest/ets/test/Camera.test.ets:87:21
 This API is unavailable to 2in1.

157 WARN: ArkTS:WARN File: D:/STUDY/College/mine/olay/entry/src/ohosTest/ets/test/Camera.test.ets:92:21
 This API is unavailable to 2in1.

158 WARN: ArkTS:WARN File: D:/STUDY/College/mine/olay/entry/src/ohosTest/ets/test/Camera.test.ets:102:18
 This API is unavailable to tablet(earlier than API level 20).

159 WARN: ArkTS:WARN File: D:/STUDY/College/mine/olay/entry/src/ohosTest/ets/test/Camera.test.ets:102:32
 This API is unavailable to tablet(earlier than API level 20).

160 WARN: ArkTS:WARN File: D:/STUDY/College/mine/olay/entry/src/ohosTest/ets/test/Camera.test.ets:102:44
 This API is unavailable to tablet(earlier than API level 20).

161 WARN: ArkTS:WARN File: D:/STUDY/College/mine/olay/entry/src/ohosTest/ets/test/Camera.test.ets:102:55
 This API is unavailable to tablet(earlier than API level 20).

162 WARN: ArkTS:WARN File: D:/STUDY/College/mine/olay/entry/src/ohosTest/ets/test/List.test.ets:28:29
 Function may throw exceptions. Special handling is required.

163 WARN: ArkTS:WARN File: D:/STUDY/College/mine/olay/entry/src/ohosTest/ets/test/List.test.ets:29:27
 Function may throw exceptions. Special handling is required.

164 WARN: ArkTS:WARN File: D:/STUDY/College/mine/olay/entry/src/ohosTest/ets/test/List.test.ets:30:23
 Function may throw exceptions. Special handling is required.

165 WARN: ArkTS:WARN File: D:/STUDY/College/mine/olay/entry/src/ohosTest/ets/test/List.test.ets:30:53
 Function may throw exceptions. Special handling is required.

166 WARN: ArkTS:WARN File: D:/STUDY/College/mine/olay/entry/src/ohosTest/ets/test/List.test.ets:30:74
 Function may throw exceptions. Special handling is required.

167 WARN: ArkTS:WARN File: D:/STUDY/College/mine/olay/entry/src/ohosTest/ets/test/List.test.ets:31:30
 Function may throw exceptions. Special handling is required.

168 WARN: ArkTS:WARN File: D:/STUDY/College/mine/olay/entry/src/ohosTest/ets/test/List.test.ets:31:64
 Function may throw exceptions. Special handling is required.

169 WARN: ArkTS:WARN File: D:/STUDY/College/mine/olay/entry/src/ohosTest/ets/test/List.test.ets:31:96
 Function may throw exceptions. Special handling is required.

170 WARN: ArkTS:WARN File: D:/STUDY/College/mine/olay/entry/src/ohosTest/ets/test/List.test.ets:34:29
 Function may throw exceptions. Special handling is required.

171 WARN: ArkTS:WARN File: D:/STUDY/College/mine/olay/entry/src/ohosTest/ets/test/List.test.ets:35:27
 Function may throw exceptions. Special handling is required.

172 WARN: ArkTS:WARN File: D:/STUDY/College/mine/olay/entry/src/ohosTest/ets/test/List.test.ets:36:23
 Function may throw exceptions. Special handling is required.

173 WARN: ArkTS:WARN File: D:/STUDY/College/mine/olay/entry/src/ohosTest/ets/test/List.test.ets:36:53
 Function may throw exceptions. Special handling is required.

174 WARN: ArkTS:WARN File: D:/STUDY/College/mine/olay/entry/src/ohosTest/ets/test/List.test.ets:36:81
 Function may throw exceptions. Special handling is required.

175 WARN: ArkTS:WARN File: D:/STUDY/College/mine/olay/entry/src/ohosTest/ets/test/List.test.ets:36:127
 Function may throw exceptions. Special handling is required.

176 WARN: ArkTS:WARN File: D:/STUDY/College/mine/olay/entry/src/ohosTest/ets/test/List.test.ets:125:47
 This API is unavailable to tablet(earlier than API level 20).

177 WARN: ArkTS:WARN File: D:/STUDY/College/mine/olay/entry/src/ohosTest/ets/test/List.test.ets:125:61
 This API is unavailable to tablet(earlier than API level 20).

178 WARN: ArkTS:WARN File: D:/STUDY/College/mine/olay/entry/src/ohosTest/ets/test/List.test.ets:125:75
 This API is unavailable to tablet(earlier than API level 20).

179 WARN: ArkTS:WARN File: D:/STUDY/College/mine/olay/entry/src/ohosTest/ets/test/List.test.ets:125:106
 This API is unavailable to tablet(earlier than API level 20).

180 WARN: ArkTS:WARN File: D:/STUDY/College/mine/olay/entry/src/ohosTest/ets/test/List.test.ets:125:118
 This API is unavailable to tablet(earlier than API level 20).

181 WARN: ArkTS:WARN File: D:/STUDY/College/mine/olay/entry/src/ohosTest/ets/test/List.test.ets:125:150
 This API is unavailable to tablet(earlier than API level 20).

182 WARN: ArkTS:WARN File: D:/STUDY/College/mine/olay/entry/src/ohosTest/ets/test/List.test.ets:125:164
 This API is unavailable to tablet(earlier than API level 20).

183 WARN: ArkTS:WARN File: D:/STUDY/College/mine/olay/entry/src/ohosTest/ets/test/List.test.ets:125:178
 This API is unavailable to tablet(earlier than API level 20).

184 WARN: ArkTS:WARN File: D:/STUDY/College/mine/olay/entry/src/ohosTest/ets/test/List.test.ets:125:209
 This API is unavailable to tablet(earlier than API level 20).

185 WARN: ArkTS:WARN File: D:/STUDY/College/mine/olay/entry/src/ohosTest/ets/test/List.test.ets:125:221
 This API is unavailable to tablet(earlier than API level 20).

186 WARN: ArkTS:WARN File: D:/STUDY/College/mine/olay/entry/src/ohosTest/ets/test/List.test.ets:127:23
 This API is unavailable to tablet(earlier than API level 20).

187 WARN: ArkTS:WARN File: D:/STUDY/College/mine/olay/entry/src/ohosTest/ets/test/List.test.ets:127:37
 This API is unavailable to tablet(earlier than API level 20).

188 WARN: ArkTS:WARN File: D:/STUDY/College/mine/olay/entry/src/ohosTest/ets/test/List.test.ets:127:51
 This API is unavailable to tablet(earlier than API level 20).

189 WARN: ArkTS:WARN File: D:/STUDY/College/mine/olay/entry/src/ohosTest/ets/test/List.test.ets:127:65
 This API is unavailable to tablet(earlier than API level 20).

190 WARN: ArkTS:WARN File: D:/STUDY/College/mine/olay/entry/src/ohosTest/ets/test/List.test.ets:141:125
 This API is unavailable to tablet(earlier than API level 20).

191 WARN: ArkTS:WARN File: D:/STUDY/College/mine/olay/entry/src/ohosTest/ets/test/List.test.ets:141:133
 This API is unavailable to tablet(earlier than API level 20).

192 WARN: ArkTS:WARN File: D:/STUDY/College/mine/olay/entry/src/ohosTest/ets/test/List.test.ets:141:141
 This API is unavailable to tablet(earlier than API level 20).

193 WARN: ArkTS:WARN File: D:/STUDY/College/mine/olay/entry/src/ohosTest/ets/test/List.test.ets:141:166
 This API is unavailable to tablet(earlier than API level 20).

194 WARN: ArkTS:WARN File: D:/STUDY/College/mine/olay/entry/src/ohosTest/ets/test/List.test.ets:141:172
 This API is unavailable to tablet(earlier than API level 20).

195 WARN: ArkTS:WARN File: D:/STUDY/College/mine/olay/entry/src/ohosTest/ets/test/List.test.ets:141:197
 This API is unavailable to tablet(earlier than API level 20).

196 WARN: ArkTS:WARN File: D:/STUDY/College/mine/olay/entry/src/ohosTest/ets/test/List.test.ets:141:205
 This API is unavailable to tablet(earlier than API level 20).

197 WARN: ArkTS:WARN File: D:/STUDY/College/mine/olay/entry/src/ohosTest/ets/test/List.test.ets:141:213
 This API is unavailable to tablet(earlier than API level 20).

198 WARN: ArkTS:WARN File: D:/STUDY/College/mine/olay/entry/src/ohosTest/ets/test/List.test.ets:141:238
 This API is unavailable to tablet(earlier than API level 20).

199 WARN: ArkTS:WARN File: D:/STUDY/College/mine/olay/entry/src/ohosTest/ets/test/List.test.ets:141:244
 This API is unavailable to tablet(earlier than API level 20).

200 WARN: ArkTS:WARN File: D:/STUDY/College/mine/olay/entry/src/ohosTest/ets/test/List.test.ets:157:132
 This API is unavailable to tablet(earlier than API level 20).

201 WARN: ArkTS:WARN File: D:/STUDY/College/mine/olay/entry/src/ohosTest/ets/test/List.test.ets:157:140
 This API is unavailable to tablet(earlier than API level 20).

202 WARN: ArkTS:WARN File: D:/STUDY/College/mine/olay/entry/src/ohosTest/ets/test/List.test.ets:157:148
 This API is unavailable to tablet(earlier than API level 20).

203 WARN: ArkTS:WARN File: D:/STUDY/College/mine/olay/entry/src/ohosTest/ets/test/List.test.ets:157:195
 This API is unavailable to tablet(earlier than API level 20).

204 WARN: ArkTS:WARN File: D:/STUDY/College/mine/olay/entry/src/ohosTest/ets/test/List.test.ets:157:202
 This API is unavailable to tablet(earlier than API level 20).

205 WARN: ArkTS:WARN File: D:/STUDY/College/mine/olay/entry/src/ohosTest/ets/test/List.test.ets:157:211
 This API is unavailable to tablet(earlier than API level 20).

206 WARN: ArkTS:WARN File: D:/STUDY/College/mine/olay/entry/src/ohosTest/ets/test/List.test.ets:162:20
 This API is unavailable to tablet(earlier than API level 20).

207 WARN: ArkTS:WARN File: D:/STUDY/College/mine/olay/entry/src/ohosTest/ets/test/List.test.ets:162:33
 This API is unavailable to tablet(earlier than API level 20).

208 WARN: ArkTS:WARN File: D:/STUDY/College/mine/olay/entry/src/ohosTest/ets/test/List.test.ets:162:45
 This API is unavailable to tablet(earlier than API level 20).

209 WARN: ArkTS:WARN File: D:/STUDY/College/mine/olay/entry/src/ohosTest/ets/test/List.test.ets:162:59
 This API is unavailable to tablet(earlier than API level 20).

210 WARN: ArkTS:WARN File: D:/STUDY/College/mine/olay/entry/src/ohosTest/ets/test/List.test.ets:162:72
 This API is unavailable to tablet(earlier than API level 20).

211 WARN: ArkTS:WARN File: D:/STUDY/College/mine/olay/entry/src/ohosTest/ets/test/List.test.ets:162:84
 This API is unavailable to tablet(earlier than API level 20).

212 WARN: ArkTS:WARN File: D:/STUDY/College/mine/olay/entry/src/ohosTest/ets/test/List.test.ets:162:95
 This API is unavailable to tablet(earlier than API level 20).

213 WARN: ArkTS:WARN File: D:/STUDY/College/mine/olay/entry/src/ohosTest/ets/test/List.test.ets:162:110
 This API is unavailable to tablet(earlier than API level 20).

214 WARN: ArkTS:WARN File: D:/STUDY/College/mine/olay/entry/src/ohosTest/ets/pages/GsProbe.ets:28:16
 Function may throw exceptions. Special handling is required.

215 WARN: ArkTS:WARN File: D:/STUDY/College/mine/olay/entry/src/ohosTest/ets/pages/GsProbe.ets:29:12
 Function may throw exceptions. Special handling is required.

216 WARN: ArkTS:WARN File: D:/STUDY/College/mine/olay/entry/src/ohosTest/ets/pages/GsProbe.ets:29:68
 Function may throw exceptions. Special handling is required.

> hvigor ERROR: ArkTS Compiler Error
1 ERROR: 10505001 ArkTS Compiler Error
Error Message: Property 'loadPlugin' does not exist on type 'Scene'. At File: D:/STUDY/College/mine/olay/entry/src/ohosTest/ets/pages/GsProbe.ets:46:44


COMPILE RESULT:FAIL {ERROR:2 WARN:216}

* Try:
> Run with --stacktrace option to get the stack trace.
> Run with --debug option to get more log output.

[31m
FAILURE: Build completed with 1 failure.[31m[39m
[31m
1: Task failed with an exception.
-----------
* What went wrong:
Execution failed for task 'ohosTest@OhosTestCompileArkTS'.
  > Compilation error. See log for more details

[31m* Try:
> Run with --stacktrace option to get the stack trace.
> Run with --debug option to get more log output.
[31m[39m
[31m================================================================================[31m[39m
> hvigor ERROR: BUILD FAILED in 11 s 542 ms 

25 tasks in total: 19 executed, 6 up-to-date
