
OHOS_REPORT_SUM: 1
OHOS_REPORT_STATUS: class=SELFNativeSpatialProbe


OHOS_REPORT_STATUS: class=SELFNativeSpatialProbe
OHOS_REPORT_STATUS: current=1
OHOS_REPORT_STATUS: id=JS
OHOS_REPORT_STATUS: numtests=1
OHOS_REPORT_STATUS: stream=
OHOS_REPORT_STATUS: test=recordsActualCommercialGsAvailabilityWithoutCallingItReconstruction
OHOS_REPORT_STATUS_CODE: 1


OHOS_REPORT_STATUS: class=SELFNativeSpatialProbe
OHOS_REPORT_STATUS: current=1
OHOS_REPORT_STATUS: id=JS
OHOS_REPORT_STATUS: numtests=1
OHOS_REPORT_STATUS: stack=    at anonymous entry (entry/src/ohosTest/ets/test/SpatialRecon.test.ets:12:35)
OHOS_REPORT_STATUS: stream=Error in recordsActualCommercialGsAvailabilityWithoutCallingItReconstruction, Cannot read property waitForComponent of null
OHOS_REPORT_STATUS: test=recordsActualCommercialGsAvailabilityWithoutCallingItReconstruction
OHOS_REPORT_STATUS_CODE: -1
OHOS_REPORT_STATUS: consuming=2659


OHOS_REPORT_STATUS: class=SELFNativeSpatialProbe
OHOS_REPORT_STATUS: suiteconsuming=2659


OHOS_REPORT_RESULT: stream=Tests run: 1, Failure: 0, Error: 1, Pass: 0, Ignore: 0
OHOS_REPORT_CODE: 0
OHOS_REPORT_STATUS: taskconsuming=2659

TestFinished-ResultCode: 0
TestFinished-ResultMsg: your test finished!!!
user test finished.
