start ability successfully.

OHOS_REPORT_SUM: 6
OHOS_REPORT_STATUS: class=SELFNativeCameraPipeline


OHOS_REPORT_STATUS: class=SELFNativeCameraPipeline
OHOS_REPORT_STATUS: current=1
OHOS_REPORT_STATUS: id=JS
OHOS_REPORT_STATUS: numtests=6
OHOS_REPORT_STATUS: stream=
OHOS_REPORT_STATUS: test=rendersGuideArtworkWithoutCameraPixels
OHOS_REPORT_STATUS_CODE: 1


OHOS_REPORT_STATUS: class=SELFNativeCameraPipeline
OHOS_REPORT_STATUS: current=1
OHOS_REPORT_STATUS: id=JS
OHOS_REPORT_STATUS: numtests=6
OHOS_REPORT_STATUS: stack=    at guidePreview entry (entry/src/ohosTest/ets/test/CameraPipeline.test.ets:11:31)
    at anonymous (obj/foundation/arkui/ace_engine/frameworks/bridge/declarative_frontend/jsUIContext_ohos.js:161:1)
    at withInstanceId (obj/foundation/arkui/ace_engine/frameworks/bridge/declarative_frontend/jsUIContext_ohos.js:1991:1)
    at createFromBuilder (obj/foundation/arkui/ace_engine/frameworks/bridge/declarative_frontend/jsUIContext_ohos.js:159:1)
    at anonymous entry (entry/src/ohosTest/ets/test/CameraPipeline.test.ets:24:70)
OHOS_REPORT_STATUS: stream=Error in rendersGuideArtworkWithoutCameraPixels, Cannot read property observeComponentCreation2 of undefined
OHOS_REPORT_STATUS: test=rendersGuideArtworkWithoutCameraPixels
OHOS_REPORT_STATUS_CODE: -1
OHOS_REPORT_STATUS: consuming=15


OHOS_REPORT_STATUS: class=SELFNativeCameraPipeline
OHOS_REPORT_STATUS: current=2
OHOS_REPORT_STATUS: id=JS
OHOS_REPORT_STATUS: numtests=6
OHOS_REPORT_STATUS: stream=
OHOS_REPORT_STATUS: test=realNativeFaceDetectionAndSoftwareMp4
OHOS_REPORT_STATUS_CODE: 1


OHOS_REPORT_STATUS: class=SELFNativeCameraPipeline
OHOS_REPORT_STATUS: current=2
OHOS_REPORT_STATUS: id=JS
OHOS_REPORT_STATUS: numtests=6
OHOS_REPORT_STATUS: stream=
OHOS_REPORT_STATUS: test=realNativeFaceDetectionAndSoftwareMp4
OHOS_REPORT_STATUS_CODE: 0
OHOS_REPORT_STATUS: consuming=171


OHOS_REPORT_STATUS: class=SELFNativeCameraPipeline
OHOS_REPORT_STATUS: current=3
OHOS_REPORT_STATUS: id=JS
OHOS_REPORT_STATUS: numtests=6
OHOS_REPORT_STATUS: stream=
OHOS_REPORT_STATUS: test=anchorAcquisitionLossAndMultipleFaces
OHOS_REPORT_STATUS_CODE: 1


OHOS_REPORT_STATUS: class=SELFNativeCameraPipeline
OHOS_REPORT_STATUS: current=3
OHOS_REPORT_STATUS: id=JS
OHOS_REPORT_STATUS: numtests=6
OHOS_REPORT_STATUS: stream=
OHOS_REPORT_STATUS: test=anchorAcquisitionLossAndMultipleFaces
OHOS_REPORT_STATUS_CODE: 0
OHOS_REPORT_STATUS: consuming=17


OHOS_REPORT_STATUS: class=SELFNativeCameraPipeline
OHOS_REPORT_STATUS: current=4
OHOS_REPORT_STATUS: id=JS
OHOS_REPORT_STATUS: numtests=6
OHOS_REPORT_STATUS: stream=
OHOS_REPORT_STATUS: test=motionHintDoesNotExpireWithTimeOrLandmarkJitter
OHOS_REPORT_STATUS_CODE: 1


OHOS_REPORT_STATUS: class=SELFNativeCameraPipeline
OHOS_REPORT_STATUS: current=4
OHOS_REPORT_STATUS: id=JS
OHOS_REPORT_STATUS: numtests=6
OHOS_REPORT_STATUS: stream=
OHOS_REPORT_STATUS: test=motionHintDoesNotExpireWithTimeOrLandmarkJitter
OHOS_REPORT_STATUS_CODE: 0
OHOS_REPORT_STATUS: consuming=10


OHOS_REPORT_STATUS: class=SELFNativeCameraPipeline
OHOS_REPORT_STATUS: current=5
OHOS_REPORT_STATUS: id=JS
OHOS_REPORT_STATUS: numtests=6
OHOS_REPORT_STATUS: stream=
OHOS_REPORT_STATUS: test=sustainedRelativeMotionLocksAndLossReacquires
OHOS_REPORT_STATUS_CODE: 1


OHOS_REPORT_STATUS: class=SELFNativeCameraPipeline
OHOS_REPORT_STATUS: current=5
OHOS_REPORT_STATUS: id=JS
OHOS_REPORT_STATUS: numtests=6
OHOS_REPORT_STATUS: stream=
OHOS_REPORT_STATUS: test=sustainedRelativeMotionLocksAndLossReacquires
OHOS_REPORT_STATUS_CODE: 0
OHOS_REPORT_STATUS: consuming=1


OHOS_REPORT_STATUS: class=SELFNativeCameraPipeline
OHOS_REPORT_STATUS: current=6
OHOS_REPORT_STATUS: id=JS
OHOS_REPORT_STATUS: numtests=6
OHOS_REPORT_STATUS: stream=
OHOS_REPORT_STATUS: test=nodScaleAndOneFalseMotionCannotDismissGuidance
OHOS_REPORT_STATUS_CODE: 1


OHOS_REPORT_STATUS: class=SELFNativeCameraPipeline
OHOS_REPORT_STATUS: current=6
OHOS_REPORT_STATUS: id=JS
OHOS_REPORT_STATUS: numtests=6
OHOS_REPORT_STATUS: stream=
OHOS_REPORT_STATUS: test=nodScaleAndOneFalseMotionCannotDismissGuidance
OHOS_REPORT_STATUS_CODE: 0
OHOS_REPORT_STATUS: consuming=2


OHOS_REPORT_STATUS: class=SELFNativeCameraPipeline
OHOS_REPORT_STATUS: suiteconsuming=216


OHOS_REPORT_RESULT: stream=Tests run: 6, Failure: 0, Error: 1, Pass: 5, Ignore: 0
OHOS_REPORT_CODE: 0
OHOS_REPORT_STATUS: taskconsuming=216

TestFinished-ResultCode: 0
TestFinished-ResultMsg: your test finished!!!
user test finished.
