> hvigor WARN: The version number of the 'entry' module does not comply with the SemVer specification.
               This will affect the installation and publication by ohpm.
               Make sure the value of version in the oh-package.json5 file of the module complies with the SemVer specification.
> hvigor [32mFinished :entry:ohosTest@PreBuild... after 124 ms [39m
> hvigor [32mFinished :entry:ohosTest@CreateModuleInfo... after 1 ms [39m
> hvigor [32mFinished :entry:ohosTest@GenerateMetadata... after 3 ms [39m
> hvigor [32mFinished :entry:ohosTest@ConfigureCmake... after 1 ms [39m
> hvigor [32mFinished :entry:ohosTest@MergeProfile... after 5 ms [39m
> hvigor [32mUP-TO-DATE :entry:ohosTest@CreateBuildProfile...  [39m
> hvigor [32mFinished :entry:ohosTest@PreCheckSyscap... after 1 ms [39m
> hvigor [32mFinished :entry:ohosTest@GeneratePkgContextInfo... after 11 ms [39m
> hvigor [32mFinished :entry:ohosTest@GeneratePkgSdkInfo... after 5 ms [39m
> hvigor [32mFinished :entry:ohosTest@ProcessIntegratedHsp... after 1 ms [39m
> hvigor [32mFinished :entry:ohosTest@BuildNativeWithCmake... after 1 ms [39m
> hvigor [32mFinished :entry:ohosTest@MakePackInfo... after 3 ms [39m
> hvigor [32mFinished :entry:ohosTest@SyscapTransform... after 12 ms [39m
> hvigor [32mFinished :entry:ohosTest@ProcessProfile... after 137 ms [39m
> hvigor [32mFinished :entry:ohosTest@ProcessRouterMap... after 5 ms [39m
> hvigor [32mFinished :entry:ohosTest@ProcessShareConfig... after 3 ms [39m
> hvigor [32mFinished :entry:ohosTest@ProcessStartupConfig... after 3 ms [39m
> hvigor [32mFinished :entry:ohosTest@BuildNativeWithNinja... after 1 ms [39m
> hvigor [32mFinished :entry:ohosTest@ProcessResource... after 8 ms [39m
> hvigor [32mFinished :entry:ohosTest@GenerateLoaderJson... after 21 ms [39m
> hvigor [32mUP-TO-DATE :entry:ohosTest@ProcessLibs...  [39m
> hvigor [32mFinished :entry:ohosTest@CompileResource... after 290 ms [39m
> hvigor [32mUP-TO-DATE :entry:ohosTest@DoNativeStrip...  [39m
> hvigor [32mFinished :entry:ohosTest@OhosTestBuildJS... after 5 ms [39m
> hvigor [32mUP-TO-DATE :entry:ohosTest@CacheNativeLibs...  [39m
> hvigor WARN: WARN: ArkTS:WARN File: D:/STUDY/College/mine/olay/entry/src/ohosTest/ets/testability/GuideTestAbility.ets:5:59
 Function may throw exceptions. Special handling is required.


> hvigor [32mFinished :entry:ohosTest@OhosTestCompileArkTS... after 4 s 785 ms [39m
> hvigor [32mFinished :entry:ohosTest@OhosTestCopyMockConfigJson... after 1 ms [39m
> hvigor [32mFinished :entry:ohosTest@GeneratePkgModuleJson... after 3 ms [39m
> hvigor [32mFinished :entry:ohosTest@ProcessCompiledResources... after 1 ms [39m
> hvigor [32mFinished :entry:ohosTest@PackageHap... after 538 ms [39m
> hvigor [32mFinished :entry:ohosTest@PackingCheck... after 7 ms [39m
> hvigor WARN: No signingConfig found for product default
> hvigor [32mFinished :entry:ohosTest@SignHap... after 2 ms [39m
> hvigor [32mFinished :entry:ohosTest@CollectDebugSymbol... after 2 ms [39m
> hvigor [32mFinished :entry:assembleHap... after 1 ms [39m
> hvigor [32mBUILD SUCCESSFUL in 14 s 223 ms [39m

34 tasks in total: 30 executed, 4 up-to-date
