09-21 22:29:59.957  1501  1501 I A01b01/HOME: PageDesktopViewModel --> newApp: {"appName":"SELF","bundleName":"com.self.mirror","appIconId":16777217,"abilityName":"EntryAbility","downloadProgress":0,"appStatus":0,"appIndex":0,"intent":"","enableNewAppInstance":false,"appDistributionType":"none","isAppLocked":false,"appInstanceKey":"","isSystemApp":false,"isUninstallAble":true,"applicationIconId":16777217,"appLabelId":16777216,"applicationLabelId":16777216,"codePath":"/data/app/el1/bundle/public/com.self.mirror","kindId":-1,"moduleName":"entry","shortcutId":"","installTime":"Mon Sep 21 2026 22:29:59 GMT+0800","areaType":2,"bundleType":0,"keyName":"com.self.mirrorEntryAbilityentry0","applicationName":"SELF"}
09-21 22:29:59.985  1501  1501 I A01b01/HOME: RdbStoreManager --> updateGridInfoNameFromIconCache appName is SELF bundleName:com.self.mirror moduleName:entry abilityName:EntryAbility appIndex:0 layoutInfo.appName:SELF layoutInfo.appLabelId:16777216)
09-21 22:29:59.997  1501  4302 W A01b01/HOME: taskPool --> insertGridLayoutInfo com.self.mirror0 0 8 infoName:SELF location:-100_1_0_0 
09-21 22:30:00.000  1501  1501 W A01b01/HOME: DesktopItem --> build item typeId[0],iconId[16777217],cardId[undefined],folderId[undefined],formStackId[undefined],rowColumn[0,0], page[1],area[1, 1],iconResource[undefined],moduleName[entry],abilityName[EntryAbility],appName[SELF], isFolderChange:false, isOuterDesktop:false
09-21 22:30:00.025  1501  1501 I A01c06/ICON: AppName --> appNameLoadCallback, moduleName: entry, labelId: 16777216, name: SELF
09-21 22:30:14.921  4371  4371 I A03d00/JSAPP: SELF_EVENT {"schemaVersion":1,"sessionId":"","assetId":"","assetVersion":"","requestId":"","revision":0,"type":"READY","payload":{"webgl2":true,"arrayBuffer":true,"three":"0.186.0"}}
09-21 22:30:14.922  4371  4371 I A03d00/JSAPP: SELF_EVENT {"schemaVersion":1,"sessionId":"session-1790001013771","assetId":"sample-lee","assetVersion":"lee-r186-self2","requestId":"","revision":0,"type":"INITIALIZED","payload":{}}
09-21 22:30:14.968  4371  4371 I A03d00/JSAPP: SELF_EVENT {"schemaVersion":1,"sessionId":"session-1790001013771","assetId":"sample-lee","assetVersion":"lee-r186-self2","requestId":"","revision":0,"type":"ASSET_REGISTERED","payload":{"width":1024,"height":1024}}
09-21 22:30:14.969  4371  4371 I A03d00/JSAPP: SELF_EVENT {"schemaVersion":1,"sessionId":"session-1790001013771","assetId":"sample-lee","assetVersion":"lee-r186-self2","requestId":"","revision":0,"type":"TRANSFER_ACCEPTED","payload":{"transferId":"bytes-1790001014923-24140"}}
09-21 22:30:14.969  4371  4371 I A03d00/JSAPP: SELF_EVENT {"schemaVersion":1,"sessionId":"session-1790001013771","assetId":"sample-lee","assetVersion":"lee-r186-self2","requestId":"","revision":0,"type":"TRANSFER_ACCEPTED","payload":{"transferId":"bytes-1790001014928-49175"}}
09-21 22:30:14.969  4371  4371 I A03d00/JSAPP: SELF_EVENT {"schemaVersion":1,"sessionId":"session-1790001013771","assetId":"sample-lee","assetVersion":"lee-r186-self2","requestId":"","revision":0,"type":"TRANSFER_ACCEPTED","payload":{"transferId":"bytes-1790001014936-90923"}}
09-21 22:30:14.970  4371  4371 I A03d00/JSAPP: SELF_EVENT {"schemaVersion":1,"sessionId":"session-1790001013771","assetId":"sample-lee","assetVersion":"lee-r186-self2","requestId":"","revision":0,"type":"TRANSFER_ACCEPTED","payload":{"transferId":"bytes-1790001014944-3621"}}
09-21 22:30:14.970  4371  4371 I A03d00/JSAPP: SELF_EVENT {"schemaVersion":1,"sessionId":"session-1790001013771","assetId":"sample-lee","assetVersion":"lee-r186-self2","requestId":"","revision":0,"type":"ECHO_RESULT","payload":{"text":"中文 \"引号\" \u0000 结束"}}
09-21 22:30:14.973  4371  4371 I A03d00/JSAPP: SELF_BINARY_ROUNDTRIP true
09-21 22:30:14.973  4371  4371 I A03d00/JSAPP: SELF_EVENT {"schemaVersion":1,"sessionId":"session-1790001013771","assetId":"sample-lee","assetVersion":"lee-r186-self2","requestId":"","revision":0,"type":"TRANSFER_ACCEPTED","payload":{"transferId":"bytes-1790001014953-16017"}}
09-21 22:32:18.904  4371  4371 I A03d00/JSAPP: SELF_EVENT {"schemaVersion":1,"sessionId":"session-1790001013771","assetId":"sample-lee","assetVersion":"lee-r186-self2","requestId":"plan-1790001138794","revision":1,"type":"RENDER_SUCCEEDED","payload":{}}
09-21 22:33:57.225  4371  4371 I A03d00/JSAPP: SELF_EXPORT_SAVED 328072
09-21 22:35:39.883  4371  4371 I A03d00/JSAPP: SELF_EVENT {"schemaVersion":1,"sessionId":"session-1790001013771","assetId":"sample-lee","assetVersion":"lee-r186-self2","requestId":"","revision":1,"type":"RENDER_FAILED","payload":{"message":"圈线不能自交或重叠"}}
09-21 22:38:02.161  1501  1501 I A01c06/ICON: AppName --> observerCallback appName: SELF, LayoutId: AppName_text_com.self.mirror_SELF_mubcdn4jbmta42hdike, nameOpacity: 1
09-21 22:38:02.365  1501  1501 I A01c06/ICON: AppName --> updateShadowColor, SELF color:#00050505
09-21 22:38:02.367  1501  1501 I A01c06/ICON: AppName --> updateShadowColor, SELF color:#00050505
09-21 22:38:02.562  1501  1501 I A01b01/HOME: ResourceManager --> getAppNameSync resMgrName: SELF bundleName:com.self.mirror, labelId:16777216
09-21 22:38:02.563  1501  1501 I A01b00/SCB: LauncherAbilityManager --> getLauncherAbility updateAppNameSync:SELF
09-21 22:38:02.563  1501  1501 I A01b00/SCB: LauncherAbilityManager --> getLauncherAbility appName:SELF bundleName:com.self.mirror
09-21 22:38:02.564  1501  1501 I A01b01/HOME: AppModel --> launcher abilityInfos: [{"appName":"SELF","bundleName":"com.self.mirror","appIconId":16777217,"abilityName":"EntryAbility","downloadProgress":0,"appStatus":0,"appIndex":0,"intent":"","enableNewAppInstance":false,"appDistributionType":"none","isAppLocked":false,"appInstanceKey":"","isSystemApp":false,"isUninstallAble":true,"applicationIconId":16777217,"appLabelId":16777216,"applicationLabelId":16777216,"codePath":"/data/app/el1/bundle/public/com.self.mirror","kindId":-1,"moduleName":"entry","shortcutId":"","installTime":"Mon Sep 21 2026 22:29:59 GMT+0800","areaType":2,"bundleType":0,"keyName":"com.self.mirrorEntryAbilityentry0"}]
09-21 22:38:02.605  1501  1501 I A01b01/HOME: AppModel --> installationSubscriberCallBack, setNameResourceCache, appName: SELF
09-21 22:38:02.648  1501  1501 I A01b01/HOME: LaunchLayoutCacheManager --> getAllSameBundleNameAppItem bundleName: com.self.mirror, result: [{"bundleName":"com.self.mirror","oldBundleNames":[],"abilityName":"EntryAbility","isSelect":false,"isTransparent":false,"downloadProgress":0,"appStatus":0,"shortcutId":"","appIndex":0,"intent":"","size":0,"ctime":0,"mtime":0,"themeId":"","themeFormId":"","isAppLocked":false,"typeId":0,"moduleName":"entry","keyName":"com.self.mirrorEntryAbilityentry0","badgeNumber":0,"area":[1,1],"appName":"SELF","appIconId":16777217,"appLabelId":16777216,"kindId":-1,"bundleType":0,"applicationName":"SELF","installTime":"Mon Sep 21 2026 22:29:59 GMT+0800","page":1,"column":0,"row":0,"isUninstallAble":true,"isSystemApp":false,"applicationIconId":16777217,"applicationLabelId":16777216,"enableNewAppInstance":false,"infoId":"0c42f491-ef1b-40d4-a2fd-7f18d063d059","infoName":"SELF","areaType":0,"x":0}]
09-21 22:38:02.648  1501  1501 I A01b01/HOME: PageDesktopViewModel --> newApp: {"appName":"SELF","bundleName":"com.self.mirror","appIconId":16777217,"abilityName":"EntryAbility","downloadProgress":0,"appStatus":0,"appIndex":0,"intent":"","enableNewAppInstance":false,"appDistributionType":"none","isAppLocked":false,"appInstanceKey":"","isSystemApp":false,"isUninstallAble":true,"applicationIconId":16777217,"appLabelId":16777216,"applicationLabelId":16777216,"codePath":"/data/app/el1/bundle/public/com.self.mirror","kindId":-1,"moduleName":"entry","shortcutId":"","installTime":"Mon Sep 21 2026 22:29:59 GMT+0800","areaType":2,"bundleType":0,"keyName":"com.self.mirrorEntryAbilityentry0","applicationName":"SELF"}
09-21 22:38:02.668  1501  1501 I A01c06/ICON: AppName --> updateShadowColor, SELF color:#00050505
09-21 22:38:02.801  1501  1501 I A01a01/NC: SysUI_NtfListVm --> Update config for 20020051, label: SELF.
09-21 22:38:05.062 11307 11307 I A03d00/JSAPP: SELF_EVENT {"schemaVersion":1,"sessionId":"","assetId":"","assetVersion":"","requestId":"","revision":0,"type":"READY","payload":{"webgl2":true,"arrayBuffer":true,"three":"0.186.0"}}
09-21 22:38:05.064 11307 11307 I A03d00/JSAPP: SELF_EVENT {"schemaVersion":1,"sessionId":"session-1790001483551","assetId":"sample-lee","assetVersion":"lee-r186-self2","requestId":"","revision":0,"type":"INITIALIZED","payload":{}}
09-21 22:38:05.243 11307 11307 I A03d00/JSAPP: SELF_EVENT {"schemaVersion":1,"sessionId":"session-1790001483551","assetId":"sample-lee","assetVersion":"lee-r186-self2","requestId":"","revision":0,"type":"ASSET_REGISTERED","payload":{"width":1024,"height":1024}}
09-21 22:38:05.252 11307 11307 I A03d00/JSAPP: SELF_EVENT {"schemaVersion":1,"sessionId":"session-1790001483551","assetId":"sample-lee","assetVersion":"lee-r186-self2","requestId":"","revision":0,"type":"TRANSFER_ACCEPTED","payload":{"transferId":"bytes-1790001485069-62940"}}
09-21 22:38:05.252 11307 11307 I A03d00/JSAPP: SELF_EVENT {"schemaVersion":1,"sessionId":"session-1790001483551","assetId":"sample-lee","assetVersion":"lee-r186-self2","requestId":"","revision":0,"type":"TRANSFER_ACCEPTED","payload":{"transferId":"bytes-1790001485097-26038"}}
09-21 22:38:05.315 11307 11307 I A03d00/JSAPP: SELF_EVENT {"schemaVersion":1,"sessionId":"session-1790001483551","assetId":"sample-lee","assetVersion":"lee-r186-self2","requestId":"","revision":0,"type":"TRANSFER_ACCEPTED","payload":{"transferId":"bytes-1790001485135-27164"}}
09-21 22:38:05.316 11307 11307 I A03d00/JSAPP: SELF_EVENT {"schemaVersion":1,"sessionId":"session-1790001483551","assetId":"sample-lee","assetVersion":"lee-r186-self2","requestId":"","revision":0,"type":"TRANSFER_ACCEPTED","payload":{"transferId":"bytes-1790001485181-20843"}}
09-21 22:38:05.318 11307 11307 I A03d00/JSAPP: SELF_EVENT {"schemaVersion":1,"sessionId":"session-1790001483551","assetId":"sample-lee","assetVersion":"lee-r186-self2","requestId":"","revision":0,"type":"ECHO_RESULT","payload":{"text":"中文 \"引号\" \u0000 结束"}}
09-21 22:38:05.324 11307 11307 I A03d00/JSAPP: SELF_BINARY_ROUNDTRIP true
09-21 22:38:05.325 11307 11307 I A03d00/JSAPP: SELF_EVENT {"schemaVersion":1,"sessionId":"session-1790001483551","assetId":"sample-lee","assetVersion":"lee-r186-self2","requestId":"","revision":0,"type":"TRANSFER_ACCEPTED","payload":{"transferId":"bytes-1790001485240-67857"}}
