start ability successfully.

OHOS_REPORT_SUM: 1
OHOS_REPORT_STATUS: class=SELFNativeProductUI


OHOS_REPORT_STATUS: class=SELFNativeProductUI
OHOS_REPORT_STATUS: current=1
OHOS_REPORT_STATUS: id=JS
OHOS_REPORT_STATUS: numtests=1
OHOS_REPORT_STATUS: stream=
OHOS_REPORT_STATUS: test=productLidRotationFactsAndClosingPreserveFaceSurface
OHOS_REPORT_STATUS_CODE: 1


OHOS_REPORT_STATUS: class=SELFNativeProductUI
OHOS_REPORT_STATUS: current=1
OHOS_REPORT_STATUS: id=JS
OHOS_REPORT_STATUS: numtests=1
OHOS_REPORT_STATUS: stream=
OHOS_REPORT_STATUS: test=productLidRotationFactsAndClosingPreserveFaceSurface
OHOS_REPORT_STATUS_CODE: 0
OHOS_REPORT_STATUS: consuming=36266


OHOS_REPORT_STATUS: class=SELFNativeProductUI
OHOS_REPORT_STATUS: suiteconsuming=36266


OHOS_REPORT_RESULT: stream=Tests run: 1, Failure: 0, Error: 0, Pass: 1, Ignore: 0
OHOS_REPORT_CODE: 0
OHOS_REPORT_STATUS: taskconsuming=36266

TestFinished-ResultCode: 0
TestFinished-ResultMsg: your test finished!!!
user test finished.
