> hvigor [32mUP-TO-DATE :entry:ohosTest@PreBuild...  [39m
> hvigor [32mFinished :entry:ohosTest@CreateModuleInfo... after 1 ms [39m
> hvigor [32mUP-TO-DATE :entry:ohosTest@GenerateMetadata...  [39m
> hvigor [32mFinished :entry:ohosTest@ConfigureCmake... after 1 ms [39m
> hvigor [32mUP-TO-DATE :entry:ohosTest@MergeProfile...  [39m
> hvigor [32mUP-TO-DATE :entry:ohosTest@CreateBuildProfile...  [39m
> hvigor [32mFinished :entry:ohosTest@PreCheckSyscap... after 1 ms [39m
> hvigor [32mUP-TO-DATE :entry:ohosTest@GenerateOhosTestTemplate...  [39m
> hvigor [32mUP-TO-DATE :entry:ohosTest@GeneratePkgContextInfo...  [39m
> hvigor [32mFinished :entry:ohosTest@GeneratePkgSdkInfo... after 3 ms [39m
> hvigor [32mFinished :entry:ohosTest@ProcessIntegratedHsp... after 1 ms [39m
> hvigor [32mFinished :entry:ohosTest@BuildNativeWithCmake... after 1 ms [39m
> hvigor [32mUP-TO-DATE :entry:ohosTest@MakePackInfo...  [39m
> hvigor [32mFinished :entry:ohosTest@SyscapTransform... after 6 ms [39m
> hvigor [32mUP-TO-DATE :entry:ohosTest@ProcessProfile...  [39m
> hvigor [32mUP-TO-DATE :entry:ohosTest@ProcessRouterMap...  [39m
> hvigor [32mUP-TO-DATE :entry:ohosTest@ProcessShareConfig...  [39m
> hvigor [32mFinished :entry:ohosTest@ProcessStartupConfig... after 2 ms [39m
> hvigor [32mFinished :entry:ohosTest@BuildNativeWithNinja... after 1 ms [39m
> hvigor [32mUP-TO-DATE :entry:ohosTest@ProcessResource...  [39m
> hvigor [32mUP-TO-DATE :entry:ohosTest@GenerateLoaderJson...  [39m
> hvigor [32mUP-TO-DATE :entry:ohosTest@ProcessLibs...  [39m
> hvigor [32mUP-TO-DATE :entry:ohosTest@CompileResource...  [39m
> hvigor [32mUP-TO-DATE :entry:ohosTest@DoNativeStrip...  [39m
> hvigor [32mFinished :entry:ohosTest@OhosTestBuildJS... after 5 ms [39m
> hvigor [32mUP-TO-DATE :entry:ohosTest@CacheNativeLibs...  [39m
> hvigor WARN: WARN: ArkTS:WARN File: D:/STUDY/College/mine/olay/entry/src/main/ets/services/AssetStore.ets:23:75
 Function may throw exceptions. Special handling is required.

WARN: ArkTS:WARN File: D:/STUDY/College/mine/olay/entry/src/main/ets/services/AssetStore.ets:27:16
 Function may throw exceptions. Special handling is required.

WARN: ArkTS:WARN File: D:/STUDY/College/mine/olay/entry/src/main/ets/services/AssetStore.ets:28:25
 Function may throw exceptions. Special handling is required.

WARN: ArkTS:WARN File: D:/STUDY/College/mine/olay/entry/src/main/ets/services/AssetStore.ets:30:84
 Function may throw exceptions. Special handling is required.

WARN: ArkTS:WARN File: D:/STUDY/College/mine/olay/entry/src/main/ets/services/AssetStore.ets:32:17
 Function may throw exceptions. Special handling is required.

WARN: ArkTS:WARN File: D:/STUDY/College/mine/olay/entry/src/main/ets/services/AssetStore.ets:36:39
 Function may throw exceptions. Special handling is required.

WARN: ArkTS:WARN File: D:/STUDY/College/mine/olay/entry/src/main/ets/services/AssetStore.ets:38:21
 Function may throw exceptions. Special handling is required.

WARN: ArkTS:WARN File: D:/STUDY/College/mine/olay/entry/src/main/ets/services/AssetStore.ets:38:40
 Function may throw exceptions. Special handling is required.

WARN: ArkTS:WARN File: D:/STUDY/College/mine/olay/entry/src/main/ets/services/AssetStore.ets:38:60
 Function may throw exceptions. Special handling is required.

WARN: ArkTS:WARN File: D:/STUDY/College/mine/olay/entry/src/main/ets/services/AssetStore.ets:39:8
 Function may throw exceptions. Special handling is required.

WARN: ArkTS:WARN File: D:/STUDY/College/mine/olay/entry/src/main/ets/services/AssetStore.ets:39:24
 Function may throw exceptions. Special handling is required.

WARN: ArkTS:WARN File: D:/STUDY/College/mine/olay/entry/src/main/ets/services/AssetStore.ets:47:84
 Function may throw exceptions. Special handling is required.

WARN: ArkTS:WARN File: D:/STUDY/College/mine/olay/entry/src/main/ets/services/AssetStore.ets:49:21
 Function may throw exceptions. Special handling is required.

WARN: ArkTS:WARN File: D:/STUDY/College/mine/olay/entry/src/main/ets/services/AssetStore.ets:50:12
 Function may throw exceptions. Special handling is required.

WARN: ArkTS:WARN File: D:/STUDY/College/mine/olay/entry/src/main/ets/services/AssetStore.ets:50:53
 Function may throw exceptions. Special handling is required.

WARN: ArkTS:WARN File: D:/STUDY/College/mine/olay/entry/src/main/ets/services/AssetStore.ets:56:25
 Function may throw exceptions. Special handling is required.

WARN: ArkTS:WARN File: D:/STUDY/College/mine/olay/entry/src/main/ets/services/AssetStore.ets:56:45
 Function may throw exceptions. Special handling is required.

WARN: ArkTS:WARN File: D:/STUDY/College/mine/olay/entry/src/main/ets/services/AssetStore.ets:58:117
 Function may throw exceptions. Special handling is required.

WARN: ArkTS:WARN File: D:/STUDY/College/mine/olay/entry/src/main/ets/services/AssetStore.ets:58:137
 Function may throw exceptions. Special handling is required.

WARN: ArkTS:WARN File: D:/STUDY/College/mine/olay/entry/src/main/ets/services/WorkspaceStore.ets:18:24
 Function may throw exceptions. Special handling is required.

WARN: ArkTS:WARN File: D:/STUDY/College/mine/olay/entry/src/main/ets/services/WorkspaceStore.ets:25:8
 Function may throw exceptions. Special handling is required.

WARN: ArkTS:WARN File: D:/STUDY/College/mine/olay/entry/src/main/ets/services/WorkspaceStore.ets:34:50
 Function may throw exceptions. Special handling is required.

WARN: ArkTS:WARN File: D:/STUDY/College/mine/olay/entry/src/main/ets/services/WorkspaceStore.ets:38:14
 Function may throw exceptions. Special handling is required.

WARN: ArkTS:WARN File: D:/STUDY/College/mine/olay/entry/src/main/ets/services/WorkspaceStore.ets:38:49
 Function may throw exceptions. Special handling is required.

WARN: ArkTS:WARN File: D:/STUDY/College/mine/olay/entry/src/main/ets/services/WorkspaceStore.ets:40:70
 Function may throw exceptions. Special handling is required.

WARN: ArkTS:WARN File: D:/STUDY/College/mine/olay/entry/src/main/ets/services/WorkspaceStore.ets:46:41
 Function may throw exceptions. Special handling is required.

WARN: ArkTS:WARN File: D:/STUDY/College/mine/olay/entry/src/main/ets/services/WorkspaceStore.ets:48:26
 Function may throw exceptions. Special handling is required.

WARN: ArkTS:WARN File: D:/STUDY/College/mine/olay/entry/src/main/ets/services/WorkspaceStore.ets:48:137
 Function may throw exceptions. Special handling is required.

WARN: ArkTS:WARN File: D:/STUDY/College/mine/olay/entry/src/main/ets/services/WorkspaceStore.ets:49:8
 Function may throw exceptions. Special handling is required.

WARN: ArkTS:WARN File: D:/STUDY/College/mine/olay/entry/src/main/ets/services/WorkspaceStore.ets:64:64
 Function may throw exceptions. Special handling is required.

WARN: ArkTS:WARN File: D:/STUDY/College/mine/olay/entry/src/main/ets/services/WorkspaceStore.ets:65:27
 Function may throw exceptions. Special handling is required.

WARN: ArkTS:WARN File: D:/STUDY/College/mine/olay/entry/src/main/ets/services/WorkspaceStore.ets:66:51
 Function may throw exceptions. Special handling is required.

WARN: ArkTS:WARN File: D:/STUDY/College/mine/olay/entry/src/main/ets/services/WorkspaceStore.ets:71:135
 Function may throw exceptions. Special handling is required.

WARN: ArkTS:WARN File: D:/STUDY/College/mine/olay/entry/src/main/ets/services/WorkspaceStore.ets:71:155
 Function may throw exceptions. Special handling is required.

WARN: ArkTS:WARN File: D:/STUDY/College/mine/olay/entry/src/main/ets/services/WorkspaceStore.ets:75:29
 Function may throw exceptions. Special handling is required.

WARN: ArkTS:WARN File: D:/STUDY/College/mine/olay/entry/src/main/ets/services/WorkspaceStore.ets:78:67
 Function may throw exceptions. Special handling is required.

WARN: ArkTS:WARN File: D:/STUDY/College/mine/olay/entry/src/main/ets/services/WorkspaceStore.ets:78:91
 Function may throw exceptions. Special handling is required.

WARN: ArkTS:WARN File: D:/STUDY/College/mine/olay/entry/src/main/ets/services/WorkspaceStore.ets:82:84
 Function may throw exceptions. Special handling is required.

WARN: ArkTS:WARN File: D:/STUDY/College/mine/olay/entry/src/main/ets/services/WorkspaceStore.ets:82:101
 Function may throw exceptions. Special handling is required.

WARN: ArkTS:WARN File: D:/STUDY/College/mine/olay/entry/src/main/ets/services/WorkspaceStore.ets:83:80
 Function may throw exceptions. Special handling is required.

WARN: ArkTS:WARN File: D:/STUDY/College/mine/olay/entry/src/main/ets/services/WorkspaceStore.ets:83:97
 Function may throw exceptions. Special handling is required.

WARN: ArkTS:WARN File: D:/STUDY/College/mine/olay/entry/src/ohosTest/ets/test/List.test.ets:23:29
 Function may throw exceptions. Special handling is required.

WARN: ArkTS:WARN File: D:/STUDY/College/mine/olay/entry/src/ohosTest/ets/test/List.test.ets:24:27
 Function may throw exceptions. Special handling is required.

WARN: ArkTS:WARN File: D:/STUDY/College/mine/olay/entry/src/ohosTest/ets/test/List.test.ets:25:23
 Function may throw exceptions. Special handling is required.

WARN: ArkTS:WARN File: D:/STUDY/College/mine/olay/entry/src/ohosTest/ets/test/List.test.ets:25:53
 Function may throw exceptions. Special handling is required.

WARN: ArkTS:WARN File: D:/STUDY/College/mine/olay/entry/src/ohosTest/ets/test/List.test.ets:25:74
 Function may throw exceptions. Special handling is required.

WARN: ArkTS:WARN File: D:/STUDY/College/mine/olay/entry/src/ohosTest/ets/test/List.test.ets:26:30
 Function may throw exceptions. Special handling is required.

WARN: ArkTS:WARN File: D:/STUDY/College/mine/olay/entry/src/ohosTest/ets/test/List.test.ets:26:64
 Function may throw exceptions. Special handling is required.

WARN: ArkTS:WARN File: D:/STUDY/College/mine/olay/entry/src/ohosTest/ets/test/List.test.ets:26:96
 Function may throw exceptions. Special handling is required.

WARN: ArkTS:WARN File: D:/STUDY/College/mine/olay/entry/src/ohosTest/ets/test/List.test.ets:29:29
 Function may throw exceptions. Special handling is required.

WARN: ArkTS:WARN File: D:/STUDY/College/mine/olay/entry/src/ohosTest/ets/test/List.test.ets:30:27
 Function may throw exceptions. Special handling is required.

WARN: ArkTS:WARN File: D:/STUDY/College/mine/olay/entry/src/ohosTest/ets/test/List.test.ets:31:23
 Function may throw exceptions. Special handling is required.

WARN: ArkTS:WARN File: D:/STUDY/College/mine/olay/entry/src/ohosTest/ets/test/List.test.ets:31:53
 Function may throw exceptions. Special handling is required.

WARN: ArkTS:WARN File: D:/STUDY/College/mine/olay/entry/src/ohosTest/ets/test/List.test.ets:31:81
 Function may throw exceptions. Special handling is required.

WARN: ArkTS:WARN File: D:/STUDY/College/mine/olay/entry/src/ohosTest/ets/test/List.test.ets:31:127
 Function may throw exceptions. Special handling is required.

WARN: ArkTS:WARN File: D:/STUDY/College/mine/olay/entry/src/ohosTest/ets/test/List.test.ets:120:125
 This API is unavailable to tablet(earlier than API level 20).

WARN: ArkTS:WARN File: D:/STUDY/College/mine/olay/entry/src/ohosTest/ets/test/List.test.ets:120:133
 This API is unavailable to tablet(earlier than API level 20).

WARN: ArkTS:WARN File: D:/STUDY/College/mine/olay/entry/src/ohosTest/ets/test/List.test.ets:120:141
 This API is unavailable to tablet(earlier than API level 20).

WARN: ArkTS:WARN File: D:/STUDY/College/mine/olay/entry/src/ohosTest/ets/test/List.test.ets:120:166
 This API is unavailable to tablet(earlier than API level 20).

WARN: ArkTS:WARN File: D:/STUDY/College/mine/olay/entry/src/ohosTest/ets/test/List.test.ets:120:172
 This API is unavailable to tablet(earlier than API level 20).

WARN: ArkTS:WARN File: D:/STUDY/College/mine/olay/entry/src/ohosTest/ets/test/List.test.ets:120:197
 This API is unavailable to tablet(earlier than API level 20).

WARN: ArkTS:WARN File: D:/STUDY/College/mine/olay/entry/src/ohosTest/ets/test/List.test.ets:120:205
 This API is unavailable to tablet(earlier than API level 20).

WARN: ArkTS:WARN File: D:/STUDY/College/mine/olay/entry/src/ohosTest/ets/test/List.test.ets:120:213
 This API is unavailable to tablet(earlier than API level 20).

WARN: ArkTS:WARN File: D:/STUDY/College/mine/olay/entry/src/ohosTest/ets/test/List.test.ets:120:238
 This API is unavailable to tablet(earlier than API level 20).

WARN: ArkTS:WARN File: D:/STUDY/College/mine/olay/entry/src/ohosTest/ets/test/List.test.ets:120:244
 This API is unavailable to tablet(earlier than API level 20).

WARN: ArkTS:WARN File: D:/STUDY/College/mine/olay/entry/src/ohosTest/ets/test/List.test.ets:136:132
 This API is unavailable to tablet(earlier than API level 20).

WARN: ArkTS:WARN File: D:/STUDY/College/mine/olay/entry/src/ohosTest/ets/test/List.test.ets:136:140
 This API is unavailable to tablet(earlier than API level 20).

WARN: ArkTS:WARN File: D:/STUDY/College/mine/olay/entry/src/ohosTest/ets/test/List.test.ets:136:148
 This API is unavailable to tablet(earlier than API level 20).

WARN: ArkTS:WARN File: D:/STUDY/College/mine/olay/entry/src/ohosTest/ets/test/List.test.ets:136:195
 This API is unavailable to tablet(earlier than API level 20).

WARN: ArkTS:WARN File: D:/STUDY/College/mine/olay/entry/src/ohosTest/ets/test/List.test.ets:136:202
 This API is unavailable to tablet(earlier than API level 20).

WARN: ArkTS:WARN File: D:/STUDY/College/mine/olay/entry/src/ohosTest/ets/test/List.test.ets:136:211
 This API is unavailable to tablet(earlier than API level 20).


> hvigor [32mFinished :entry:ohosTest@OhosTestCompileArkTS... after 4 s 857 ms [39m
> hvigor [32mFinished :entry:ohosTest@OhosTestCopyMockConfigJson... after 1 ms [39m
> hvigor [32mUP-TO-DATE :entry:ohosTest@GeneratePkgModuleJson...  [39m
> hvigor [32mFinished :entry:ohosTest@ProcessCompiledResources... after 2 ms [39m
> hvigor [32mFinished :entry:ohosTest@PackageHap... after 419 ms [39m
> hvigor [32mFinished :entry:ohosTest@PackingCheck... after 7 ms [39m
> hvigor WARN: No signingConfig found for product default
> hvigor [32mFinished :entry:ohosTest@SignHap... after 2 ms [39m
> hvigor [32mFinished :entry:ohosTest@CollectDebugSymbol... after 1 ms [39m
> hvigor [32mFinished :entry:assembleHap... after 1 ms [39m
> hvigor [32mBUILD SUCCESSFUL in 14 s 254 ms [39m

35 tasks in total: 18 executed, 17 up-to-date
