start ability successfully.

OHOS_REPORT_SUM: 2
OHOS_REPORT_STATUS: class=SELFNativeApi26UI


OHOS_REPORT_STATUS: class=SELFNativeApi26UI
OHOS_REPORT_STATUS: current=1
OHOS_REPORT_STATUS: id=JS
OHOS_REPORT_STATUS: numtests=2
OHOS_REPORT_STATUS: stream=
OHOS_REPORT_STATUS: test=saveReopenExportAndDeleteOnlyNewTestWork
OHOS_REPORT_STATUS_CODE: 1


OHOS_REPORT_STATUS: class=SELFNativeApi26UI
OHOS_REPORT_STATUS: current=1
OHOS_REPORT_STATUS: id=JS
OHOS_REPORT_STATUS: numtests=2
OHOS_REPORT_STATUS: stream=
OHOS_REPORT_STATUS: test=saveReopenExportAndDeleteOnlyNewTestWork
OHOS_REPORT_STATUS_CODE: 0
OHOS_REPORT_STATUS: consuming=10887


OHOS_REPORT_STATUS: class=SELFNativeApi26UI
OHOS_REPORT_STATUS: current=2
OHOS_REPORT_STATUS: id=JS
OHOS_REPORT_STATUS: numtests=2
OHOS_REPORT_STATUS: stream=
OHOS_REPORT_STATUS: test=realTouchLassoThenModelConsentDeclineKeepsOriginal
OHOS_REPORT_STATUS_CODE: 1


OHOS_REPORT_STATUS: class=SELFNativeApi26UI
OHOS_REPORT_STATUS: current=2
OHOS_REPORT_STATUS: id=JS
OHOS_REPORT_STATUS: numtests=2
OHOS_REPORT_STATUS: stream=
OHOS_REPORT_STATUS: test=realTouchLassoThenModelConsentDeclineKeepsOriginal
OHOS_REPORT_STATUS_CODE: 0
OHOS_REPORT_STATUS: consuming=8885


OHOS_REPORT_STATUS: class=SELFNativeApi26UI
OHOS_REPORT_STATUS: suiteconsuming=19772


OHOS_REPORT_RESULT: stream=Tests run: 2, Failure: 0, Error: 0, Pass: 2, Ignore: 0
OHOS_REPORT_CODE: 0
OHOS_REPORT_STATUS: taskconsuming=19772

TestFinished-ResultCode: 0
TestFinished-ResultMsg: your test finished!!!
user test finished.
