09-22 20:24:18.550 32141 32141 I A03d00/JSAPP: [a92ab173718e584, fcacb6, f794e6] SELF_ES_EVENT {"generation":1,"graphics":{"abi":"64-bit","glsl":"OpenGL ES GLSL ES 3.10","renderer":"Mali-G77","textureUnits":32,"thread":139914528348928,"vendor":"ARM","version":"OpenGL ES 3.2 (4.6.0 - Build 32.0.101.8724)"},"type":"READY"}
09-22 20:24:18.560 32141 32141 I A03d00/JSAPP: [a92ab173718e584, 3e0d572, 188206e] SELF_FEATHER_PROBE {"center":255,"monotonic":true,"narrowCenter":127,"outsideTexels":0,"softTexels":1472}
09-22 20:24:18.568 32141 32141 I A03d00/JSAPP: [a92ab173718e584, 3c9cd58, 21b9340] SELF_RECON_SUPPORT {"available":false,"message":"当前设备未提供原生空间重建库。已录视频会保留，但不能在此设备生成个人3D。"}
09-22 20:24:18.606 32141 32141 I A03d00/JSAPP: [a92ab173718e584, 1fb66a8, 2a310f] SELF_ES_PROBE {"graphics":{"abi":"64-bit","glsl":"OpenGL ES GLSL ES 3.10","renderer":"Mali-G77","textureUnits":32,"thread":139914528348928,"vendor":"ARM","version":"OpenGL ES 3.2 (4.6.0 - Build 32.0.101.8724)"},"pngRoundtripExact":true,"rgba8Fbo":true}
09-22 20:24:18.620 32141 32141 I A03d00/JSAPP: [a92ab173718e584, 3bdbaf6, 1224297] SELF_EXIF 1 {"height":49,"width":33}
09-22 20:24:18.625 32141 32141 I A03d00/JSAPP: [a92ab173718e584, c37c3b, 1896b35] SELF_EXIF 2 {"height":49,"width":33}
09-22 20:24:18.633 32141 32141 I A03d00/JSAPP: [a92ab173718e584, 46af84, 1e721bd] SELF_EXIF 3 {"height":49,"width":33}
09-22 20:24:18.646 32141 32141 I A03d00/JSAPP: [a92ab173718e584, 3fc5771, ecdeb7] SELF_EXIF 4 {"height":49,"width":33}
09-22 20:24:18.678 32141 32141 I A03d00/JSAPP: [a92ab173718e584, 2596797, 25b10e8] SELF_EXIF 5 {"height":33,"width":49}
09-22 20:24:18.683 32141 32141 I A03d00/JSAPP: [a92ab173718e584, 1460b29, 3d3d49f] SELF_EXIF 6 {"height":33,"width":49}
09-22 20:24:18.690 32141 32141 I A03d00/JSAPP: [a92ab173718e584, 3bd6ade, 31a0af8] SELF_EXIF 7 {"height":33,"width":49}
09-22 20:24:18.694 32141 32141 I A03d00/JSAPP: [a92ab173718e584, 1378bdf, 35683d7] SELF_EXIF 8 {"height":33,"width":49}
09-22 20:24:18.826 32141 32141 I A03d00/JSAPP: [a92ab173718e584, c5938e, 38dbb63] SELF_ES_GLB {"height":1024,"triangles":17684,"vertices":9279,"width":1024}
09-22 20:24:19.349 32141 32141 I A03d00/JSAPP: [a92ab173718e584, fc9db, 2891123] SELF_ES_SELECTION 40442
09-22 20:24:19.748 32141 32141 I A03d00/JSAPP: [a92ab173718e584, 103ed1f, 82afa1] SELF_ES_EDIT {"checkedHeight":1200,"checkedWidth":720,"maxNonAuthorizedError":0,"maxProtectedError":0,"nonAuthorizedPixels":861320,"protectedPixels":887}
09-22 20:24:20.373 32141 32141 I A03d00/JSAPP: [a92ab173718e584, 1b17abc, dae9a9] SELF_ES_SNAPSHOT {"height":1024,"split":470635,"view":{"distance":16.0,"panX":0.0,"panY":0.0,"pitch":0.0,"yaw":0.0},"width":768}
09-22 20:24:21.028 32141 32141 I A03d00/JSAPP: [a92ab173718e584, 31edb7b, 29c3fa6] SELF_ES_EXCEPTION {"checkedHeight":1200,"checkedWidth":720,"maxNonAuthorizedError":0,"maxProtectedError":0,"nonAuthorizedPixels":862207,"protectedPixels":0}
09-22 20:24:22.160 32141 32141 I A03d00/JSAPP: [a92ab173718e584, 3844e74, 1028b8] SELF_V2_CHECK {"checkedHeight":1200,"checkedWidth":720,"maxNonAuthorizedError":0,"maxProtectedError":0,"nonAuthorizedPixels":861320,"protectedPixels":887}
09-22 20:24:24.947 32141 32141 I A03d00/JSAPP: SELF_ES_PHOTO {"selectedPixels":45,"view":{"distance":16,"panX":0.4000000059604645,"panY":0,"pitch":0,"yaw":0},"malformedRejected":true}
09-22 20:24:25.056 32141 32141 I A03d00/JSAPP: SELF_ES_STATS {"cpuSubmitAndSwapP50Ms":2.612127,"cpuSubmitAndSwapP95Ms":30.13295,"cpuSubmitOver50Ms":0,"frames":33,"generation":1,"graphics":{"abi":"64-bit","glsl":"OpenGL ES GLSL ES 3.10","renderer":"Mali-G77","textureUnits":32,"thread":139914528348928,"vendor":"ARM","version":"OpenGL ES 3.2 (4.6.0 - Build 32.0.101.8724)"},"renderStartIntervalOver50Ms":0,"renderStartIntervalP50Ms":0.0,"renderStartIntervalP95Ms":0.0,"transitionFrames":18}
09-22 20:24:25.056 32141 32141 I A03d00/JSAPP: SELF_ES_PROBE_FINISHED
09-22 20:24:25.246 32141 32141 I A03d00/JSAPP: SELF_NETWORKKIT {"healthStatus":200,"modelConfigured":true,"paidCall":"not attempted in connectivity probe"}
