> hvigor [32mUP-TO-DATE :entry:default@PreBuild...  [39m
> hvigor [32mFinished :entry:default@CreateModuleInfo... after 1 ms [39m
> hvigor [32mUP-TO-DATE :entry:default@GenerateMetadata...  [39m
> hvigor [32mFinished :entry:default@ConfigureCmake... after 74 ms [39m
> hvigor [32mUP-TO-DATE :entry:default@MergeProfile...  [39m
> hvigor [32mUP-TO-DATE :entry:default@CreateBuildProfile...  [39m
> hvigor [32mFinished :entry:default@PreCheckSyscap... after 1 ms [39m
> hvigor [32mFinished :entry:default@GeneratePkgSdkInfo... after 3 ms [39m
> hvigor [32mFinished :entry:default@ProcessIntegratedHsp... after 1 ms [39m
> hvigor [32mFinished :entry:default@BuildNativeWithCmake... after 43 ms [39m
> hvigor [32mUP-TO-DATE :entry:default@MakePackInfo...  [39m
> hvigor [32mFinished :entry:default@SyscapTransform... after 9 ms [39m
> hvigor [32mUP-TO-DATE :entry:default@GeneratePkgContextInfo...  [39m
> hvigor [32mUP-TO-DATE :entry:default@ProcessProfile...  [39m
> hvigor [32mUP-TO-DATE :entry:default@ProcessRouterMap...  [39m
> hvigor [32mUP-TO-DATE :entry:default@ProcessShareConfig...  [39m
> hvigor [32mFinished :entry:default@ProcessStartupConfig... after 2 ms [39m
> hvigor [32mUP-TO-DATE :entry:default@ProcessResource...  [39m
> hvigor [32mUP-TO-DATE :entry:default@GenerateLoaderJson...  [39m
> hvigor [32mFinished :entry:default@CompileResource... after 290 ms [39m
> hvigor [32mFinished :entry:default@BuildJS... after 7 ms [39m
> hvigor [32mFinished :entry:default@BuildNativeWithNinja... after 150 ms [39m
> hvigor [32mUP-TO-DATE :entry:default@ProcessLibs...  [39m
> hvigor [32mUP-TO-DATE :entry:default@DoNativeStrip...  [39m
> hvigor [32mUP-TO-DATE :entry:default@CacheNativeLibs...  [39m
> hvigor WARN: WARN: ArkTS:WARN File: D:/STUDY/College/mine/olay/entry/src/main/ets/entryability/EntryAbility.ets:8:22
 Function may throw exceptions. Special handling is required.

WARN: ArkTS:WARN File: D:/STUDY/College/mine/olay/entry/src/main/ets/entryability/EntryAbility.ets:10:12
 This API is unavailable to 2in1.

WARN: ArkTS:WARN File: D:/STUDY/College/mine/olay/entry/src/main/ets/entryability/EntryAbility.ets:12:12
 This API is unavailable to 2in1.

WARN: ArkTS:WARN File: D:/STUDY/College/mine/olay/entry/src/main/ets/entryability/EntryAbility.ets:14:11
 Function may throw exceptions. Special handling is required.

WARN: ArkTS:WARN File: D:/STUDY/College/mine/olay/entry/src/main/ets/bridge/RendererBridge.ets:55:29
 Function may throw exceptions. Special handling is required.

WARN: ArkTS:WARN File: D:/STUDY/College/mine/olay/entry/src/main/ets/bridge/RendererBridge.ets:56:19
 Function may throw exceptions. Special handling is required.

WARN: ArkTS:WARN File: D:/STUDY/College/mine/olay/entry/src/main/ets/bridge/RendererBridge.ets:91:16
 Function may throw exceptions. Special handling is required.

WARN: ArkTS:WARN File: D:/STUDY/College/mine/olay/entry/src/main/ets/bridge/RendererBridge.ets:97:54
 Function may throw exceptions. Special handling is required.

WARN: ArkTS:WARN File: D:/STUDY/College/mine/olay/entry/src/main/ets/bridge/RendererBridge.ets:97:100
 Function may throw exceptions. Special handling is required.

WARN: ArkTS:WARN File: D:/STUDY/College/mine/olay/entry/src/main/ets/bridge/RendererBridge.ets:98:19
 Function may throw exceptions. Special handling is required.

WARN: ArkTS:WARN File: D:/STUDY/College/mine/olay/entry/src/main/ets/bridge/RendererBridge.ets:106:56
 Function may throw exceptions. Special handling is required.

WARN: ArkTS:WARN File: D:/STUDY/College/mine/olay/entry/src/main/ets/bridge/RendererBridge.ets:107:13
 Function may throw exceptions. Special handling is required.

WARN: ArkTS:WARN File: D:/STUDY/College/mine/olay/entry/src/main/ets/bridge/RendererBridge.ets:108:21
 Function may throw exceptions. Special handling is required.

WARN: ArkTS:WARN File: D:/STUDY/College/mine/olay/entry/src/main/ets/pages/NativeMirrorSurface.ets:22:34
 The 'fill' API is supported since SDK version 26.0.0. However, the current compatible SDK version is 5.1.1(19).
 It is recommended to use apiAvailable to safeguard API compatibility.

WARN: ArkTS:WARN File: D:/STUDY/College/mine/olay/entry/src/main/ets/pages/NativeMirrorSurface.ets:22:50
 The 'stroke' API is supported since SDK version 26.0.0. However, the current compatible SDK version is 5.1.1(19).
 It is recommended to use apiAvailable to safeguard API compatibility.

WARN: ArkTS:WARN File: D:/STUDY/College/mine/olay/entry/src/main/ets/services/LocalFaceGuide.ets:157:20
 Function may throw exceptions. Special handling is required.

WARN: ArkTS:WARN File: D:/STUDY/College/mine/olay/entry/src/main/ets/services/LocalFaceGuide.ets:157:45
 Function may throw exceptions. Special handling is required.

WARN: ArkTS:WARN File: D:/STUDY/College/mine/olay/entry/src/main/ets/services/CameraCaptureSession.ets:71:45
 The system capacity of this api 'media' is not supported on all devices

WARN: ArkTS:WARN File: D:/STUDY/College/mine/olay/entry/src/main/ets/services/CameraCaptureSession.ets:74:68
 The system capacity of this api 'media' is not supported on all devices

WARN: ArkTS:WARN File: D:/STUDY/College/mine/olay/entry/src/main/ets/services/CameraCaptureSession.ets:89:57
 The system capacity of this api 'media' is not supported on all devices

WARN: ArkTS:WARN File: D:/STUDY/College/mine/olay/entry/src/main/ets/services/CameraCaptureSession.ets:90:25
 The system capacity of this api 'media' is not supported on all devices

WARN: ArkTS:WARN File: D:/STUDY/College/mine/olay/entry/src/main/ets/services/CameraCaptureSession.ets:92:24
 To use this API, you need to apply for the permissions: ohos.permission.MICROPHONE
This permission is required only if audio recording is involved. [since 12]

WARN: ArkTS:WARN File: D:/STUDY/College/mine/olay/entry/src/main/ets/services/CameraCaptureSession.ets:148:33
 Function may throw exceptions. Special handling is required.

WARN: ArkTS:WARN File: D:/STUDY/College/mine/olay/entry/src/main/ets/services/CameraCaptureSession.ets:148:58
 Function may throw exceptions. Special handling is required.

WARN: ArkTS:WARN File: D:/STUDY/College/mine/olay/entry/src/main/ets/services/CameraCaptureSession.ets:149:23
 Function may throw exceptions. Special handling is required.

WARN: ArkTS:WARN File: D:/STUDY/College/mine/olay/entry/src/main/ets/services/CameraCaptureSession.ets:155:23
 Function may throw exceptions. Special handling is required.

WARN: ArkTS:WARN File: D:/STUDY/College/mine/olay/entry/src/main/ets/services/CameraCaptureSession.ets:156:47
 Function may throw exceptions. Special handling is required.

WARN: ArkTS:WARN File: D:/STUDY/College/mine/olay/entry/src/main/ets/services/CameraCaptureSession.ets:157:18
 Function may throw exceptions. Special handling is required.

WARN: ArkTS:WARN File: D:/STUDY/College/mine/olay/entry/src/main/ets/services/CameraCaptureSession.ets:159:17
 Function may throw exceptions. Special handling is required.

WARN: ArkTS:WARN File: D:/STUDY/College/mine/olay/entry/src/main/ets/services/CameraCaptureSession.ets:159:94
 Function may throw exceptions. Special handling is required.

WARN: ArkTS:WARN File: D:/STUDY/College/mine/olay/entry/src/main/ets/services/CameraCaptureSession.ets:159:150
 Function may throw exceptions. Special handling is required.

WARN: ArkTS:WARN File: D:/STUDY/College/mine/olay/entry/src/main/ets/services/CameraCaptureSession.ets:178:37
 Function may throw exceptions. Special handling is required.

WARN: ArkTS:WARN File: D:/STUDY/College/mine/olay/entry/src/main/ets/services/CameraCaptureSession.ets:178:62
 Function may throw exceptions. Special handling is required.

WARN: ArkTS:WARN File: D:/STUDY/College/mine/olay/entry/src/main/ets/services/ReconstructionTransportClient.ets:43:36
 Function may throw exceptions. Special handling is required.

WARN: ArkTS:WARN File: D:/STUDY/College/mine/olay/entry/src/main/ets/services/ReconstructionTransportClient.ets:56:36
 Function may throw exceptions. Special handling is required.

WARN: ArkTS:WARN File: D:/STUDY/College/mine/olay/entry/src/main/ets/services/ReconstructionTransportClient.ets:63:30
 The system capacity of this api 'createMd' is not supported on all devices

WARN: ArkTS:WARN File: D:/STUDY/College/mine/olay/entry/src/main/ets/services/ReconstructionTransportClient.ets:63:30
 Function may throw exceptions. Special handling is required.

WARN: ArkTS:WARN File: D:/STUDY/College/mine/olay/entry/src/main/ets/services/ReconstructionTransportClient.ets:64:14
 The system capacity of this api 'update' is not supported on all devices

WARN: ArkTS:WARN File: D:/STUDY/College/mine/olay/entry/src/main/ets/services/ReconstructionTransportClient.ets:64:14
 Function may throw exceptions. Special handling is required.

WARN: ArkTS:WARN File: D:/STUDY/College/mine/olay/entry/src/main/ets/services/ReconstructionTransportClient.ets:65:31
 The system capacity of this api 'digest' is not supported on all devices

WARN: ArkTS:WARN File: D:/STUDY/College/mine/olay/entry/src/main/ets/services/ReconstructionTransportClient.ets:65:31
 Function may throw exceptions. Special handling is required.

WARN: ArkTS:WARN File: D:/STUDY/College/mine/olay/entry/src/main/ets/services/ReconstructionTransportClient.ets:71:19
 Function may throw exceptions. Special handling is required.

WARN: ArkTS:WARN File: D:/STUDY/College/mine/olay/entry/src/main/ets/services/ReconstructionTransportClient.ets:73:21
 Function may throw exceptions. Special handling is required.

WARN: ArkTS:WARN File: D:/STUDY/College/mine/olay/entry/src/main/ets/services/ReconstructionTransportClient.ets:75:32
 The system capacity of this api 'createMd' is not supported on all devices

WARN: ArkTS:WARN File: D:/STUDY/College/mine/olay/entry/src/main/ets/services/ReconstructionTransportClient.ets:75:32
 Function may throw exceptions. Special handling is required.

WARN: ArkTS:WARN File: D:/STUDY/College/mine/olay/entry/src/main/ets/services/ReconstructionTransportClient.ets:76:96
 Function may throw exceptions. Special handling is required.

WARN: ArkTS:WARN File: D:/STUDY/College/mine/olay/entry/src/main/ets/services/ReconstructionTransportClient.ets:76:194
 The system capacity of this api 'update' is not supported on all devices

WARN: ArkTS:WARN File: D:/STUDY/College/mine/olay/entry/src/main/ets/services/ReconstructionTransportClient.ets:76:194
 Function may throw exceptions. Special handling is required.

WARN: ArkTS:WARN File: D:/STUDY/College/mine/olay/entry/src/main/ets/services/ReconstructionTransportClient.ets:77:52
 The system capacity of this api 'digest' is not supported on all devices

WARN: ArkTS:WARN File: D:/STUDY/College/mine/olay/entry/src/main/ets/services/ReconstructionTransportClient.ets:77:52
 Function may throw exceptions. Special handling is required.

WARN: ArkTS:WARN File: D:/STUDY/College/mine/olay/entry/src/main/ets/services/ReconstructionTransportClient.ets:78:17
 Function may throw exceptions. Special handling is required.

WARN: ArkTS:WARN File: D:/STUDY/College/mine/olay/entry/src/main/ets/services/ReconstructionTransportClient.ets:83:36
 Function may throw exceptions. Special handling is required.

WARN: ArkTS:WARN File: D:/STUDY/College/mine/olay/entry/src/main/ets/services/ReconstructionTransportClient.ets:92:19
 Function may throw exceptions. Special handling is required.

WARN: ArkTS:WARN File: D:/STUDY/College/mine/olay/entry/src/main/ets/services/ReconstructionTransportClient.ets:97:23
 Function may throw exceptions. Special handling is required.

WARN: ArkTS:WARN File: D:/STUDY/College/mine/olay/entry/src/main/ets/services/ReconstructionTransportClient.ets:102:40
 Function may throw exceptions. Special handling is required.

WARN: ArkTS:WARN File: D:/STUDY/College/mine/olay/entry/src/main/ets/services/ReconstructionTransportClient.ets:109:17
 Function may throw exceptions. Special handling is required.

WARN: ArkTS:WARN File: D:/STUDY/College/mine/olay/entry/src/main/ets/services/ReconstructionTransportClient.ets:128:36
 Function may throw exceptions. Special handling is required.

WARN: ArkTS:WARN File: D:/STUDY/College/mine/olay/entry/src/main/ets/services/ReconstructionTransportClient.ets:137:44
 Function may throw exceptions. Special handling is required.

WARN: ArkTS:WARN File: D:/STUDY/College/mine/olay/entry/src/main/ets/services/ReconstructionTransportClient.ets:137:66
 Function may throw exceptions. Special handling is required.

WARN: ArkTS:WARN File: D:/STUDY/College/mine/olay/entry/src/main/ets/services/ReconstructionTransportClient.ets:138:45
 Function may throw exceptions. Special handling is required.

WARN: ArkTS:WARN File: D:/STUDY/College/mine/olay/entry/src/main/ets/services/ReconstructionTransportClient.ets:138:70
 Function may throw exceptions. Special handling is required.

WARN: ArkTS:WARN File: D:/STUDY/College/mine/olay/entry/src/main/ets/services/ReconstructionTransportClient.ets:140:19
 Function may throw exceptions. Special handling is required.

WARN: ArkTS:WARN File: D:/STUDY/College/mine/olay/entry/src/main/ets/services/ReconstructionTransportClient.ets:142:17
 Function may throw exceptions. Special handling is required.

WARN: ArkTS:WARN File: D:/STUDY/College/mine/olay/entry/src/main/ets/services/ReconstructionTransportClient.ets:142:39
 Function may throw exceptions. Special handling is required.

WARN: ArkTS:WARN File: D:/STUDY/College/mine/olay/entry/src/main/ets/services/ReconstructionTransportClient.ets:142:64
 Function may throw exceptions. Special handling is required.

WARN: ArkTS:WARN File: D:/STUDY/College/mine/olay/entry/src/main/ets/services/ReconstructionTransportClient.ets:143:8
 Function may throw exceptions. Special handling is required.

WARN: ArkTS:WARN File: D:/STUDY/College/mine/olay/entry/src/main/ets/services/ReconstructionTransportClient.ets:143:27
 Function may throw exceptions. Special handling is required.

WARN: ArkTS:WARN File: D:/STUDY/College/mine/olay/entry/src/main/ets/services/ReconstructionTransportClient.ets:152:44
 Function may throw exceptions. Special handling is required.

WARN: ArkTS:WARN File: D:/STUDY/College/mine/olay/entry/src/main/ets/services/ReconstructionTransportClient.ets:152:66
 Function may throw exceptions. Special handling is required.

WARN: ArkTS:WARN File: D:/STUDY/College/mine/olay/entry/src/main/ets/services/ReconstructionTransportClient.ets:153:45
 Function may throw exceptions. Special handling is required.

WARN: ArkTS:WARN File: D:/STUDY/College/mine/olay/entry/src/main/ets/services/ReconstructionTransportClient.ets:153:70
 Function may throw exceptions. Special handling is required.

WARN: ArkTS:WARN File: D:/STUDY/College/mine/olay/entry/src/main/ets/services/ReconstructionTransportClient.ets:155:19
 Function may throw exceptions. Special handling is required.

WARN: ArkTS:WARN File: D:/STUDY/College/mine/olay/entry/src/main/ets/services/ReconstructionTransportClient.ets:156:34
 The system capacity of this api 'createMd' is not supported on all devices

WARN: ArkTS:WARN File: D:/STUDY/College/mine/olay/entry/src/main/ets/services/ReconstructionTransportClient.ets:156:34
 Function may throw exceptions. Special handling is required.

WARN: ArkTS:WARN File: D:/STUDY/College/mine/olay/entry/src/main/ets/services/ReconstructionTransportClient.ets:172:22
 The system capacity of this api 'update' is not supported on all devices

WARN: ArkTS:WARN File: D:/STUDY/College/mine/olay/entry/src/main/ets/services/ReconstructionTransportClient.ets:174:57
 The system capacity of this api 'digest' is not supported on all devices

WARN: ArkTS:WARN File: D:/STUDY/College/mine/olay/entry/src/main/ets/services/ReconstructionTransportClient.ets:176:18
 Function may throw exceptions. Special handling is required.

WARN: ArkTS:WARN File: D:/STUDY/College/mine/olay/entry/src/main/ets/services/ReconstructionTransportClient.ets:176:40
 Function may throw exceptions. Special handling is required.

WARN: ArkTS:WARN File: D:/STUDY/College/mine/olay/entry/src/main/ets/services/ReconstructionTransportClient.ets:176:65
 Function may throw exceptions. Special handling is required.

WARN: ArkTS:WARN File: D:/STUDY/College/mine/olay/entry/src/main/ets/services/ReconstructionTransportClient.ets:177:8
 Function may throw exceptions. Special handling is required.

WARN: ArkTS:WARN File: D:/STUDY/College/mine/olay/entry/src/main/ets/services/ReconstructionTransportClient.ets:177:27
 Function may throw exceptions. Special handling is required.

WARN: ArkTS:WARN File: D:/STUDY/College/mine/olay/entry/src/main/ets/services/ReconstructionTransportClient.ets:186:36
 Function may throw exceptions. Special handling is required.

WARN: ArkTS:WARN File: D:/STUDY/College/mine/olay/entry/src/main/ets/services/ReconstructionTransportClient.ets:198:44
 Function may throw exceptions. Special handling is required.

WARN: ArkTS:WARN File: D:/STUDY/College/mine/olay/entry/src/main/ets/services/ReconstructionTransportClient.ets:198:66
 Function may throw exceptions. Special handling is required.

WARN: ArkTS:WARN File: D:/STUDY/College/mine/olay/entry/src/main/ets/services/ReconstructionTransportClient.ets:199:45
 Function may throw exceptions. Special handling is required.

WARN: ArkTS:WARN File: D:/STUDY/College/mine/olay/entry/src/main/ets/services/ReconstructionTransportClient.ets:199:70
 Function may throw exceptions. Special handling is required.

WARN: ArkTS:WARN File: D:/STUDY/College/mine/olay/entry/src/main/ets/services/ReconstructionTransportClient.ets:201:19
 Function may throw exceptions. Special handling is required.

WARN: ArkTS:WARN File: D:/STUDY/College/mine/olay/entry/src/main/ets/services/ReconstructionTransportClient.ets:203:21
 Function may throw exceptions. Special handling is required.

WARN: ArkTS:WARN File: D:/STUDY/College/mine/olay/entry/src/main/ets/services/ReconstructionTransportClient.ets:203:43
 Function may throw exceptions. Special handling is required.

WARN: ArkTS:WARN File: D:/STUDY/College/mine/olay/entry/src/main/ets/services/ReconstructionTransportClient.ets:203:68
 Function may throw exceptions. Special handling is required.

WARN: ArkTS:WARN File: D:/STUDY/College/mine/olay/entry/src/main/ets/services/ReconstructionTransportClient.ets:204:8
 Function may throw exceptions. Special handling is required.

WARN: ArkTS:WARN File: D:/STUDY/College/mine/olay/entry/src/main/ets/services/ReconstructionTransportClient.ets:204:27
 Function may throw exceptions. Special handling is required.

WARN: ArkTS:WARN File: D:/STUDY/College/mine/olay/entry/src/main/ets/pages/CaptureViewCoverage.ets:35:8
 The 'fill' API is supported since SDK version 26.0.0. However, the current compatible SDK version is 5.1.1(19).
 It is recommended to use apiAvailable to safeguard API compatibility.

WARN: ArkTS:WARN File: D:/STUDY/College/mine/olay/entry/src/main/ets/pages/CaptureViewCoverage.ets:36:8
 The 'stroke' API is supported since SDK version 26.0.0. However, the current compatible SDK version is 5.1.1(19).
 It is recommended to use apiAvailable to safeguard API compatibility.

WARN: ArkTS:WARN File: D:/STUDY/College/mine/olay/entry/src/main/ets/pages/CameraCaptureView.ets:226:57
 The 'fill' API is supported since SDK version 26.0.0. However, the current compatible SDK version is 5.1.1(19).
 It is recommended to use apiAvailable to safeguard API compatibility.

WARN: ArkTS:WARN File: D:/STUDY/College/mine/olay/entry/src/main/ets/pages/CameraCaptureView.ets:226:81
 The 'stroke' API is supported since SDK version 26.0.0. However, the current compatible SDK version is 5.1.1(19).
 It is recommended to use apiAvailable to safeguard API compatibility.

WARN: ArkTS:WARN File: D:/STUDY/College/mine/olay/entry/src/main/ets/pages/CameraCaptureView.ets:227:61
 The 'fill' API is supported since SDK version 26.0.0. However, the current compatible SDK version is 5.1.1(19).
 It is recommended to use apiAvailable to safeguard API compatibility.

WARN: ArkTS:WARN File: D:/STUDY/College/mine/olay/entry/src/main/ets/pages/CameraCaptureView.ets:227:85
 The 'stroke' API is supported since SDK version 26.0.0. However, the current compatible SDK version is 5.1.1(19).
 It is recommended to use apiAvailable to safeguard API compatibility.

WARN: ArkTS:WARN File: D:/STUDY/College/mine/olay/entry/src/main/ets/pages/CameraCaptureView.ets:228:53
 The 'fill' API is supported since SDK version 26.0.0. However, the current compatible SDK version is 5.1.1(19).
 It is recommended to use apiAvailable to safeguard API compatibility.

WARN: ArkTS:WARN File: D:/STUDY/College/mine/olay/entry/src/main/ets/pages/CameraCaptureView.ets:236:9
 The 'fill' API is supported since SDK version 26.0.0. However, the current compatible SDK version is 5.1.1(19).
 It is recommended to use apiAvailable to safeguard API compatibility.

WARN: ArkTS:WARN File: D:/STUDY/College/mine/olay/entry/src/main/ets/pages/CameraCaptureView.ets:243:35
 The 'fill' API is supported since SDK version 26.0.0. However, the current compatible SDK version is 5.1.1(19).
 It is recommended to use apiAvailable to safeguard API compatibility.

WARN: ArkTS:WARN File: D:/STUDY/College/mine/olay/entry/src/main/ets/pages/CameraCaptureView.ets:266:38
 The 'fill' API is supported since SDK version 26.0.0. However, the current compatible SDK version is 5.1.1(19).
 It is recommended to use apiAvailable to safeguard API compatibility.

WARN: ArkTS:WARN File: D:/STUDY/College/mine/olay/entry/src/main/ets/pages/CameraCaptureView.ets:266:56
 The 'stroke' API is supported since SDK version 26.0.0. However, the current compatible SDK version is 5.1.1(19).
 It is recommended to use apiAvailable to safeguard API compatibility.

WARN: ArkTS:WARN File: D:/STUDY/College/mine/olay/entry/src/main/ets/pages/CameraCaptureView.ets:268:43
 The 'fill' API is supported since SDK version 26.0.0. However, the current compatible SDK version is 5.1.1(19).
 It is recommended to use apiAvailable to safeguard API compatibility.

WARN: ArkTS:WARN File: D:/STUDY/College/mine/olay/entry/src/main/ets/pages/ProductFactsDeck.ets:22:13
 The 'fill' API is supported since SDK version 26.0.0. However, the current compatible SDK version is 5.1.1(19).
 It is recommended to use apiAvailable to safeguard API compatibility.

WARN: ArkTS:WARN File: D:/STUDY/College/mine/olay/entry/src/main/ets/pages/ProductFactsDeck.ets:24:61
 The 'fill' API is supported since SDK version 26.0.0. However, the current compatible SDK version is 5.1.1(19).
 It is recommended to use apiAvailable to safeguard API compatibility.

WARN: ArkTS:WARN File: D:/STUDY/College/mine/olay/entry/src/main/ets/pages/ProductFactsDeck.ets:24:107
 The 'fill' API is supported since SDK version 26.0.0. However, the current compatible SDK version is 5.1.1(19).
 It is recommended to use apiAvailable to safeguard API compatibility.

WARN: ArkTS:WARN File: D:/STUDY/College/mine/olay/entry/src/main/ets/pages/ProductFactsDeck.ets:24:151
 The 'fill' API is supported since SDK version 26.0.0. However, the current compatible SDK version is 5.1.1(19).
 It is recommended to use apiAvailable to safeguard API compatibility.

WARN: ArkTS:WARN File: D:/STUDY/College/mine/olay/entry/src/main/ets/services/PlannerClient.ets:40:33
 Function may throw exceptions. Special handling is required.

WARN: ArkTS:WARN File: D:/STUDY/College/mine/olay/entry/src/main/ets/services/AssetStore.ets:23:75
 Function may throw exceptions. Special handling is required.

WARN: ArkTS:WARN File: D:/STUDY/College/mine/olay/entry/src/main/ets/services/AssetStore.ets:27:16
 Function may throw exceptions. Special handling is required.

WARN: ArkTS:WARN File: D:/STUDY/College/mine/olay/entry/src/main/ets/services/AssetStore.ets:28:25
 Function may throw exceptions. Special handling is required.

WARN: ArkTS:WARN File: D:/STUDY/College/mine/olay/entry/src/main/ets/services/AssetStore.ets:30:84
 Function may throw exceptions. Special handling is required.

WARN: ArkTS:WARN File: D:/STUDY/College/mine/olay/entry/src/main/ets/services/AssetStore.ets:32:17
 Function may throw exceptions. Special handling is required.

WARN: ArkTS:WARN File: D:/STUDY/College/mine/olay/entry/src/main/ets/services/AssetStore.ets:36:39
 Function may throw exceptions. Special handling is required.

WARN: ArkTS:WARN File: D:/STUDY/College/mine/olay/entry/src/main/ets/services/AssetStore.ets:38:21
 Function may throw exceptions. Special handling is required.

WARN: ArkTS:WARN File: D:/STUDY/College/mine/olay/entry/src/main/ets/services/AssetStore.ets:38:40
 Function may throw exceptions. Special handling is required.

WARN: ArkTS:WARN File: D:/STUDY/College/mine/olay/entry/src/main/ets/services/AssetStore.ets:38:60
 Function may throw exceptions. Special handling is required.

WARN: ArkTS:WARN File: D:/STUDY/College/mine/olay/entry/src/main/ets/services/AssetStore.ets:39:8
 Function may throw exceptions. Special handling is required.

WARN: ArkTS:WARN File: D:/STUDY/College/mine/olay/entry/src/main/ets/services/AssetStore.ets:39:24
 Function may throw exceptions. Special handling is required.

WARN: ArkTS:WARN File: D:/STUDY/College/mine/olay/entry/src/main/ets/services/AssetStore.ets:47:84
 Function may throw exceptions. Special handling is required.

WARN: ArkTS:WARN File: D:/STUDY/College/mine/olay/entry/src/main/ets/services/AssetStore.ets:49:21
 Function may throw exceptions. Special handling is required.

WARN: ArkTS:WARN File: D:/STUDY/College/mine/olay/entry/src/main/ets/services/AssetStore.ets:50:12
 Function may throw exceptions. Special handling is required.

WARN: ArkTS:WARN File: D:/STUDY/College/mine/olay/entry/src/main/ets/services/AssetStore.ets:50:53
 Function may throw exceptions. Special handling is required.

WARN: ArkTS:WARN File: D:/STUDY/College/mine/olay/entry/src/main/ets/services/AssetStore.ets:56:25
 Function may throw exceptions. Special handling is required.

WARN: ArkTS:WARN File: D:/STUDY/College/mine/olay/entry/src/main/ets/services/AssetStore.ets:56:45
 Function may throw exceptions. Special handling is required.

WARN: ArkTS:WARN File: D:/STUDY/College/mine/olay/entry/src/main/ets/services/AssetStore.ets:58:117
 Function may throw exceptions. Special handling is required.

WARN: ArkTS:WARN File: D:/STUDY/College/mine/olay/entry/src/main/ets/services/AssetStore.ets:58:137
 Function may throw exceptions. Special handling is required.

WARN: ArkTS:WARN File: D:/STUDY/College/mine/olay/entry/src/main/ets/services/WorkspaceStore.ets:18:24
 Function may throw exceptions. Special handling is required.

WARN: ArkTS:WARN File: D:/STUDY/College/mine/olay/entry/src/main/ets/services/WorkspaceStore.ets:25:8
 Function may throw exceptions. Special handling is required.

WARN: ArkTS:WARN File: D:/STUDY/College/mine/olay/entry/src/main/ets/services/WorkspaceStore.ets:34:50
 Function may throw exceptions. Special handling is required.

WARN: ArkTS:WARN File: D:/STUDY/College/mine/olay/entry/src/main/ets/services/WorkspaceStore.ets:38:14
 Function may throw exceptions. Special handling is required.

WARN: ArkTS:WARN File: D:/STUDY/College/mine/olay/entry/src/main/ets/services/WorkspaceStore.ets:38:49
 Function may throw exceptions. Special handling is required.

WARN: ArkTS:WARN File: D:/STUDY/College/mine/olay/entry/src/main/ets/services/WorkspaceStore.ets:40:70
 Function may throw exceptions. Special handling is required.

WARN: ArkTS:WARN File: D:/STUDY/College/mine/olay/entry/src/main/ets/services/WorkspaceStore.ets:46:41
 Function may throw exceptions. Special handling is required.

WARN: ArkTS:WARN File: D:/STUDY/College/mine/olay/entry/src/main/ets/services/WorkspaceStore.ets:48:26
 Function may throw exceptions. Special handling is required.

WARN: ArkTS:WARN File: D:/STUDY/College/mine/olay/entry/src/main/ets/services/WorkspaceStore.ets:48:137
 Function may throw exceptions. Special handling is required.

WARN: ArkTS:WARN File: D:/STUDY/College/mine/olay/entry/src/main/ets/services/WorkspaceStore.ets:49:8
 Function may throw exceptions. Special handling is required.

WARN: ArkTS:WARN File: D:/STUDY/College/mine/olay/entry/src/main/ets/services/WorkspaceStore.ets:64:64
 Function may throw exceptions. Special handling is required.

WARN: ArkTS:WARN File: D:/STUDY/College/mine/olay/entry/src/main/ets/services/WorkspaceStore.ets:65:27
 Function may throw exceptions. Special handling is required.

WARN: ArkTS:WARN File: D:/STUDY/College/mine/olay/entry/src/main/ets/services/WorkspaceStore.ets:66:51
 Function may throw exceptions. Special handling is required.

WARN: ArkTS:WARN File: D:/STUDY/College/mine/olay/entry/src/main/ets/services/WorkspaceStore.ets:71:135
 Function may throw exceptions. Special handling is required.

WARN: ArkTS:WARN File: D:/STUDY/College/mine/olay/entry/src/main/ets/services/WorkspaceStore.ets:71:155
 Function may throw exceptions. Special handling is required.

WARN: ArkTS:WARN File: D:/STUDY/College/mine/olay/entry/src/main/ets/services/WorkspaceStore.ets:75:29
 Function may throw exceptions. Special handling is required.

WARN: ArkTS:WARN File: D:/STUDY/College/mine/olay/entry/src/main/ets/services/WorkspaceStore.ets:78:67
 Function may throw exceptions. Special handling is required.

WARN: ArkTS:WARN File: D:/STUDY/College/mine/olay/entry/src/main/ets/services/WorkspaceStore.ets:78:91
 Function may throw exceptions. Special handling is required.

WARN: ArkTS:WARN File: D:/STUDY/College/mine/olay/entry/src/main/ets/services/WorkspaceStore.ets:82:84
 Function may throw exceptions. Special handling is required.

WARN: ArkTS:WARN File: D:/STUDY/College/mine/olay/entry/src/main/ets/services/WorkspaceStore.ets:82:101
 Function may throw exceptions. Special handling is required.

WARN: ArkTS:WARN File: D:/STUDY/College/mine/olay/entry/src/main/ets/services/WorkspaceStore.ets:83:80
 Function may throw exceptions. Special handling is required.

WARN: ArkTS:WARN File: D:/STUDY/College/mine/olay/entry/src/main/ets/services/WorkspaceStore.ets:83:97
 Function may throw exceptions. Special handling is required.

WARN: ArkTS:WARN File: D:/STUDY/College/mine/olay/entry/src/main/ets/services/AmbientAudio.ets:25:49
 The system capacity of this api 'media' is not supported on all devices

WARN: ArkTS:WARN File: D:/STUDY/College/mine/olay/entry/src/main/ets/services/AmbientAudio.ets:25:55
 Function may throw exceptions. Special handling is required.

WARN: ArkTS:WARN File: D:/STUDY/College/mine/olay/entry/src/main/ets/services/AmbientAudio.ets:26:41
 Function may throw exceptions. Special handling is required.

WARN: ArkTS:WARN File: D:/STUDY/College/mine/olay/entry/src/main/ets/services/AmbientAudio.ets:45:49
 Function may throw exceptions. Special handling is required.

WARN: ArkTS:WARN File: D:/STUDY/College/mine/olay/entry/src/main/ets/services/CaptureService.ets:12:57
 Function may throw exceptions. Special handling is required.

WARN: ArkTS:WARN File: D:/STUDY/College/mine/olay/entry/src/main/ets/services/CaptureService.ets:13:15
 Function may throw exceptions. Special handling is required.

WARN: ArkTS:WARN File: D:/STUDY/College/mine/olay/entry/src/main/ets/services/CaptureService.ets:18:11
 Function may throw exceptions. Special handling is required.

WARN: ArkTS:WARN File: D:/STUDY/College/mine/olay/entry/src/main/ets/services/CaptureService.ets:18:31
 Function may throw exceptions. Special handling is required.

WARN: ArkTS:WARN File: D:/STUDY/College/mine/olay/entry/src/main/ets/services/CaptureService.ets:18:54
 Function may throw exceptions. Special handling is required.

WARN: ArkTS:WARN File: D:/STUDY/College/mine/olay/entry/src/main/ets/services/CaptureService.ets:18:82
 Function may throw exceptions. Special handling is required.

WARN: ArkTS:WARN File: D:/STUDY/College/mine/olay/entry/src/main/ets/services/CaptureService.ets:22:12
 Function may throw exceptions. Special handling is required.

WARN: ArkTS:WARN File: D:/STUDY/College/mine/olay/entry/src/main/ets/services/CaptureService.ets:22:32
 Function may throw exceptions. Special handling is required.

WARN: ArkTS:WARN File: D:/STUDY/College/mine/olay/entry/src/main/ets/services/CaptureService.ets:24:19
 Function may throw exceptions. Special handling is required.

WARN: ArkTS:WARN File: D:/STUDY/College/mine/olay/entry/src/main/ets/services/CaptureService.ets:24:79
 Function may throw exceptions. Special handling is required.

WARN: ArkTS:WARN File: D:/STUDY/College/mine/olay/entry/src/main/ets/services/CaptureService.ets:35:21
 Function may throw exceptions. Special handling is required.

WARN: ArkTS:WARN File: D:/STUDY/College/mine/olay/entry/src/main/ets/services/CaptureService.ets:35:42
 Function may throw exceptions. Special handling is required.

WARN: ArkTS:WARN File: D:/STUDY/College/mine/olay/entry/src/main/ets/services/CaptureService.ets:35:69
 Function may throw exceptions. Special handling is required.

WARN: ArkTS:WARN File: D:/STUDY/College/mine/olay/entry/src/main/ets/services/UiPreference.ets:18:17
 Function may throw exceptions. Special handling is required.

WARN: ArkTS:WARN File: D:/STUDY/College/mine/olay/entry/src/main/ets/services/UiPreference.ets:19:10
 Function may throw exceptions. Special handling is required.

WARN: ArkTS:WARN File: D:/STUDY/College/mine/olay/entry/src/main/ets/services/UiPreference.ets:19:63
 Function may throw exceptions. Special handling is required.

WARN: ArkTS:WARN File: D:/STUDY/College/mine/olay/entry/src/main/ets/services/UiPreference.ets:19:83
 Function may throw exceptions. Special handling is required.

WARN: ArkTS:WARN File: D:/STUDY/College/mine/olay/entry/src/main/ets/pages/SelfMirrorPage.ets:157:11
 Function may throw exceptions. Special handling is required.

WARN: ArkTS:WARN File: D:/STUDY/College/mine/olay/entry/src/main/ets/pages/SelfMirrorPage.ets:174:58
 Function may throw exceptions. Special handling is required.

WARN: ArkTS:WARN File: D:/STUDY/College/mine/olay/entry/src/main/ets/pages/SelfMirrorPage.ets:174:84
 Function may throw exceptions. Special handling is required.

WARN: ArkTS:WARN File: D:/STUDY/College/mine/olay/entry/src/main/ets/pages/SelfMirrorPage.ets:181:12
 Function may throw exceptions. Special handling is required.

WARN: ArkTS:WARN File: D:/STUDY/College/mine/olay/entry/src/main/ets/pages/SelfMirrorPage.ets:210:75
 Function may throw exceptions. Special handling is required.

WARN: ArkTS:WARN File: D:/STUDY/College/mine/olay/entry/src/main/ets/pages/SelfMirrorPage.ets:210:95
 Function may throw exceptions. Special handling is required.

WARN: ArkTS:WARN File: D:/STUDY/College/mine/olay/entry/src/main/ets/pages/SelfMirrorPage.ets:282:11
 Function may throw exceptions. Special handling is required.

WARN: ArkTS:WARN File: D:/STUDY/College/mine/olay/entry/src/main/ets/pages/SelfMirrorPage.ets:469:70
 The 'fill' API is supported since SDK version 26.0.0. However, the current compatible SDK version is 5.1.1(19).
 It is recommended to use apiAvailable to safeguard API compatibility.

WARN: ArkTS:WARN File: D:/STUDY/College/mine/olay/entry/src/main/ets/pages/SelfMirrorPage.ets:469:112
 The 'fill' API is supported since SDK version 26.0.0. However, the current compatible SDK version is 5.1.1(19).
 It is recommended to use apiAvailable to safeguard API compatibility.

WARN: ArkTS:WARN File: D:/STUDY/College/mine/olay/entry/src/main/ets/pages/SelfMirrorPage.ets:496:50
 The 'fill' API is supported since SDK version 26.0.0. However, the current compatible SDK version is 5.1.1(19).
 It is recommended to use apiAvailable to safeguard API compatibility.

WARN: ArkTS:WARN File: D:/STUDY/College/mine/olay/entry/src/main/ets/pages/SelfMirrorPage.ets:645:39
 The 'fill' API is supported since SDK version 26.0.0. However, the current compatible SDK version is 5.1.1(19).
 It is recommended to use apiAvailable to safeguard API compatibility.

WARN: ArkTS:WARN File: D:/STUDY/College/mine/olay/entry/src/main/ets/pages/SelfMirrorPage.ets:645:57
 The 'stroke' API is supported since SDK version 26.0.0. However, the current compatible SDK version is 5.1.1(19).
 It is recommended to use apiAvailable to safeguard API compatibility.

WARN: ArkTS:WARN File: D:/STUDY/College/mine/olay/entry/src/main/ets/pages/SelfMirrorPage.ets:647:67
 The 'fill' API is supported since SDK version 26.0.0. However, the current compatible SDK version is 5.1.1(19).
 It is recommended to use apiAvailable to safeguard API compatibility.

WARN: ArkTS:WARN File: D:/STUDY/College/mine/olay/entry/src/main/ets/pages/SelfMirrorPage.ets:665:47
 The 'fill' API is supported since SDK version 26.0.0. However, the current compatible SDK version is 5.1.1(19).
 It is recommended to use apiAvailable to safeguard API compatibility.

WARN: ArkTS:WARN File: D:/STUDY/College/mine/olay/entry/src/main/ets/pages/SelfMirrorPage.ets:689:51
 The 'fill' API is supported since SDK version 26.0.0. However, the current compatible SDK version is 5.1.1(19).
 It is recommended to use apiAvailable to safeguard API compatibility.

WARN: ArkTS:WARN File: D:/STUDY/College/mine/olay/entry/src/main/ets/pages/SelfMirrorPage.ets:689:69
 The 'stroke' API is supported since SDK version 26.0.0. However, the current compatible SDK version is 5.1.1(19).
 It is recommended to use apiAvailable to safeguard API compatibility.

WARN: ArkTS:WARN File: D:/STUDY/College/mine/olay/entry/src/main/ets/pages/SelfMirrorPage.ets:689:170
 The 'fill' API is supported since SDK version 26.0.0. However, the current compatible SDK version is 5.1.1(19).
 It is recommended to use apiAvailable to safeguard API compatibility.

WARN: ArkTS:WARN File: D:/STUDY/College/mine/olay/entry/src/main/ets/pages/SelfMirrorPage.ets:699:68
 The 'fill' API is supported since SDK version 26.0.0. However, the current compatible SDK version is 5.1.1(19).
 It is recommended to use apiAvailable to safeguard API compatibility.

WARN: ArkTS:WARN File: D:/STUDY/College/mine/olay/entry/src/main/ets/pages/NativeEsProbe.ets:84:82
 Function may throw exceptions. Special handling is required.

WARN: ArkTS:WARN File: D:/STUDY/College/mine/olay/entry/src/main/ets/pages/NativeEsProbe.ets:117:64
 Function may throw exceptions. Special handling is required.

WARN: ArkTS:WARN File: D:/STUDY/College/mine/olay/entry/src/main/ets/pages/NativeEsProbe.ets:117:172
 Function may throw exceptions. Special handling is required.

WARN: ArkTS:WARN File: D:/STUDY/College/mine/olay/entry/src/main/ets/pages/NativeEsProbe.ets:117:208
 Function may throw exceptions. Special handling is required.

WARN: ArkTS:WARN File: D:/STUDY/College/mine/olay/entry/src/main/ets/pages/SelfMirrorPage.ets:719:114
 The current component id "music-toggle" is duplicate with D:/STUDY/College/mine/olay/entry/src/main/ets/pages/SelfMirrorPage.ets:670:38.
WARN: ArkTS:WARN File: D:/STUDY/College/mine/olay/entry/src/main/ets/pages/SelfMirrorPage.ets:720:73
 The current component id "begin-capture" is duplicate with D:/STUDY/College/mine/olay/entry/src/main/ets/pages/SelfMirrorPage.ets:699:211.
WARN: ArkTS:WARN File: D:/STUDY/College/mine/olay/entry/src/main/ets/pages/SelfMirrorPage.ets:721:77
 The current component id "open-ambience" is duplicate with D:/STUDY/College/mine/olay/entry/src/main/ets/pages/SelfMirrorPage.ets:671:21.
WARN: ArkTS:WARN File: D:/STUDY/College/mine/olay/entry/src/main/ets/pages/SelfMirrorPage.ets:722:75
 The current component id "open-settings" is duplicate with D:/STUDY/College/mine/olay/entry/src/main/ets/pages/SelfMirrorPage.ets:672:21.
WARN: ArkTS:WARN File: D:/STUDY/College/mine/olay/entry/src/main/ets/pages/SelfMirrorPage.ets:766:50
 The current component id "detail-panel" is duplicate with D:/STUDY/College/mine/olay/entry/src/main/ets/pages/SelfMirrorPage.ets:706:48.

> hvigor [32mFinished :entry:default@CompileArkTS... after 6 s 303 ms [39m
> hvigor [32mFinished :entry:default@GeneratePkgModuleJson... after 4 ms [39m
> hvigor [32mFinished :entry:default@ProcessCompiledResources... after 1 ms [39m
> hvigor [32mFinished :entry:default@PackageHap... after 939 ms [39m
> hvigor [32mFinished :entry:default@PackingCheck... after 9 ms [39m
> hvigor [32mFinished :entry:default@SignHap... after 9 s 928 ms [39m
> hvigor [32mFinished :entry:default@CollectDebugSymbol... after 1 ms [39m
> hvigor [32mFinished :entry:assembleHap... after 1 ms [39m
> hvigor [32mBUILD SUCCESSFUL in 24 s 941 ms [39m

33 tasks in total: 19 executed, 14 up-to-date
