
OHOS_REPORT_SUM: 2
OHOS_REPORT_STATUS: class=SELFTransferNative


OHOS_REPORT_STATUS: class=SELFTransferNative
OHOS_REPORT_STATUS: current=1
OHOS_REPORT_STATUS: id=JS
OHOS_REPORT_STATUS: numtests=2
OHOS_REPORT_STATUS: stream=
OHOS_REPORT_STATUS: test=officialZipAndPlyRoundTripPreservesSha256
OHOS_REPORT_STATUS_CODE: 1

SELF_TRANSFER_NATIVE_EVIDENCE {"api":26,"deviceType":"tablet","sourceSha256":"8fccedf36ad9e9147cd5447fd8b56edbf97ae53e59da1b83af4352d36645bfba","receivedSha256":"8fccedf36ad9e9147cd5447fd8b56edbf97ae53e59da1b83af4352d36645bfba","vertexCount":96,"match":true}

OHOS_REPORT_STATUS: class=SELFTransferNative
OHOS_REPORT_STATUS: current=1
OHOS_REPORT_STATUS: id=JS
OHOS_REPORT_STATUS: numtests=2
OHOS_REPORT_STATUS: stream=
OHOS_REPORT_STATUS: test=officialZipAndPlyRoundTripPreservesSha256
OHOS_REPORT_STATUS_CODE: 0
OHOS_REPORT_STATUS: consuming=18


OHOS_REPORT_STATUS: class=SELFTransferNative
OHOS_REPORT_STATUS: current=2
OHOS_REPORT_STATUS: id=JS
OHOS_REPORT_STATUS: numtests=2
OHOS_REPORT_STATUS: stream=
OHOS_REPORT_STATUS: test=protocolRejectsUnsafePaths
OHOS_REPORT_STATUS_CODE: 1


OHOS_REPORT_STATUS: class=SELFTransferNative
OHOS_REPORT_STATUS: current=2
OHOS_REPORT_STATUS: id=JS
OHOS_REPORT_STATUS: numtests=2
OHOS_REPORT_STATUS: stream=
OHOS_REPORT_STATUS: test=protocolRejectsUnsafePaths
OHOS_REPORT_STATUS_CODE: 0
OHOS_REPORT_STATUS: consuming=1


OHOS_REPORT_STATUS: class=SELFTransferNative
OHOS_REPORT_STATUS: suiteconsuming=19


OHOS_REPORT_RESULT: stream=Tests run: 2, Failure: 0, Error: 0, Pass: 2, Ignore: 0
OHOS_REPORT_CODE: 0
OHOS_REPORT_STATUS: taskconsuming=19

TestFinished-ResultCode: 0
TestFinished-ResultMsg: your test finished!!!
user test finished.
