09-22 22:14:31.768 30520 30520 I A03d00/JSAPP: SELF_ES_EVENT {"generation":1,"graphics":{"abi":"64-bit","glsl":"OpenGL ES GLSL ES 3.10","renderer":"Mali-G77","textureUnits":32,"thread":139636439251712,"vendor":"ARM","version":"OpenGL ES 3.2 (4.6.0 - Build 32.0.101.8724)"},"type":"READY"}
09-22 22:14:31.772 30520 30520 I A03d00/JSAPP: SELF_FEATHER_PROBE {"center":255,"monotonic":true,"narrowCenter":127,"outsideTexels":0,"softTexels":1472}
09-22 22:14:31.772 30520 30520 I A03d00/JSAPP: SELF_RECON_SUPPORT {"available":false,"message":"当前设备未提供原生空间重建库。已录视频会保留，但不能在此设备生成个人3D。"}
09-22 22:14:31.785 30520 30520 I A03d00/JSAPP: SELF_ES_PROBE {"graphics":{"abi":"64-bit","glsl":"OpenGL ES GLSL ES 3.10","renderer":"Mali-G77","textureUnits":32,"thread":139636439251712,"vendor":"ARM","version":"OpenGL ES 3.2 (4.6.0 - Build 32.0.101.8724)"},"pngRoundtripExact":true,"rgba8Fbo":true}
09-22 22:14:31.790 30520 30520 I A03d00/JSAPP: SELF_EXIF 1 {"height":49,"width":33}
09-22 22:14:31.794 30520 30520 I A03d00/JSAPP: SELF_EXIF 2 {"height":49,"width":33}
09-22 22:14:31.799 30520 30520 I A03d00/JSAPP: SELF_EXIF 3 {"height":49,"width":33}
09-22 22:14:31.803 30520 30520 I A03d00/JSAPP: SELF_EXIF 4 {"height":49,"width":33}
09-22 22:14:31.809 30520 30520 I A03d00/JSAPP: SELF_EXIF 5 {"height":33,"width":49}
09-22 22:14:31.812 30520 30520 I A03d00/JSAPP: SELF_EXIF 6 {"height":33,"width":49}
09-22 22:14:31.815 30520 30520 I A03d00/JSAPP: SELF_EXIF 7 {"height":33,"width":49}
09-22 22:14:31.818 30520 30520 I A03d00/JSAPP: SELF_EXIF 8 {"height":33,"width":49}
09-22 22:14:31.925 30520 30520 I A03d00/JSAPP: SELF_ES_GLB {"height":1024,"triangles":17684,"vertices":9279,"width":1024}
09-22 22:14:32.448 30520 30520 I A03d00/JSAPP: SELF_ES_SELECTION 68637
09-22 22:14:32.555 30520 30520 I A03d00/JSAPP: SELF_ES_EDIT {"checkedHeight":380,"checkedWidth":720,"maxNonAuthorizedError":0,"maxProtectedError":0,"nonAuthorizedPixels":273330,"protectedPixels":86}
09-22 22:14:32.989 30520 30520 I A03d00/JSAPP: SELF_ES_SNAPSHOT {"height":1024,"split":470635,"view":{"distance":16.0,"panX":0.0,"panY":0.0,"pitch":0.0,"yaw":0.0},"width":768}
09-22 22:14:33.252 30520 30520 I A03d00/JSAPP: SELF_ES_EXCEPTION {"checkedHeight":380,"checkedWidth":720,"maxNonAuthorizedError":0,"maxProtectedError":0,"nonAuthorizedPixels":273416,"protectedPixels":0}
09-22 22:14:33.759 30520 30520 I A03d00/JSAPP: SELF_V2_CHECK {"checkedHeight":380,"checkedWidth":720,"maxNonAuthorizedError":0,"maxProtectedError":0,"nonAuthorizedPixels":273330,"protectedPixels":86}
09-22 22:14:36.076 30520 30520 I A03d00/JSAPP: SELF_ES_PHOTO {"selectedPixels":171,"view":{"distance":16,"panX":0.4000000059604645,"panY":0,"pitch":0,"yaw":0},"malformedRejected":true}
09-22 22:14:37.351 30520 30520 I A03d00/JSAPP: SELF_PRODUCT_PROBE {"style":"red-jar","stats":{"animationFrames":28,"lidProgress":1,"ready":true},"reducedMotionClosed":true}
09-22 22:14:38.547 30520 30520 I A03d00/JSAPP: SELF_PRODUCT_PROBE {"style":"black-jar","stats":{"animationFrames":56,"lidProgress":1,"ready":true},"reducedMotionClosed":true}
09-22 22:14:39.741 30520 30520 I A03d00/JSAPP: SELF_PRODUCT_PROBE {"style":"white-pump","stats":{"animationFrames":83,"lidProgress":1,"ready":true},"reducedMotionClosed":true}
09-22 22:14:40.931 30520 30520 I A03d00/JSAPP: SELF_PRODUCT_PROBE {"style":"black-tube","stats":{"animationFrames":110,"lidProgress":1,"ready":true},"reducedMotionClosed":true}
09-22 22:14:42.124 30520 30520 I A03d00/JSAPP: SELF_PRODUCT_PROBE {"style":"white-set","stats":{"animationFrames":137,"lidProgress":1,"ready":true},"reducedMotionClosed":true}
09-22 22:14:43.309 30520 30520 I A03d00/JSAPP: SELF_PRODUCT_PROBE {"style":"white-ampoule","stats":{"animationFrames":164,"lidProgress":1,"ready":true},"reducedMotionClosed":true}
09-22 22:14:43.407 30520 30520 I A03d00/JSAPP: SELF_ES_STATS {"cpuSubmitAndSwapP50Ms":1.970706,"cpuSubmitAndSwapP95Ms":6.275287,"cpuSubmitOver50Ms":0,"frames":213,"generation":1,"graphics":{"abi":"64-bit","glsl":"OpenGL ES GLSL ES 3.10","renderer":"Mali-G77","textureUnits":32,"thread":139636439251712,"vendor":"ARM","version":"OpenGL ES 3.2 (4.6.0 - Build 32.0.101.8724)"},"renderStartIntervalOver50Ms":0,"renderStartIntervalP50Ms":0.0,"renderStartIntervalP95Ms":0.0,"transitionFrames":20}
09-22 22:14:43.407 30520 30520 I A03d00/JSAPP: SELF_ES_PROBE_FINISHED
09-22 22:14:43.464 30520 30520 I A03d00/JSAPP: SELF_NETWORKKIT {"healthStatus":200,"modelConfigured":true,"paidCall":"not attempted in connectivity probe"}
