start ability successfully.

OHOS_REPORT_SUM: 2
OHOS_REPORT_STATUS: class=SELFNativeCamera


OHOS_REPORT_STATUS: class=SELFNativeCamera
OHOS_REPORT_STATUS: current=1
OHOS_REPORT_STATUS: id=JS
OHOS_REPORT_STATUS: numtests=2
OHOS_REPORT_STATUS: stream=
OHOS_REPORT_STATUS: test=fullScreenCameraRotatesReopensAndKeepsEntry
OHOS_REPORT_STATUS_CODE: 1


OHOS_REPORT_STATUS: class=SELFNativeCamera
OHOS_REPORT_STATUS: current=1
OHOS_REPORT_STATUS: id=JS
OHOS_REPORT_STATUS: numtests=2
OHOS_REPORT_STATUS: stream=
OHOS_REPORT_STATUS: test=fullScreenCameraRotatesReopensAndKeepsEntry
OHOS_REPORT_STATUS_CODE: 0
OHOS_REPORT_STATUS: consuming=18468


OHOS_REPORT_STATUS: class=SELFNativeCamera
OHOS_REPORT_STATUS: current=2
OHOS_REPORT_STATUS: id=JS
OHOS_REPORT_STATUS: numtests=2
OHOS_REPORT_STATUS: stream=
OHOS_REPORT_STATUS: test=anchoredAtmosphereAccentAndLanguage
OHOS_REPORT_STATUS_CODE: 1


OHOS_REPORT_STATUS: class=SELFNativeCamera
OHOS_REPORT_STATUS: current=2
OHOS_REPORT_STATUS: id=JS
OHOS_REPORT_STATUS: numtests=2
OHOS_REPORT_STATUS: stream=
OHOS_REPORT_STATUS: test=anchoredAtmosphereAccentAndLanguage
OHOS_REPORT_STATUS_CODE: 0
OHOS_REPORT_STATUS: consuming=9891


OHOS_REPORT_STATUS: class=SELFNativeCamera
OHOS_REPORT_STATUS: suiteconsuming=28359


OHOS_REPORT_RESULT: stream=Tests run: 2, Failure: 0, Error: 0, Pass: 2, Ignore: 0
OHOS_REPORT_CODE: 0
OHOS_REPORT_STATUS: taskconsuming=28359

TestFinished-ResultCode: 0
TestFinished-ResultMsg: your test finished!!!
user test finished.
