
OHOS_REPORT_SUM: 3
OHOS_REPORT_STATUS: class=SELFNativeApi26UI


OHOS_REPORT_STATUS: class=SELFNativeApi26UI
OHOS_REPORT_STATUS: current=1
OHOS_REPORT_STATUS: id=JS
OHOS_REPORT_STATUS: numtests=3
OHOS_REPORT_STATUS: stream=
OHOS_REPORT_STATUS: test=recenterUsesEdgeIconAndReturnsNativeViewSmoothly
OHOS_REPORT_STATUS_CODE: 1


OHOS_REPORT_STATUS: class=SELFNativeApi26UI
OHOS_REPORT_STATUS: current=1
OHOS_REPORT_STATUS: id=JS
OHOS_REPORT_STATUS: numtests=3
OHOS_REPORT_STATUS: stack=    at anonymous entry (entry/src/ohosTest/ets/test/List.test.ets:121:49)
OHOS_REPORT_STATUS: stream=Error in recenterUsesEdgeIconAndReturnsNativeViewSmoothly, Cannot read property delayMs of null
OHOS_REPORT_STATUS: test=recenterUsesEdgeIconAndReturnsNativeViewSmoothly
OHOS_REPORT_STATUS_CODE: -1
OHOS_REPORT_STATUS: consuming=3383


OHOS_REPORT_STATUS: class=SELFNativeApi26UI
OHOS_REPORT_STATUS: current=2
OHOS_REPORT_STATUS: id=JS
OHOS_REPORT_STATUS: numtests=3
OHOS_REPORT_STATUS: stream=
OHOS_REPORT_STATUS: test=saveReopenExportAndDeleteOnlyNewTestWork
OHOS_REPORT_STATUS_CODE: 1


OHOS_REPORT_STATUS: class=SELFNativeApi26UI
OHOS_REPORT_STATUS: current=2
OHOS_REPORT_STATUS: id=JS
OHOS_REPORT_STATUS: numtests=3
OHOS_REPORT_STATUS: stack=    at anonymous entry (entry/src/ohosTest/ets/test/List.test.ets:136:188)
OHOS_REPORT_STATUS: stream=Error in saveReopenExportAndDeleteOnlyNewTestWork, Cannot read property delayMs of null
OHOS_REPORT_STATUS: test=saveReopenExportAndDeleteOnlyNewTestWork
OHOS_REPORT_STATUS_CODE: -1
OHOS_REPORT_STATUS: consuming=4


OHOS_REPORT_STATUS: class=SELFNativeApi26UI
OHOS_REPORT_STATUS: current=3
OHOS_REPORT_STATUS: id=JS
OHOS_REPORT_STATUS: numtests=3
OHOS_REPORT_STATUS: stream=
OHOS_REPORT_STATUS: test=realTouchLassoThenModelConsentDeclineKeepsOriginal
OHOS_REPORT_STATUS_CODE: 1


OHOS_REPORT_STATUS: class=SELFNativeApi26UI
OHOS_REPORT_STATUS: current=3
OHOS_REPORT_STATUS: id=JS
OHOS_REPORT_STATUS: numtests=3
OHOS_REPORT_STATUS: stack=    at anonymous entry (entry/src/ohosTest/ets/test/List.test.ets:154:49)
OHOS_REPORT_STATUS: stream=Error in realTouchLassoThenModelConsentDeclineKeepsOriginal, Cannot read property delayMs of null
OHOS_REPORT_STATUS: test=realTouchLassoThenModelConsentDeclineKeepsOriginal
OHOS_REPORT_STATUS_CODE: -1
OHOS_REPORT_STATUS: consuming=20


OHOS_REPORT_STATUS: class=SELFNativeApi26UI
OHOS_REPORT_STATUS: suiteconsuming=3407


OHOS_REPORT_RESULT: stream=Tests run: 3, Failure: 0, Error: 3, Pass: 0, Ignore: 0
OHOS_REPORT_CODE: 0
OHOS_REPORT_STATUS: taskconsuming=3407

TestFinished-ResultCode: 0
TestFinished-ResultMsg: your test finished!!!
user test finished.
