09-23 12:09:34.461  7955  7955 I A03d00/JSAPP: SELF_CAMERA_SURFACE {"width":2440.888916015625,"height":1373,"aspect":1.7777777777777777}
09-23 12:09:34.496  7955  7955 I A03d00/JSAPP: SELF_CAMERA_ROTATION {"display":270,"preview":180,"width":1280,"height":720}
09-23 12:09:34.499  7955  7955 I A03d00/JSAPP: SELF_CAMERA_SURFACE {"width":1587.5555419921875,"height":893,"aspect":1.7777777777777777}
09-23 12:09:34.954  7955  7955 I A03d00/JSAPP: SELF_CAMERA_FRAME {"width":960,"height":540,"detected":false,"faces":0,"processingMs":0.016573,"frames":0,"cycleMs":91,"source":"camera-image-receiver","privatePixelsLogged":false}
09-23 12:09:36.893  7955  7955 I A03d00/JSAPP: [a92ab35100a04c5, d5f42f, 2bf10cd] SELF_CAMERA_DEVICES [{"position":1,"type":1,"connection":0},{"position":2,"type":1,"connection":0}]
09-23 12:09:36.893  7955  7955 I A03d00/JSAPP: [a92ab35100a04c5, d5f42f, 2bf10cd] SELF_CAMERA_METADATA_TYPES []
09-23 12:09:36.953  7955  7955 I A03d00/JSAPP: [a92ab35100a04c5, 3e9ad44, 2591bc1] SELF_CAMERA_ENCODERS [{"mimeType":"audio/mp4a-latm","type":"audio","bitRate":{"min":1,"max":500000},"channels":{"min":1,"max":8},"sampleRate":[7350,8000,11025,12000,16000,22050,24000,32000,44100,48000,64000,88200,96000]}]
09-23 12:09:36.953  7955  7955 I A03d00/JSAPP: [a92ab35100a04c5, 3e9ad44, 2591bc1] SELF_CAMERA_PROFILES [{"format":3,"frameRateRange":{"min":30,"max":60},"size":{"width":1280,"height":720}}]
09-23 12:09:37.274  7955  7955 I A03d00/JSAPP: SELF_CAMERA_ROTATION {"display":270,"preview":180,"width":1280,"height":720}
09-23 12:09:37.275  7955  7955 I A03d00/JSAPP: SELF_CAMERA_READY {"width":1280,"height":720,"fps":30,"position":2,"recording":false,"canRecord":false}
09-23 12:09:37.275  7955  7955 I A03d00/JSAPP: SELF_CAMERA_PREVIEW_STARTED
09-23 12:09:38.929  7955  7955 I A03d00/JSAPP: SELF_CAMERA_FRAME {"width":960,"height":540,"detected":true,"faces":1,"processingMs":17.618457,"frames":0,"cycleMs":47,"source":"camera-image-receiver","privatePixelsLogged":false}
09-23 12:09:39.024  7955  7955 I A03d00/JSAPP: SELF_CAMERA_LAYOUT {"pass":0,"fullscreen":{"bottom":1864,"displayId":0,"left":0,"right":2880,"top":86},"preview":{"bottom":1864,"displayId":0,"left":0,"right":2880,"top":86},"ratio":1.6197975253093364,"status":"前置 · 1280 × 720 · 系统录像编码器未提供 · 本机软件采集","canRecord":true,"privatePixelsCaptured":false}
09-23 12:09:40.075  7955  7955 I A03d00/JSAPP: SELF_CAMERA_DEVICES [{"position":1,"type":1,"connection":0},{"position":2,"type":1,"connection":0}]
09-23 12:09:40.076  7955  7955 I A03d00/JSAPP: SELF_CAMERA_METADATA_TYPES []
09-23 12:09:40.092  7955  7955 I A03d00/JSAPP: SELF_CAMERA_SURFACE {"width":1066.6666259765625,"height":600,"aspect":1.7777777777777777}
09-23 12:09:40.094  7955  7955 I A03d00/JSAPP: SELF_CAMERA_ENCODERS [{"mimeType":"audio/mp4a-latm","type":"audio","bitRate":{"min":1,"max":500000},"channels":{"min":1,"max":8},"sampleRate":[7350,8000,11025,12000,16000,22050,24000,32000,44100,48000,64000,88200,96000]}]
09-23 12:09:40.094  7955  7955 I A03d00/JSAPP: SELF_CAMERA_PROFILES [{"format":3,"frameRateRange":{"min":30,"max":60},"size":{"width":1280,"height":720}}]
09-23 12:09:40.118  7955  7955 I A03d00/JSAPP: SELF_CAMERA_SURFACE {"width":1587.5555419921875,"height":893,"aspect":1.7777777777777777}
09-23 12:09:40.289  7955  7955 I A03d00/JSAPP: SELF_CAMERA_ROTATION {"display":270,"preview":180,"width":1280,"height":720}
09-23 12:09:40.314  7955  7955 I A03d00/JSAPP: SELF_CAMERA_READY {"width":1280,"height":720,"fps":30,"position":2,"recording":false,"canRecord":false}
09-23 12:09:40.409  7955  7955 I A03d00/JSAPP: SELF_CAMERA_PREVIEW_STARTED
09-23 12:09:42.045  7955  7955 I A03d00/JSAPP: SELF_CAMERA_FRAME {"width":960,"height":540,"detected":true,"faces":1,"processingMs":17.415719,"frames":0,"cycleMs":59,"source":"camera-image-receiver","privatePixelsLogged":false}
09-23 12:09:42.066  7955  7955 I A03d00/JSAPP: SELF_CAMERA_LAYOUT {"pass":1,"fullscreen":{"bottom":1864,"displayId":0,"left":0,"right":2880,"top":86},"preview":{"bottom":1864,"displayId":0,"left":0,"right":2880,"top":86},"ratio":1.6197975253093364,"status":"前置 · 1280 × 720 · 系统录像编码器未提供 · 本机软件采集","canRecord":false,"privatePixelsCaptured":false}
09-23 12:09:44.803  7955  7955 I A03d00/JSAPP: SELF_CAMERA_SURFACE {"width":1066.6666259765625,"height":600,"aspect":1.7777777777777777}
09-23 12:09:44.804  7955  7955 I A03d00/JSAPP: SELF_CAMERA_DEVICES [{"position":1,"type":1,"connection":0},{"position":2,"type":1,"connection":0}]
09-23 12:09:44.804  7955  7955 I A03d00/JSAPP: SELF_CAMERA_METADATA_TYPES []
09-23 12:09:44.820  7955  7955 I A03d00/JSAPP: SELF_CAMERA_SURFACE {"width":1587.5555419921875,"height":893,"aspect":1.7777777777777777}
09-23 12:09:44.827  7955  7955 I A03d00/JSAPP: SELF_CAMERA_ENCODERS [{"mimeType":"audio/mp4a-latm","type":"audio","bitRate":{"min":1,"max":500000},"channels":{"min":1,"max":8},"sampleRate":[7350,8000,11025,12000,16000,22050,24000,32000,44100,48000,64000,88200,96000]}]
09-23 12:09:44.827  7955  7955 I A03d00/JSAPP: SELF_CAMERA_PROFILES [{"format":3,"frameRateRange":{"min":30,"max":60},"size":{"width":1280,"height":720}}]
09-23 12:09:45.055  7955  7955 I A03d00/JSAPP: SELF_CAMERA_ROTATION {"display":270,"preview":180,"width":1280,"height":720}
09-23 12:09:45.055  7955  7955 I A03d00/JSAPP: SELF_CAMERA_READY {"width":1280,"height":720,"fps":30,"position":2,"recording":false,"canRecord":false}
09-23 12:09:45.061  7955  7955 I A03d00/JSAPP: SELF_CAMERA_PREVIEW_STARTED
09-23 12:09:46.587  7955  7955 I A03d00/JSAPP: SELF_CAMERA_FRAME {"width":960,"height":540,"detected":true,"faces":1,"processingMs":21.277027,"frames":0,"cycleMs":78,"source":"camera-image-receiver","privatePixelsLogged":false}
09-23 12:09:49.182  7955  7955 I A03d00/JSAPP: SELF_CAMERA_FRAME {"width":960,"height":540,"detected":true,"faces":1,"processingMs":23.150995,"frames":22,"cycleMs":61,"source":"camera-image-receiver","privatePixelsLogged":false}
09-23 12:09:51.764  7955  7955 I A03d00/JSAPP: SELF_CAMERA_FRAME {"width":960,"height":540,"detected":true,"faces":1,"processingMs":23.117254,"frames":42,"cycleMs":49,"source":"camera-image-receiver","privatePixelsLogged":false}
09-23 12:09:51.842  7955  7955 I A03d00/JSAPP: SELF_CAMERA_SAVED {"schemaVersion":2,"source":"native-camera-receiver-software-h264","createdAt":1790136586777,"durationMs":5022,"width":960,"height":540,"bytes":1961816,"frames":42,"fps":8.363201911589009,"previewStarted":true,"reconstructionStatus":"not-reconstructed","poseData":false,"private":true}
09-23 12:09:51.855  7955  7955 I A03d00/JSAPP: SELF_RECON_SUPPORT {"available":false,"blockedStage":"device-runtime","libraryLoaded":false,"message":"当前设备缺少空间建模能力，暂时不能生成你的3D面容。","pipelineImplemented":false}
