start ability successfully.

OHOS_REPORT_SUM: 1
OHOS_REPORT_STATUS: class=SELFNativeModelLive


OHOS_REPORT_STATUS: class=SELFNativeModelLive
OHOS_REPORT_STATUS: current=1
OHOS_REPORT_STATUS: id=JS
OHOS_REPORT_STATUS: numtests=1
OHOS_REPORT_STATUS: stream=
OHOS_REPORT_STATUS: test=publicSampleImageModelConsentNativeCommitAndBill
OHOS_REPORT_STATUS_CODE: 1


OHOS_REPORT_STATUS: class=SELFNativeModelLive
OHOS_REPORT_STATUS: current=1
OHOS_REPORT_STATUS: id=JS
OHOS_REPORT_STATUS: numtests=1
OHOS_REPORT_STATUS: stack=    at anonymous entry (entry/src/ohosTest/ets/test/LiveModel.test.ets:44:91)
OHOS_REPORT_STATUS: stream=Error in publicSampleImageModelConsentNativeCommitAndBill, TypeError: Cannot read property click of null
OHOS_REPORT_STATUS: test=publicSampleImageModelConsentNativeCommitAndBill
OHOS_REPORT_STATUS_CODE: -1
OHOS_REPORT_STATUS: consuming=12135


OHOS_REPORT_STATUS: class=SELFNativeModelLive
OHOS_REPORT_STATUS: suiteconsuming=12135


OHOS_REPORT_RESULT: stream=Tests run: 1, Failure: 0, Error: 1, Pass: 0, Ignore: 0
OHOS_REPORT_CODE: 0
OHOS_REPORT_STATUS: taskconsuming=12135

TestFinished-ResultCode: 0
TestFinished-ResultMsg: your test finished!!!
user test finished.
