Prepared three original stereo ambient loops; default playback is off.
Copied checked-in GLB, masks, manifests, licenses and original audio into native rawfile resources.
> hvigor [32mUP-TO-DATE :entry:default@PreBuild...  [39m
> hvigor [32mFinished :entry:default@CreateModuleInfo... after 1 ms [39m
> hvigor [32mUP-TO-DATE :entry:default@GenerateMetadata...  [39m
> hvigor [32mFinished :entry:default@ConfigureCmake... after 59 ms [39m
> hvigor [32mUP-TO-DATE :entry:default@MergeProfile...  [39m
> hvigor [32mUP-TO-DATE :entry:default@CreateBuildProfile...  [39m
> hvigor [32mFinished :entry:default@PreCheckSyscap... after 1 ms [39m
> hvigor [32mFinished :entry:default@GeneratePkgSdkInfo... after 6 ms [39m
> hvigor [32mFinished :entry:default@ProcessIntegratedHsp... after 1 ms [39m
> hvigor [32mFinished :entry:default@BuildNativeWithCmake... after 43 ms [39m
> hvigor [32mUP-TO-DATE :entry:default@MakePackInfo...  [39m
> hvigor [32mFinished :entry:default@SyscapTransform... after 11 ms [39m
> hvigor [32mUP-TO-DATE :entry:default@GeneratePkgContextInfo...  [39m
> hvigor [32mUP-TO-DATE :entry:default@ProcessProfile...  [39m
> hvigor [32mUP-TO-DATE :entry:default@ProcessRouterMap...  [39m
> hvigor [32mUP-TO-DATE :entry:default@ProcessShareConfig...  [39m
> hvigor [32mFinished :entry:default@ProcessStartupConfig... after 3 ms [39m
> hvigor [32mUP-TO-DATE :entry:default@ProcessResource...  [39m
> hvigor [32mUP-TO-DATE :entry:default@GenerateLoaderJson...  [39m
> hvigor [32mFinished :entry:default@CompileResource... after 251 ms [39m
> hvigor [32mFinished :entry:default@BuildJS... after 4 ms [39m
> hvigor [32mFinished :entry:default@BuildNativeWithNinja... after 94 ms [39m
> hvigor [32mUP-TO-DATE :entry:default@ProcessLibs...  [39m
> hvigor [32mUP-TO-DATE :entry:default@DoNativeStrip...  [39m
> hvigor [32mUP-TO-DATE :entry:default@CacheNativeLibs...  [39m
> hvigor WARN: WARN: ArkTS:WARN File: D:/STUDY/College/mine/olay/entry/src/main/ets/entryability/EntryAbility.ets:8:100
 This API is unavailable to 2in1.

WARN: ArkTS:WARN File: D:/STUDY/College/mine/olay/entry/src/main/ets/entryability/EntryAbility.ets:9:11
 Function may throw exceptions. Special handling is required.

WARN: ArkTS:WARN File: D:/STUDY/College/mine/olay/entry/src/main/ets/bridge/RendererBridge.ets:55:29
 Function may throw exceptions. Special handling is required.

WARN: ArkTS:WARN File: D:/STUDY/College/mine/olay/entry/src/main/ets/bridge/RendererBridge.ets:56:19
 Function may throw exceptions. Special handling is required.

WARN: ArkTS:WARN File: D:/STUDY/College/mine/olay/entry/src/main/ets/bridge/RendererBridge.ets:91:16
 Function may throw exceptions. Special handling is required.

WARN: ArkTS:WARN File: D:/STUDY/College/mine/olay/entry/src/main/ets/bridge/RendererBridge.ets:97:54
 Function may throw exceptions. Special handling is required.

WARN: ArkTS:WARN File: D:/STUDY/College/mine/olay/entry/src/main/ets/bridge/RendererBridge.ets:97:100
 Function may throw exceptions. Special handling is required.

WARN: ArkTS:WARN File: D:/STUDY/College/mine/olay/entry/src/main/ets/bridge/RendererBridge.ets:98:19
 Function may throw exceptions. Special handling is required.

WARN: ArkTS:WARN File: D:/STUDY/College/mine/olay/entry/src/main/ets/bridge/RendererBridge.ets:106:56
 Function may throw exceptions. Special handling is required.

WARN: ArkTS:WARN File: D:/STUDY/College/mine/olay/entry/src/main/ets/bridge/RendererBridge.ets:107:13
 Function may throw exceptions. Special handling is required.

WARN: ArkTS:WARN File: D:/STUDY/College/mine/olay/entry/src/main/ets/bridge/RendererBridge.ets:108:21
 Function may throw exceptions. Special handling is required.

WARN: ArkTS:WARN File: D:/STUDY/College/mine/olay/entry/src/main/ets/pages/NativeMirrorSurface.ets:22:34
 The 'fill' API is supported since SDK version 26.0.0. However, the current compatible SDK version is 5.1.1(19).
 It is recommended to use apiAvailable to safeguard API compatibility.

WARN: ArkTS:WARN File: D:/STUDY/College/mine/olay/entry/src/main/ets/pages/NativeMirrorSurface.ets:22:50
 The 'stroke' API is supported since SDK version 26.0.0. However, the current compatible SDK version is 5.1.1(19).
 It is recommended to use apiAvailable to safeguard API compatibility.

WARN: ArkTS:WARN File: D:/STUDY/College/mine/olay/entry/src/main/ets/services/CameraCaptureSession.ets:39:24
 The system capacity of this api 'media' is not supported on all devices

WARN: ArkTS:WARN File: D:/STUDY/College/mine/olay/entry/src/main/ets/services/CameraCaptureSession.ets:42:68
 The system capacity of this api 'media' is not supported on all devices

WARN: ArkTS:WARN File: D:/STUDY/College/mine/olay/entry/src/main/ets/services/CameraCaptureSession.ets:55:57
 The system capacity of this api 'media' is not supported on all devices

WARN: ArkTS:WARN File: D:/STUDY/College/mine/olay/entry/src/main/ets/services/CameraCaptureSession.ets:56:25
 The system capacity of this api 'media' is not supported on all devices

WARN: ArkTS:WARN File: D:/STUDY/College/mine/olay/entry/src/main/ets/services/CameraCaptureSession.ets:58:24
 To use this API, you need to apply for the permissions: ohos.permission.MICROPHONE
This permission is required only if audio recording is involved. [since 12]

WARN: ArkTS:WARN File: D:/STUDY/College/mine/olay/entry/src/main/ets/services/CameraCaptureSession.ets:79:23
 Function may throw exceptions. Special handling is required.

WARN: ArkTS:WARN File: D:/STUDY/College/mine/olay/entry/src/main/ets/services/CameraCaptureSession.ets:83:47
 Function may throw exceptions. Special handling is required.

WARN: ArkTS:WARN File: D:/STUDY/College/mine/olay/entry/src/main/ets/services/CameraCaptureSession.ets:84:47
 Function may throw exceptions. Special handling is required.

WARN: ArkTS:WARN File: D:/STUDY/College/mine/olay/entry/src/main/ets/services/CameraCaptureSession.ets:85:18
 Function may throw exceptions. Special handling is required.

WARN: ArkTS:WARN File: D:/STUDY/College/mine/olay/entry/src/main/ets/services/CameraCaptureSession.ets:87:17
 Function may throw exceptions. Special handling is required.

WARN: ArkTS:WARN File: D:/STUDY/College/mine/olay/entry/src/main/ets/services/CameraCaptureSession.ets:87:94
 Function may throw exceptions. Special handling is required.

WARN: ArkTS:WARN File: D:/STUDY/College/mine/olay/entry/src/main/ets/services/CameraCaptureSession.ets:87:150
 Function may throw exceptions. Special handling is required.

WARN: ArkTS:WARN File: D:/STUDY/College/mine/olay/entry/src/main/ets/services/CameraCaptureSession.ets:100:37
 Function may throw exceptions. Special handling is required.

WARN: ArkTS:WARN File: D:/STUDY/College/mine/olay/entry/src/main/ets/services/CameraCaptureSession.ets:100:62
 Function may throw exceptions. Special handling is required.

WARN: ArkTS:WARN File: D:/STUDY/College/mine/olay/entry/src/main/ets/pages/ProductFactsDeck.ets:19:13
 The 'fill' API is supported since SDK version 26.0.0. However, the current compatible SDK version is 5.1.1(19).
 It is recommended to use apiAvailable to safeguard API compatibility.

WARN: ArkTS:WARN File: D:/STUDY/College/mine/olay/entry/src/main/ets/pages/ProductFactsDeck.ets:21:61
 The 'fill' API is supported since SDK version 26.0.0. However, the current compatible SDK version is 5.1.1(19).
 It is recommended to use apiAvailable to safeguard API compatibility.

WARN: ArkTS:WARN File: D:/STUDY/College/mine/olay/entry/src/main/ets/pages/ProductFactsDeck.ets:21:107
 The 'fill' API is supported since SDK version 26.0.0. However, the current compatible SDK version is 5.1.1(19).
 It is recommended to use apiAvailable to safeguard API compatibility.

WARN: ArkTS:WARN File: D:/STUDY/College/mine/olay/entry/src/main/ets/pages/ProductFactsDeck.ets:21:151
 The 'fill' API is supported since SDK version 26.0.0. However, the current compatible SDK version is 5.1.1(19).
 It is recommended to use apiAvailable to safeguard API compatibility.

WARN: ArkTS:WARN File: D:/STUDY/College/mine/olay/entry/src/main/ets/services/PlannerClient.ets:40:33
 Function may throw exceptions. Special handling is required.

WARN: ArkTS:WARN File: D:/STUDY/College/mine/olay/entry/src/main/ets/services/AssetStore.ets:23:75
 Function may throw exceptions. Special handling is required.

WARN: ArkTS:WARN File: D:/STUDY/College/mine/olay/entry/src/main/ets/services/AssetStore.ets:27:16
 Function may throw exceptions. Special handling is required.

WARN: ArkTS:WARN File: D:/STUDY/College/mine/olay/entry/src/main/ets/services/AssetStore.ets:28:25
 Function may throw exceptions. Special handling is required.

WARN: ArkTS:WARN File: D:/STUDY/College/mine/olay/entry/src/main/ets/services/AssetStore.ets:30:84
 Function may throw exceptions. Special handling is required.

WARN: ArkTS:WARN File: D:/STUDY/College/mine/olay/entry/src/main/ets/services/AssetStore.ets:32:17
 Function may throw exceptions. Special handling is required.

WARN: ArkTS:WARN File: D:/STUDY/College/mine/olay/entry/src/main/ets/services/AssetStore.ets:36:39
 Function may throw exceptions. Special handling is required.

WARN: ArkTS:WARN File: D:/STUDY/College/mine/olay/entry/src/main/ets/services/AssetStore.ets:38:21
 Function may throw exceptions. Special handling is required.

WARN: ArkTS:WARN File: D:/STUDY/College/mine/olay/entry/src/main/ets/services/AssetStore.ets:38:40
 Function may throw exceptions. Special handling is required.

WARN: ArkTS:WARN File: D:/STUDY/College/mine/olay/entry/src/main/ets/services/AssetStore.ets:38:60
 Function may throw exceptions. Special handling is required.

WARN: ArkTS:WARN File: D:/STUDY/College/mine/olay/entry/src/main/ets/services/AssetStore.ets:39:8
 Function may throw exceptions. Special handling is required.

WARN: ArkTS:WARN File: D:/STUDY/College/mine/olay/entry/src/main/ets/services/AssetStore.ets:39:24
 Function may throw exceptions. Special handling is required.

WARN: ArkTS:WARN File: D:/STUDY/College/mine/olay/entry/src/main/ets/services/AssetStore.ets:47:84
 Function may throw exceptions. Special handling is required.

WARN: ArkTS:WARN File: D:/STUDY/College/mine/olay/entry/src/main/ets/services/AssetStore.ets:49:21
 Function may throw exceptions. Special handling is required.

WARN: ArkTS:WARN File: D:/STUDY/College/mine/olay/entry/src/main/ets/services/AssetStore.ets:50:12
 Function may throw exceptions. Special handling is required.

WARN: ArkTS:WARN File: D:/STUDY/College/mine/olay/entry/src/main/ets/services/AssetStore.ets:50:53
 Function may throw exceptions. Special handling is required.

WARN: ArkTS:WARN File: D:/STUDY/College/mine/olay/entry/src/main/ets/services/AssetStore.ets:56:25
 Function may throw exceptions. Special handling is required.

WARN: ArkTS:WARN File: D:/STUDY/College/mine/olay/entry/src/main/ets/services/AssetStore.ets:56:45
 Function may throw exceptions. Special handling is required.

WARN: ArkTS:WARN File: D:/STUDY/College/mine/olay/entry/src/main/ets/services/AssetStore.ets:58:117
 Function may throw exceptions. Special handling is required.

WARN: ArkTS:WARN File: D:/STUDY/College/mine/olay/entry/src/main/ets/services/AssetStore.ets:58:137
 Function may throw exceptions. Special handling is required.

WARN: ArkTS:WARN File: D:/STUDY/College/mine/olay/entry/src/main/ets/services/WorkspaceStore.ets:18:24
 Function may throw exceptions. Special handling is required.

WARN: ArkTS:WARN File: D:/STUDY/College/mine/olay/entry/src/main/ets/services/WorkspaceStore.ets:25:8
 Function may throw exceptions. Special handling is required.

WARN: ArkTS:WARN File: D:/STUDY/College/mine/olay/entry/src/main/ets/services/WorkspaceStore.ets:34:50
 Function may throw exceptions. Special handling is required.

WARN: ArkTS:WARN File: D:/STUDY/College/mine/olay/entry/src/main/ets/services/WorkspaceStore.ets:38:14
 Function may throw exceptions. Special handling is required.

WARN: ArkTS:WARN File: D:/STUDY/College/mine/olay/entry/src/main/ets/services/WorkspaceStore.ets:38:49
 Function may throw exceptions. Special handling is required.

WARN: ArkTS:WARN File: D:/STUDY/College/mine/olay/entry/src/main/ets/services/WorkspaceStore.ets:40:70
 Function may throw exceptions. Special handling is required.

WARN: ArkTS:WARN File: D:/STUDY/College/mine/olay/entry/src/main/ets/services/WorkspaceStore.ets:46:41
 Function may throw exceptions. Special handling is required.

WARN: ArkTS:WARN File: D:/STUDY/College/mine/olay/entry/src/main/ets/services/WorkspaceStore.ets:48:26
 Function may throw exceptions. Special handling is required.

WARN: ArkTS:WARN File: D:/STUDY/College/mine/olay/entry/src/main/ets/services/WorkspaceStore.ets:48:137
 Function may throw exceptions. Special handling is required.

WARN: ArkTS:WARN File: D:/STUDY/College/mine/olay/entry/src/main/ets/services/WorkspaceStore.ets:49:8
 Function may throw exceptions. Special handling is required.

WARN: ArkTS:WARN File: D:/STUDY/College/mine/olay/entry/src/main/ets/services/WorkspaceStore.ets:64:64
 Function may throw exceptions. Special handling is required.

WARN: ArkTS:WARN File: D:/STUDY/College/mine/olay/entry/src/main/ets/services/WorkspaceStore.ets:65:27
 Function may throw exceptions. Special handling is required.

WARN: ArkTS:WARN File: D:/STUDY/College/mine/olay/entry/src/main/ets/services/WorkspaceStore.ets:66:51
 Function may throw exceptions. Special handling is required.

WARN: ArkTS:WARN File: D:/STUDY/College/mine/olay/entry/src/main/ets/services/WorkspaceStore.ets:71:135
 Function may throw exceptions. Special handling is required.

WARN: ArkTS:WARN File: D:/STUDY/College/mine/olay/entry/src/main/ets/services/WorkspaceStore.ets:71:155
 Function may throw exceptions. Special handling is required.

WARN: ArkTS:WARN File: D:/STUDY/College/mine/olay/entry/src/main/ets/services/WorkspaceStore.ets:75:29
 Function may throw exceptions. Special handling is required.

WARN: ArkTS:WARN File: D:/STUDY/College/mine/olay/entry/src/main/ets/services/WorkspaceStore.ets:78:67
 Function may throw exceptions. Special handling is required.

WARN: ArkTS:WARN File: D:/STUDY/College/mine/olay/entry/src/main/ets/services/WorkspaceStore.ets:78:91
 Function may throw exceptions. Special handling is required.

WARN: ArkTS:WARN File: D:/STUDY/College/mine/olay/entry/src/main/ets/services/WorkspaceStore.ets:82:84
 Function may throw exceptions. Special handling is required.

WARN: ArkTS:WARN File: D:/STUDY/College/mine/olay/entry/src/main/ets/services/WorkspaceStore.ets:82:101
 Function may throw exceptions. Special handling is required.

WARN: ArkTS:WARN File: D:/STUDY/College/mine/olay/entry/src/main/ets/services/WorkspaceStore.ets:83:80
 Function may throw exceptions. Special handling is required.

WARN: ArkTS:WARN File: D:/STUDY/College/mine/olay/entry/src/main/ets/services/WorkspaceStore.ets:83:97
 Function may throw exceptions. Special handling is required.

WARN: ArkTS:WARN File: D:/STUDY/College/mine/olay/entry/src/main/ets/services/AmbientAudio.ets:24:49
 The system capacity of this api 'media' is not supported on all devices

WARN: ArkTS:WARN File: D:/STUDY/College/mine/olay/entry/src/main/ets/services/AmbientAudio.ets:24:55
 Function may throw exceptions. Special handling is required.

WARN: ArkTS:WARN File: D:/STUDY/College/mine/olay/entry/src/main/ets/services/AmbientAudio.ets:25:41
 Function may throw exceptions. Special handling is required.

WARN: ArkTS:WARN File: D:/STUDY/College/mine/olay/entry/src/main/ets/services/AmbientAudio.ets:37:49
 Function may throw exceptions. Special handling is required.

WARN: ArkTS:WARN File: D:/STUDY/College/mine/olay/entry/src/main/ets/services/CaptureService.ets:12:57
 Function may throw exceptions. Special handling is required.

WARN: ArkTS:WARN File: D:/STUDY/College/mine/olay/entry/src/main/ets/services/CaptureService.ets:13:15
 Function may throw exceptions. Special handling is required.

WARN: ArkTS:WARN File: D:/STUDY/College/mine/olay/entry/src/main/ets/services/CaptureService.ets:18:11
 Function may throw exceptions. Special handling is required.

WARN: ArkTS:WARN File: D:/STUDY/College/mine/olay/entry/src/main/ets/services/CaptureService.ets:18:31
 Function may throw exceptions. Special handling is required.

WARN: ArkTS:WARN File: D:/STUDY/College/mine/olay/entry/src/main/ets/services/CaptureService.ets:18:54
 Function may throw exceptions. Special handling is required.

WARN: ArkTS:WARN File: D:/STUDY/College/mine/olay/entry/src/main/ets/services/CaptureService.ets:18:82
 Function may throw exceptions. Special handling is required.

WARN: ArkTS:WARN File: D:/STUDY/College/mine/olay/entry/src/main/ets/services/CaptureService.ets:22:12
 Function may throw exceptions. Special handling is required.

WARN: ArkTS:WARN File: D:/STUDY/College/mine/olay/entry/src/main/ets/services/CaptureService.ets:22:32
 Function may throw exceptions. Special handling is required.

WARN: ArkTS:WARN File: D:/STUDY/College/mine/olay/entry/src/main/ets/services/CaptureService.ets:24:19
 Function may throw exceptions. Special handling is required.

WARN: ArkTS:WARN File: D:/STUDY/College/mine/olay/entry/src/main/ets/services/CaptureService.ets:24:79
 Function may throw exceptions. Special handling is required.

WARN: ArkTS:WARN File: D:/STUDY/College/mine/olay/entry/src/main/ets/services/CaptureService.ets:35:21
 Function may throw exceptions. Special handling is required.

WARN: ArkTS:WARN File: D:/STUDY/College/mine/olay/entry/src/main/ets/services/CaptureService.ets:35:42
 Function may throw exceptions. Special handling is required.

WARN: ArkTS:WARN File: D:/STUDY/College/mine/olay/entry/src/main/ets/services/CaptureService.ets:35:69
 Function may throw exceptions. Special handling is required.

WARN: ArkTS:WARN File: D:/STUDY/College/mine/olay/entry/src/main/ets/pages/NativeEsProbe.ets:84:82
 Function may throw exceptions. Special handling is required.

WARN: ArkTS:WARN File: D:/STUDY/College/mine/olay/entry/src/main/ets/pages/NativeEsProbe.ets:117:64
 Function may throw exceptions. Special handling is required.

WARN: ArkTS:WARN File: D:/STUDY/College/mine/olay/entry/src/main/ets/pages/NativeEsProbe.ets:117:172
 Function may throw exceptions. Special handling is required.

WARN: ArkTS:WARN File: D:/STUDY/College/mine/olay/entry/src/main/ets/pages/NativeEsProbe.ets:117:208
 Function may throw exceptions. Special handling is required.


> hvigor [32mFinished :entry:default@CompileArkTS... after 5 s 128 ms [39m
> hvigor [32mFinished :entry:default@GeneratePkgModuleJson... after 3 ms [39m
> hvigor [32mFinished :entry:default@ProcessCompiledResources... after 1 ms [39m
> hvigor [32mFinished :entry:default@PackageHap... after 609 ms [39m
> hvigor [32mFinished :entry:default@PackingCheck... after 9 ms [39m
> hvigor WARN: No signingConfig found for product default
> hvigor [32mFinished :entry:default@SignHap... after 2 ms [39m
> hvigor [32mFinished :entry:default@CollectDebugSymbol... after 2 ms [39m
> hvigor [32mFinished :entry:assembleHap... after 1 ms [39m
> hvigor [32mBUILD SUCCESSFUL in 13 s 150 ms [39m

33 tasks in total: 19 executed, 14 up-to-date
> hvigor [32mUP-TO-DATE :entry:ohosTest@PreBuild...  [39m
> hvigor [32mFinished :entry:ohosTest@CreateModuleInfo... after 1 ms [39m
> hvigor [32mUP-TO-DATE :entry:ohosTest@GenerateMetadata...  [39m
> hvigor [32mFinished :entry:ohosTest@ConfigureCmake... after 1 ms [39m
> hvigor [32mUP-TO-DATE :entry:ohosTest@MergeProfile...  [39m
> hvigor [32mUP-TO-DATE :entry:ohosTest@CreateBuildProfile...  [39m
> hvigor [32mFinished :entry:ohosTest@PreCheckSyscap... after 1 ms [39m
> hvigor [32mUP-TO-DATE :entry:ohosTest@GenerateOhosTestTemplate...  [39m
> hvigor [32mUP-TO-DATE :entry:ohosTest@GeneratePkgContextInfo...  [39m
> hvigor [32mFinished :entry:ohosTest@GeneratePkgSdkInfo... after 4 ms [39m
> hvigor [32mFinished :entry:ohosTest@ProcessIntegratedHsp... after 1 ms [39m
> hvigor [32mFinished :entry:ohosTest@BuildNativeWithCmake... after 1 ms [39m
> hvigor [32mUP-TO-DATE :entry:ohosTest@MakePackInfo...  [39m
> hvigor [32mFinished :entry:ohosTest@SyscapTransform... after 5 ms [39m
> hvigor [32mUP-TO-DATE :entry:ohosTest@ProcessProfile...  [39m
> hvigor [32mUP-TO-DATE :entry:ohosTest@ProcessRouterMap...  [39m
> hvigor [32mUP-TO-DATE :entry:ohosTest@ProcessShareConfig...  [39m
> hvigor [32mFinished :entry:ohosTest@ProcessStartupConfig... after 2 ms [39m
> hvigor [32mFinished :entry:ohosTest@BuildNativeWithNinja... after 1 ms [39m
> hvigor [32mUP-TO-DATE :entry:ohosTest@ProcessResource...  [39m
> hvigor [32mUP-TO-DATE :entry:ohosTest@GenerateLoaderJson...  [39m
> hvigor [32mUP-TO-DATE :entry:ohosTest@ProcessLibs...  [39m
> hvigor WARN: Warning: 'start_window_background' conflict, first declared.
at D:\STUDY\College\mine\olay\entry\src\main\resources\base\element\color.json
but declared again.
at D:\STUDY\College\mine\olay\entry\.test\default\intermediates\src\ohosTest\resources\base\element\color.json

> hvigor [32mFinished :entry:ohosTest@CompileResource... after 310 ms [39m
> hvigor [32mUP-TO-DATE :entry:ohosTest@DoNativeStrip...  [39m
> hvigor [32mFinished :entry:ohosTest@OhosTestBuildJS... after 4 ms [39m
> hvigor [32mUP-TO-DATE :entry:ohosTest@CacheNativeLibs...  [39m
> hvigor WARN: WARN: ArkTS:WARN File: D:/STUDY/College/mine/olay/entry/src/main/ets/services/AssetStore.ets:23:75
 Function may throw exceptions. Special handling is required.

WARN: ArkTS:WARN File: D:/STUDY/College/mine/olay/entry/src/main/ets/services/AssetStore.ets:27:16
 Function may throw exceptions. Special handling is required.

WARN: ArkTS:WARN File: D:/STUDY/College/mine/olay/entry/src/main/ets/services/AssetStore.ets:28:25
 Function may throw exceptions. Special handling is required.

WARN: ArkTS:WARN File: D:/STUDY/College/mine/olay/entry/src/main/ets/services/AssetStore.ets:30:84
 Function may throw exceptions. Special handling is required.

WARN: ArkTS:WARN File: D:/STUDY/College/mine/olay/entry/src/main/ets/services/AssetStore.ets:32:17
 Function may throw exceptions. Special handling is required.

WARN: ArkTS:WARN File: D:/STUDY/College/mine/olay/entry/src/main/ets/services/AssetStore.ets:36:39
 Function may throw exceptions. Special handling is required.

WARN: ArkTS:WARN File: D:/STUDY/College/mine/olay/entry/src/main/ets/services/AssetStore.ets:38:21
 Function may throw exceptions. Special handling is required.

WARN: ArkTS:WARN File: D:/STUDY/College/mine/olay/entry/src/main/ets/services/AssetStore.ets:38:40
 Function may throw exceptions. Special handling is required.

WARN: ArkTS:WARN File: D:/STUDY/College/mine/olay/entry/src/main/ets/services/AssetStore.ets:38:60
 Function may throw exceptions. Special handling is required.

WARN: ArkTS:WARN File: D:/STUDY/College/mine/olay/entry/src/main/ets/services/AssetStore.ets:39:8
 Function may throw exceptions. Special handling is required.

WARN: ArkTS:WARN File: D:/STUDY/College/mine/olay/entry/src/main/ets/services/AssetStore.ets:39:24
 Function may throw exceptions. Special handling is required.

WARN: ArkTS:WARN File: D:/STUDY/College/mine/olay/entry/src/main/ets/services/AssetStore.ets:47:84
 Function may throw exceptions. Special handling is required.

WARN: ArkTS:WARN File: D:/STUDY/College/mine/olay/entry/src/main/ets/services/AssetStore.ets:49:21
 Function may throw exceptions. Special handling is required.

WARN: ArkTS:WARN File: D:/STUDY/College/mine/olay/entry/src/main/ets/services/AssetStore.ets:50:12
 Function may throw exceptions. Special handling is required.

WARN: ArkTS:WARN File: D:/STUDY/College/mine/olay/entry/src/main/ets/services/AssetStore.ets:50:53
 Function may throw exceptions. Special handling is required.

WARN: ArkTS:WARN File: D:/STUDY/College/mine/olay/entry/src/main/ets/services/AssetStore.ets:56:25
 Function may throw exceptions. Special handling is required.

WARN: ArkTS:WARN File: D:/STUDY/College/mine/olay/entry/src/main/ets/services/AssetStore.ets:56:45
 Function may throw exceptions. Special handling is required.

WARN: ArkTS:WARN File: D:/STUDY/College/mine/olay/entry/src/main/ets/services/AssetStore.ets:58:117
 Function may throw exceptions. Special handling is required.

WARN: ArkTS:WARN File: D:/STUDY/College/mine/olay/entry/src/main/ets/services/AssetStore.ets:58:137
 Function may throw exceptions. Special handling is required.

WARN: ArkTS:WARN File: D:/STUDY/College/mine/olay/entry/src/main/ets/services/WorkspaceStore.ets:18:24
 Function may throw exceptions. Special handling is required.

WARN: ArkTS:WARN File: D:/STUDY/College/mine/olay/entry/src/main/ets/services/WorkspaceStore.ets:25:8
 Function may throw exceptions. Special handling is required.

WARN: ArkTS:WARN File: D:/STUDY/College/mine/olay/entry/src/main/ets/services/WorkspaceStore.ets:34:50
 Function may throw exceptions. Special handling is required.

WARN: ArkTS:WARN File: D:/STUDY/College/mine/olay/entry/src/main/ets/services/WorkspaceStore.ets:38:14
 Function may throw exceptions. Special handling is required.

WARN: ArkTS:WARN File: D:/STUDY/College/mine/olay/entry/src/main/ets/services/WorkspaceStore.ets:38:49
 Function may throw exceptions. Special handling is required.

WARN: ArkTS:WARN File: D:/STUDY/College/mine/olay/entry/src/main/ets/services/WorkspaceStore.ets:40:70
 Function may throw exceptions. Special handling is required.

WARN: ArkTS:WARN File: D:/STUDY/College/mine/olay/entry/src/main/ets/services/WorkspaceStore.ets:46:41
 Function may throw exceptions. Special handling is required.

WARN: ArkTS:WARN File: D:/STUDY/College/mine/olay/entry/src/main/ets/services/WorkspaceStore.ets:48:26
 Function may throw exceptions. Special handling is required.

WARN: ArkTS:WARN File: D:/STUDY/College/mine/olay/entry/src/main/ets/services/WorkspaceStore.ets:48:137
 Function may throw exceptions. Special handling is required.

WARN: ArkTS:WARN File: D:/STUDY/College/mine/olay/entry/src/main/ets/services/WorkspaceStore.ets:49:8
 Function may throw exceptions. Special handling is required.

WARN: ArkTS:WARN File: D:/STUDY/College/mine/olay/entry/src/main/ets/services/WorkspaceStore.ets:64:64
 Function may throw exceptions. Special handling is required.

WARN: ArkTS:WARN File: D:/STUDY/College/mine/olay/entry/src/main/ets/services/WorkspaceStore.ets:65:27
 Function may throw exceptions. Special handling is required.

WARN: ArkTS:WARN File: D:/STUDY/College/mine/olay/entry/src/main/ets/services/WorkspaceStore.ets:66:51
 Function may throw exceptions. Special handling is required.

WARN: ArkTS:WARN File: D:/STUDY/College/mine/olay/entry/src/main/ets/services/WorkspaceStore.ets:71:135
 Function may throw exceptions. Special handling is required.

WARN: ArkTS:WARN File: D:/STUDY/College/mine/olay/entry/src/main/ets/services/WorkspaceStore.ets:71:155
 Function may throw exceptions. Special handling is required.

WARN: ArkTS:WARN File: D:/STUDY/College/mine/olay/entry/src/main/ets/services/WorkspaceStore.ets:75:29
 Function may throw exceptions. Special handling is required.

WARN: ArkTS:WARN File: D:/STUDY/College/mine/olay/entry/src/main/ets/services/WorkspaceStore.ets:78:67
 Function may throw exceptions. Special handling is required.

WARN: ArkTS:WARN File: D:/STUDY/College/mine/olay/entry/src/main/ets/services/WorkspaceStore.ets:78:91
 Function may throw exceptions. Special handling is required.

WARN: ArkTS:WARN File: D:/STUDY/College/mine/olay/entry/src/main/ets/services/WorkspaceStore.ets:82:84
 Function may throw exceptions. Special handling is required.

WARN: ArkTS:WARN File: D:/STUDY/College/mine/olay/entry/src/main/ets/services/WorkspaceStore.ets:82:101
 Function may throw exceptions. Special handling is required.

WARN: ArkTS:WARN File: D:/STUDY/College/mine/olay/entry/src/main/ets/services/WorkspaceStore.ets:83:80
 Function may throw exceptions. Special handling is required.

WARN: ArkTS:WARN File: D:/STUDY/College/mine/olay/entry/src/main/ets/services/WorkspaceStore.ets:83:97
 Function may throw exceptions. Special handling is required.

WARN: ArkTS:WARN File: D:/STUDY/College/mine/olay/entry/src/ohosTest/ets/test/Stress.test.ets:20:37
 This API is unavailable to tablet(earlier than API level 20).

WARN: ArkTS:WARN File: D:/STUDY/College/mine/olay/entry/src/ohosTest/ets/test/Stress.test.ets:20:45
 This API is unavailable to tablet(earlier than API level 20).

WARN: ArkTS:WARN File: D:/STUDY/College/mine/olay/entry/src/ohosTest/ets/test/Stress.test.ets:20:53
 This API is unavailable to tablet(earlier than API level 20).

WARN: ArkTS:WARN File: D:/STUDY/College/mine/olay/entry/src/ohosTest/ets/test/Stress.test.ets:20:77
 This API is unavailable to tablet(earlier than API level 20).

WARN: ArkTS:WARN File: D:/STUDY/College/mine/olay/entry/src/ohosTest/ets/test/Stress.test.ets:20:83
 This API is unavailable to tablet(earlier than API level 20).

WARN: ArkTS:WARN File: D:/STUDY/College/mine/olay/entry/src/ohosTest/ets/test/Stress.test.ets:20:108
 This API is unavailable to tablet(earlier than API level 20).

WARN: ArkTS:WARN File: D:/STUDY/College/mine/olay/entry/src/ohosTest/ets/test/Stress.test.ets:20:116
 This API is unavailable to tablet(earlier than API level 20).

WARN: ArkTS:WARN File: D:/STUDY/College/mine/olay/entry/src/ohosTest/ets/test/Stress.test.ets:20:124
 This API is unavailable to tablet(earlier than API level 20).

WARN: ArkTS:WARN File: D:/STUDY/College/mine/olay/entry/src/ohosTest/ets/test/Stress.test.ets:20:148
 This API is unavailable to tablet(earlier than API level 20).

WARN: ArkTS:WARN File: D:/STUDY/College/mine/olay/entry/src/ohosTest/ets/test/Stress.test.ets:20:154
 This API is unavailable to tablet(earlier than API level 20).

WARN: ArkTS:WARN File: D:/STUDY/College/mine/olay/entry/src/ohosTest/ets/test/Experience.test.ets:14:126
 This API is unavailable to tablet(earlier than API level 20).

WARN: ArkTS:WARN File: D:/STUDY/College/mine/olay/entry/src/ohosTest/ets/test/Experience.test.ets:14:134
 This API is unavailable to tablet(earlier than API level 20).

WARN: ArkTS:WARN File: D:/STUDY/College/mine/olay/entry/src/ohosTest/ets/test/Experience.test.ets:14:142
 This API is unavailable to tablet(earlier than API level 20).

WARN: ArkTS:WARN File: D:/STUDY/College/mine/olay/entry/src/ohosTest/ets/test/Experience.test.ets:14:186
 This API is unavailable to tablet(earlier than API level 20).

WARN: ArkTS:WARN File: D:/STUDY/College/mine/olay/entry/src/ohosTest/ets/test/Experience.test.ets:14:193
 This API is unavailable to tablet(earlier than API level 20).

WARN: ArkTS:WARN File: D:/STUDY/College/mine/olay/entry/src/ohosTest/ets/test/Experience.test.ets:14:202
 This API is unavailable to tablet(earlier than API level 20).

WARN: ArkTS:WARN File: D:/STUDY/College/mine/olay/entry/src/ohosTest/ets/test/Experience.test.ets:18:18
 This API is unavailable to tablet(earlier than API level 20).

WARN: ArkTS:WARN File: D:/STUDY/College/mine/olay/entry/src/ohosTest/ets/test/Experience.test.ets:18:33
 This API is unavailable to tablet(earlier than API level 20).

WARN: ArkTS:WARN File: D:/STUDY/College/mine/olay/entry/src/ohosTest/ets/test/Experience.test.ets:18:48
 This API is unavailable to tablet(earlier than API level 20).

WARN: ArkTS:WARN File: D:/STUDY/College/mine/olay/entry/src/ohosTest/ets/test/Experience.test.ets:18:57
 This API is unavailable to tablet(earlier than API level 20).

WARN: ArkTS:WARN File: D:/STUDY/College/mine/olay/entry/src/ohosTest/ets/test/Experience.test.ets:18:71
 This API is unavailable to tablet(earlier than API level 20).

WARN: ArkTS:WARN File: D:/STUDY/College/mine/olay/entry/src/ohosTest/ets/test/Experience.test.ets:18:87
 This API is unavailable to tablet(earlier than API level 20).

WARN: ArkTS:WARN File: D:/STUDY/College/mine/olay/entry/src/ohosTest/ets/test/Experience.test.ets:20:21
 This API is unavailable to 2in1.

WARN: ArkTS:WARN File: D:/STUDY/College/mine/olay/entry/src/ohosTest/ets/test/Experience.test.ets:22:20
 This API is unavailable to tablet(earlier than API level 20).

WARN: ArkTS:WARN File: D:/STUDY/College/mine/olay/entry/src/ohosTest/ets/test/Experience.test.ets:22:34
 This API is unavailable to tablet(earlier than API level 20).

WARN: ArkTS:WARN File: D:/STUDY/College/mine/olay/entry/src/ohosTest/ets/test/Experience.test.ets:22:43
 This API is unavailable to tablet(earlier than API level 20).

WARN: ArkTS:WARN File: D:/STUDY/College/mine/olay/entry/src/ohosTest/ets/test/Experience.test.ets:22:51
 This API is unavailable to tablet(earlier than API level 20).

WARN: ArkTS:WARN File: D:/STUDY/College/mine/olay/entry/src/ohosTest/ets/test/Experience.test.ets:26:29
 This API is unavailable to 2in1.

WARN: ArkTS:WARN File: D:/STUDY/College/mine/olay/entry/src/ohosTest/ets/test/Product.test.ets:27:56
 This API is unavailable to tablet(earlier than API level 20).

WARN: ArkTS:WARN File: D:/STUDY/College/mine/olay/entry/src/ohosTest/ets/test/Product.test.ets:27:71
 This API is unavailable to tablet(earlier than API level 20).

WARN: ArkTS:WARN File: D:/STUDY/College/mine/olay/entry/src/ohosTest/ets/test/Product.test.ets:27:85
 This API is unavailable to tablet(earlier than API level 20).

WARN: ArkTS:WARN File: D:/STUDY/College/mine/olay/entry/src/ohosTest/ets/test/Product.test.ets:27:100
 This API is unavailable to tablet(earlier than API level 20).

WARN: ArkTS:WARN File: D:/STUDY/College/mine/olay/entry/src/ohosTest/ets/test/Product.test.ets:32:37
 This API is unavailable to tablet(earlier than API level 20).

WARN: ArkTS:WARN File: D:/STUDY/College/mine/olay/entry/src/ohosTest/ets/test/Product.test.ets:32:45
 This API is unavailable to tablet(earlier than API level 20).

WARN: ArkTS:WARN File: D:/STUDY/College/mine/olay/entry/src/ohosTest/ets/test/Product.test.ets:32:53
 This API is unavailable to tablet(earlier than API level 20).

WARN: ArkTS:WARN File: D:/STUDY/College/mine/olay/entry/src/ohosTest/ets/test/Product.test.ets:32:77
 This API is unavailable to tablet(earlier than API level 20).

WARN: ArkTS:WARN File: D:/STUDY/College/mine/olay/entry/src/ohosTest/ets/test/Product.test.ets:32:83
 This API is unavailable to tablet(earlier than API level 20).

WARN: ArkTS:WARN File: D:/STUDY/College/mine/olay/entry/src/ohosTest/ets/test/Product.test.ets:32:108
 This API is unavailable to tablet(earlier than API level 20).

WARN: ArkTS:WARN File: D:/STUDY/College/mine/olay/entry/src/ohosTest/ets/test/Product.test.ets:32:116
 This API is unavailable to tablet(earlier than API level 20).

WARN: ArkTS:WARN File: D:/STUDY/College/mine/olay/entry/src/ohosTest/ets/test/Product.test.ets:32:124
 This API is unavailable to tablet(earlier than API level 20).

WARN: ArkTS:WARN File: D:/STUDY/College/mine/olay/entry/src/ohosTest/ets/test/Product.test.ets:32:148
 This API is unavailable to tablet(earlier than API level 20).

WARN: ArkTS:WARN File: D:/STUDY/College/mine/olay/entry/src/ohosTest/ets/test/Product.test.ets:32:154
 This API is unavailable to tablet(earlier than API level 20).

WARN: ArkTS:WARN File: D:/STUDY/College/mine/olay/entry/src/ohosTest/ets/test/Product.test.ets:40:40
 This API is unavailable to tablet(earlier than API level 20).

WARN: ArkTS:WARN File: D:/STUDY/College/mine/olay/entry/src/ohosTest/ets/test/Product.test.ets:40:51
 This API is unavailable to tablet(earlier than API level 20).

WARN: ArkTS:WARN File: D:/STUDY/College/mine/olay/entry/src/ohosTest/ets/test/Product.test.ets:40:62
 This API is unavailable to tablet(earlier than API level 20).

WARN: ArkTS:WARN File: D:/STUDY/College/mine/olay/entry/src/ohosTest/ets/test/Product.test.ets:40:89
 This API is unavailable to tablet(earlier than API level 20).

WARN: ArkTS:WARN File: D:/STUDY/College/mine/olay/entry/src/ohosTest/ets/test/Product.test.ets:40:98
 This API is unavailable to tablet(earlier than API level 20).

WARN: ArkTS:WARN File: D:/STUDY/College/mine/olay/entry/src/ohosTest/ets/test/Product.test.ets:40:126
 This API is unavailable to tablet(earlier than API level 20).

WARN: ArkTS:WARN File: D:/STUDY/College/mine/olay/entry/src/ohosTest/ets/test/Product.test.ets:40:137
 This API is unavailable to tablet(earlier than API level 20).

WARN: ArkTS:WARN File: D:/STUDY/College/mine/olay/entry/src/ohosTest/ets/test/Product.test.ets:40:148
 This API is unavailable to tablet(earlier than API level 20).

WARN: ArkTS:WARN File: D:/STUDY/College/mine/olay/entry/src/ohosTest/ets/test/Product.test.ets:40:175
 This API is unavailable to tablet(earlier than API level 20).

WARN: ArkTS:WARN File: D:/STUDY/College/mine/olay/entry/src/ohosTest/ets/test/Product.test.ets:40:184
 This API is unavailable to tablet(earlier than API level 20).

WARN: ArkTS:WARN File: D:/STUDY/College/mine/olay/entry/src/main/ets/services/CaptureService.ets:12:57
 Function may throw exceptions. Special handling is required.

WARN: ArkTS:WARN File: D:/STUDY/College/mine/olay/entry/src/main/ets/services/CaptureService.ets:13:15
 Function may throw exceptions. Special handling is required.

WARN: ArkTS:WARN File: D:/STUDY/College/mine/olay/entry/src/main/ets/services/CaptureService.ets:18:11
 Function may throw exceptions. Special handling is required.

WARN: ArkTS:WARN File: D:/STUDY/College/mine/olay/entry/src/main/ets/services/CaptureService.ets:18:31
 Function may throw exceptions. Special handling is required.

WARN: ArkTS:WARN File: D:/STUDY/College/mine/olay/entry/src/main/ets/services/CaptureService.ets:18:54
 Function may throw exceptions. Special handling is required.

WARN: ArkTS:WARN File: D:/STUDY/College/mine/olay/entry/src/main/ets/services/CaptureService.ets:18:82
 Function may throw exceptions. Special handling is required.

WARN: ArkTS:WARN File: D:/STUDY/College/mine/olay/entry/src/main/ets/services/CaptureService.ets:22:12
 Function may throw exceptions. Special handling is required.

WARN: ArkTS:WARN File: D:/STUDY/College/mine/olay/entry/src/main/ets/services/CaptureService.ets:22:32
 Function may throw exceptions. Special handling is required.

WARN: ArkTS:WARN File: D:/STUDY/College/mine/olay/entry/src/main/ets/services/CaptureService.ets:24:19
 Function may throw exceptions. Special handling is required.

WARN: ArkTS:WARN File: D:/STUDY/College/mine/olay/entry/src/main/ets/services/CaptureService.ets:24:79
 Function may throw exceptions. Special handling is required.

WARN: ArkTS:WARN File: D:/STUDY/College/mine/olay/entry/src/main/ets/services/CaptureService.ets:35:21
 Function may throw exceptions. Special handling is required.

WARN: ArkTS:WARN File: D:/STUDY/College/mine/olay/entry/src/main/ets/services/CaptureService.ets:35:42
 Function may throw exceptions. Special handling is required.

WARN: ArkTS:WARN File: D:/STUDY/College/mine/olay/entry/src/main/ets/services/CaptureService.ets:35:69
 Function may throw exceptions. Special handling is required.

WARN: ArkTS:WARN File: D:/STUDY/College/mine/olay/entry/src/ohosTest/ets/test/List.test.ets:26:29
 Function may throw exceptions. Special handling is required.

WARN: ArkTS:WARN File: D:/STUDY/College/mine/olay/entry/src/ohosTest/ets/test/List.test.ets:27:27
 Function may throw exceptions. Special handling is required.

WARN: ArkTS:WARN File: D:/STUDY/College/mine/olay/entry/src/ohosTest/ets/test/List.test.ets:28:23
 Function may throw exceptions. Special handling is required.

WARN: ArkTS:WARN File: D:/STUDY/College/mine/olay/entry/src/ohosTest/ets/test/List.test.ets:28:53
 Function may throw exceptions. Special handling is required.

WARN: ArkTS:WARN File: D:/STUDY/College/mine/olay/entry/src/ohosTest/ets/test/List.test.ets:28:74
 Function may throw exceptions. Special handling is required.

WARN: ArkTS:WARN File: D:/STUDY/College/mine/olay/entry/src/ohosTest/ets/test/List.test.ets:29:30
 Function may throw exceptions. Special handling is required.

WARN: ArkTS:WARN File: D:/STUDY/College/mine/olay/entry/src/ohosTest/ets/test/List.test.ets:29:64
 Function may throw exceptions. Special handling is required.

WARN: ArkTS:WARN File: D:/STUDY/College/mine/olay/entry/src/ohosTest/ets/test/List.test.ets:29:96
 Function may throw exceptions. Special handling is required.

WARN: ArkTS:WARN File: D:/STUDY/College/mine/olay/entry/src/ohosTest/ets/test/List.test.ets:32:29
 Function may throw exceptions. Special handling is required.

WARN: ArkTS:WARN File: D:/STUDY/College/mine/olay/entry/src/ohosTest/ets/test/List.test.ets:33:27
 Function may throw exceptions. Special handling is required.

WARN: ArkTS:WARN File: D:/STUDY/College/mine/olay/entry/src/ohosTest/ets/test/List.test.ets:34:23
 Function may throw exceptions. Special handling is required.

WARN: ArkTS:WARN File: D:/STUDY/College/mine/olay/entry/src/ohosTest/ets/test/List.test.ets:34:53
 Function may throw exceptions. Special handling is required.

WARN: ArkTS:WARN File: D:/STUDY/College/mine/olay/entry/src/ohosTest/ets/test/List.test.ets:34:81
 Function may throw exceptions. Special handling is required.

WARN: ArkTS:WARN File: D:/STUDY/College/mine/olay/entry/src/ohosTest/ets/test/List.test.ets:34:127
 Function may throw exceptions. Special handling is required.

WARN: ArkTS:WARN File: D:/STUDY/College/mine/olay/entry/src/ohosTest/ets/test/List.test.ets:123:125
 This API is unavailable to tablet(earlier than API level 20).

WARN: ArkTS:WARN File: D:/STUDY/College/mine/olay/entry/src/ohosTest/ets/test/List.test.ets:123:133
 This API is unavailable to tablet(earlier than API level 20).

WARN: ArkTS:WARN File: D:/STUDY/College/mine/olay/entry/src/ohosTest/ets/test/List.test.ets:123:141
 This API is unavailable to tablet(earlier than API level 20).

WARN: ArkTS:WARN File: D:/STUDY/College/mine/olay/entry/src/ohosTest/ets/test/List.test.ets:123:166
 This API is unavailable to tablet(earlier than API level 20).

WARN: ArkTS:WARN File: D:/STUDY/College/mine/olay/entry/src/ohosTest/ets/test/List.test.ets:123:172
 This API is unavailable to tablet(earlier than API level 20).

WARN: ArkTS:WARN File: D:/STUDY/College/mine/olay/entry/src/ohosTest/ets/test/List.test.ets:123:197
 This API is unavailable to tablet(earlier than API level 20).

WARN: ArkTS:WARN File: D:/STUDY/College/mine/olay/entry/src/ohosTest/ets/test/List.test.ets:123:205
 This API is unavailable to tablet(earlier than API level 20).

WARN: ArkTS:WARN File: D:/STUDY/College/mine/olay/entry/src/ohosTest/ets/test/List.test.ets:123:213
 This API is unavailable to tablet(earlier than API level 20).

WARN: ArkTS:WARN File: D:/STUDY/College/mine/olay/entry/src/ohosTest/ets/test/List.test.ets:123:238
 This API is unavailable to tablet(earlier than API level 20).

WARN: ArkTS:WARN File: D:/STUDY/College/mine/olay/entry/src/ohosTest/ets/test/List.test.ets:123:244
 This API is unavailable to tablet(earlier than API level 20).

WARN: ArkTS:WARN File: D:/STUDY/College/mine/olay/entry/src/ohosTest/ets/test/List.test.ets:139:132
 This API is unavailable to tablet(earlier than API level 20).

WARN: ArkTS:WARN File: D:/STUDY/College/mine/olay/entry/src/ohosTest/ets/test/List.test.ets:139:140
 This API is unavailable to tablet(earlier than API level 20).

WARN: ArkTS:WARN File: D:/STUDY/College/mine/olay/entry/src/ohosTest/ets/test/List.test.ets:139:148
 This API is unavailable to tablet(earlier than API level 20).

WARN: ArkTS:WARN File: D:/STUDY/College/mine/olay/entry/src/ohosTest/ets/test/List.test.ets:139:195
 This API is unavailable to tablet(earlier than API level 20).

WARN: ArkTS:WARN File: D:/STUDY/College/mine/olay/entry/src/ohosTest/ets/test/List.test.ets:139:202
 This API is unavailable to tablet(earlier than API level 20).

WARN: ArkTS:WARN File: D:/STUDY/College/mine/olay/entry/src/ohosTest/ets/test/List.test.ets:139:211
 This API is unavailable to tablet(earlier than API level 20).

WARN: ArkTS:WARN File: D:/STUDY/College/mine/olay/entry/src/ohosTest/ets/test/List.test.ets:144:20
 This API is unavailable to tablet(earlier than API level 20).

WARN: ArkTS:WARN File: D:/STUDY/College/mine/olay/entry/src/ohosTest/ets/test/List.test.ets:144:33
 This API is unavailable to tablet(earlier than API level 20).

WARN: ArkTS:WARN File: D:/STUDY/College/mine/olay/entry/src/ohosTest/ets/test/List.test.ets:144:45
 This API is unavailable to tablet(earlier than API level 20).

WARN: ArkTS:WARN File: D:/STUDY/College/mine/olay/entry/src/ohosTest/ets/test/List.test.ets:144:59
 This API is unavailable to tablet(earlier than API level 20).

WARN: ArkTS:WARN File: D:/STUDY/College/mine/olay/entry/src/ohosTest/ets/test/List.test.ets:144:72
 This API is unavailable to tablet(earlier than API level 20).

WARN: ArkTS:WARN File: D:/STUDY/College/mine/olay/entry/src/ohosTest/ets/test/List.test.ets:144:84
 This API is unavailable to tablet(earlier than API level 20).

WARN: ArkTS:WARN File: D:/STUDY/College/mine/olay/entry/src/ohosTest/ets/test/List.test.ets:144:95
 This API is unavailable to tablet(earlier than API level 20).

WARN: ArkTS:WARN File: D:/STUDY/College/mine/olay/entry/src/ohosTest/ets/test/List.test.ets:144:110
 This API is unavailable to tablet(earlier than API level 20).


> hvigor [32mFinished :entry:ohosTest@OhosTestCompileArkTS... after 4 s 403 ms [39m
> hvigor [32mFinished :entry:ohosTest@OhosTestCopyMockConfigJson... after 1 ms [39m
> hvigor [32mFinished :entry:ohosTest@GeneratePkgModuleJson... after 3 ms [39m
> hvigor [32mFinished :entry:ohosTest@ProcessCompiledResources... after 1 ms [39m
> hvigor [32mFinished :entry:ohosTest@PackageHap... after 636 ms [39m
> hvigor [32mFinished :entry:ohosTest@PackingCheck... after 6 ms [39m
> hvigor WARN: No signingConfig found for product default
> hvigor [32mFinished :entry:ohosTest@SignHap... after 2 ms [39m
> hvigor [32mFinished :entry:ohosTest@CollectDebugSymbol... after 1 ms [39m
> hvigor [32mFinished :entry:assembleHap... after 1 ms [39m
> hvigor [32mBUILD SUCCESSFUL in 13 s 675 ms [39m

35 tasks in total: 20 executed, 15 up-to-date
