
OHOS_REPORT_SUM: 12
OHOS_REPORT_STATUS: class=SELFNativePolicy


OHOS_REPORT_STATUS: class=SELFNativePolicy
OHOS_REPORT_STATUS: current=1
OHOS_REPORT_STATUS: id=JS
OHOS_REPORT_STATUS: numtests=12
OHOS_REPORT_STATUS: stream=
OHOS_REPORT_STATUS: test=localNewEffectCannotBypassModelButRestoreRemainsLocal
OHOS_REPORT_STATUS_CODE: 1


OHOS_REPORT_STATUS: class=SELFNativePolicy
OHOS_REPORT_STATUS: current=1
OHOS_REPORT_STATUS: id=JS
OHOS_REPORT_STATUS: numtests=12
OHOS_REPORT_STATUS: stream=
OHOS_REPORT_STATUS: test=localNewEffectCannotBypassModelButRestoreRemainsLocal
OHOS_REPORT_STATUS_CODE: 0
OHOS_REPORT_STATUS: consuming=2


OHOS_REPORT_STATUS: class=SELFNativePolicy
OHOS_REPORT_STATUS: current=2
OHOS_REPORT_STATUS: id=JS
OHOS_REPORT_STATUS: numtests=12
OHOS_REPORT_STATUS: stream=
OHOS_REPORT_STATUS: test=mainlandCatalogHasNoFabricatedCalibration
OHOS_REPORT_STATUS_CODE: 1


OHOS_REPORT_STATUS: class=SELFNativePolicy
OHOS_REPORT_STATUS: current=2
OHOS_REPORT_STATUS: id=JS
OHOS_REPORT_STATUS: numtests=12
OHOS_REPORT_STATUS: stream=
OHOS_REPORT_STATUS: test=mainlandCatalogHasNoFabricatedCalibration
OHOS_REPORT_STATUS_CODE: 0
OHOS_REPORT_STATUS: consuming=0


OHOS_REPORT_STATUS: class=SELFNativePolicy
OHOS_REPORT_STATUS: current=3
OHOS_REPORT_STATUS: id=JS
OHOS_REPORT_STATUS: numtests=12
OHOS_REPORT_STATUS: stream=
OHOS_REPORT_STATUS: test=oneOperationExceptionDoesNotUnlockPolicy
OHOS_REPORT_STATUS_CODE: 1


OHOS_REPORT_STATUS: class=SELFNativePolicy
OHOS_REPORT_STATUS: current=3
OHOS_REPORT_STATUS: id=JS
OHOS_REPORT_STATUS: numtests=12
OHOS_REPORT_STATUS: stream=
OHOS_REPORT_STATUS: test=oneOperationExceptionDoesNotUnlockPolicy
OHOS_REPORT_STATUS_CODE: 0
OHOS_REPORT_STATUS: consuming=1


OHOS_REPORT_STATUS: class=SELFNativePolicy
OHOS_REPORT_STATUS: current=4
OHOS_REPORT_STATUS: id=JS
OHOS_REPORT_STATUS: numtests=12
OHOS_REPORT_STATUS: stream=
OHOS_REPORT_STATUS: test=rotationDoesNotExpireCandidateButBusinessChangeDoes
OHOS_REPORT_STATUS_CODE: 1


OHOS_REPORT_STATUS: class=SELFNativePolicy
OHOS_REPORT_STATUS: current=4
OHOS_REPORT_STATUS: id=JS
OHOS_REPORT_STATUS: numtests=12
OHOS_REPORT_STATUS: stream=
OHOS_REPORT_STATUS: test=rotationDoesNotExpireCandidateButBusinessChangeDoes
OHOS_REPORT_STATUS_CODE: 0
OHOS_REPORT_STATUS: consuming=0


OHOS_REPORT_STATUS: class=SELFNativePolicy
OHOS_REPORT_STATUS: current=5
OHOS_REPORT_STATUS: id=JS
OHOS_REPORT_STATUS: numtests=12
OHOS_REPORT_STATUS: stream=
OHOS_REPORT_STATUS: test=targetedLayerRemovalWaitsForRenderSuccess
OHOS_REPORT_STATUS_CODE: 1


OHOS_REPORT_STATUS: class=SELFNativePolicy
OHOS_REPORT_STATUS: current=5
OHOS_REPORT_STATUS: id=JS
OHOS_REPORT_STATUS: numtests=12
OHOS_REPORT_STATUS: stream=
OHOS_REPORT_STATUS: test=targetedLayerRemovalWaitsForRenderSuccess
OHOS_REPORT_STATUS_CODE: 0
OHOS_REPORT_STATUS: consuming=1


OHOS_REPORT_STATUS: class=SELFNativePolicy
OHOS_REPORT_STATUS: current=6
OHOS_REPORT_STATUS: id=JS
OHOS_REPORT_STATUS: numtests=12
OHOS_REPORT_STATUS: stream=
OHOS_REPORT_STATUS: test=deletingSavedRecordKeepsCurrentWorkingAssetsReadable
OHOS_REPORT_STATUS_CODE: 1


OHOS_REPORT_STATUS: class=SELFNativePolicy
OHOS_REPORT_STATUS: current=6
OHOS_REPORT_STATUS: id=JS
OHOS_REPORT_STATUS: numtests=12
OHOS_REPORT_STATUS: stream=
OHOS_REPORT_STATUS: test=deletingSavedRecordKeepsCurrentWorkingAssetsReadable
OHOS_REPORT_STATUS_CODE: 0
OHOS_REPORT_STATUS: consuming=49


OHOS_REPORT_STATUS: class=SELFNativePolicy
OHOS_REPORT_STATUS: current=7
OHOS_REPORT_STATUS: id=JS
OHOS_REPORT_STATUS: numtests=12
OHOS_REPORT_STATUS: stream=
OHOS_REPORT_STATUS: test=candidateRequiresConsentAndSuccess
OHOS_REPORT_STATUS_CODE: 1


OHOS_REPORT_STATUS: class=SELFNativePolicy
OHOS_REPORT_STATUS: current=7
OHOS_REPORT_STATUS: id=JS
OHOS_REPORT_STATUS: numtests=12
OHOS_REPORT_STATUS: stream=
OHOS_REPORT_STATUS: test=candidateRequiresConsentAndSuccess
OHOS_REPORT_STATUS_CODE: 0
OHOS_REPORT_STATUS: consuming=2


OHOS_REPORT_STATUS: class=SELFNativePolicy
OHOS_REPORT_STATUS: current=8
OHOS_REPORT_STATUS: id=JS
OHOS_REPORT_STATUS: numtests=12
OHOS_REPORT_STATUS: stream=
OHOS_REPORT_STATUS: test=renderFailureCreatesNoBill
OHOS_REPORT_STATUS_CODE: 1


OHOS_REPORT_STATUS: class=SELFNativePolicy
OHOS_REPORT_STATUS: current=8
OHOS_REPORT_STATUS: id=JS
OHOS_REPORT_STATUS: numtests=12
OHOS_REPORT_STATUS: stream=
OHOS_REPORT_STATUS: test=renderFailureCreatesNoBill
OHOS_REPORT_STATUS_CODE: 0
OHOS_REPORT_STATUS: consuming=0


OHOS_REPORT_STATUS: class=SELFNativePolicy
OHOS_REPORT_STATUS: current=9
OHOS_REPORT_STATUS: id=JS
OHOS_REPORT_STATUS: numtests=12
OHOS_REPORT_STATUS: stream=
OHOS_REPORT_STATUS: test=undoRedoAreAcknowledgedAndProtectionPersists
OHOS_REPORT_STATUS_CODE: 1


OHOS_REPORT_STATUS: class=SELFNativePolicy
OHOS_REPORT_STATUS: current=9
OHOS_REPORT_STATUS: id=JS
OHOS_REPORT_STATUS: numtests=12
OHOS_REPORT_STATUS: stream=
OHOS_REPORT_STATUS: test=undoRedoAreAcknowledgedAndProtectionPersists
OHOS_REPORT_STATUS_CODE: 0
OHOS_REPORT_STATUS: consuming=1


OHOS_REPORT_STATUS: class=SELFNativePolicy
OHOS_REPORT_STATUS: current=10
OHOS_REPORT_STATUS: id=JS
OHOS_REPORT_STATUS: numtests=12
OHOS_REPORT_STATUS: stream=
OHOS_REPORT_STATUS: test=unknownAndUncalibratedOperationsRejected
OHOS_REPORT_STATUS_CODE: 1


OHOS_REPORT_STATUS: class=SELFNativePolicy
OHOS_REPORT_STATUS: current=10
OHOS_REPORT_STATUS: id=JS
OHOS_REPORT_STATUS: numtests=12
OHOS_REPORT_STATUS: stream=
OHOS_REPORT_STATUS: test=unknownAndUncalibratedOperationsRejected
OHOS_REPORT_STATUS_CODE: 0
OHOS_REPORT_STATUS: consuming=1


OHOS_REPORT_STATUS: class=SELFNativePolicy
OHOS_REPORT_STATUS: current=11
OHOS_REPORT_STATUS: id=JS
OHOS_REPORT_STATUS: numtests=12
OHOS_REPORT_STATUS: stream=
OHOS_REPORT_STATUS: test=savedAnchorIsIndependentAndCanRestore
OHOS_REPORT_STATUS_CODE: 1


OHOS_REPORT_STATUS: class=SELFNativePolicy
OHOS_REPORT_STATUS: current=11
OHOS_REPORT_STATUS: id=JS
OHOS_REPORT_STATUS: numtests=12
OHOS_REPORT_STATUS: stream=
OHOS_REPORT_STATUS: test=savedAnchorIsIndependentAndCanRestore
OHOS_REPORT_STATUS_CODE: 0
OHOS_REPORT_STATUS: consuming=1


OHOS_REPORT_STATUS: class=SELFNativePolicy
OHOS_REPORT_STATUS: current=12
OHOS_REPORT_STATUS: id=JS
OHOS_REPORT_STATUS: numtests=12
OHOS_REPORT_STATUS: stream=
OHOS_REPORT_STATUS: test=distressDoesNotRecommendProductsOrEdit
OHOS_REPORT_STATUS_CODE: 1


OHOS_REPORT_STATUS: class=SELFNativePolicy
OHOS_REPORT_STATUS: current=12
OHOS_REPORT_STATUS: id=JS
OHOS_REPORT_STATUS: numtests=12
OHOS_REPORT_STATUS: stream=
OHOS_REPORT_STATUS: test=distressDoesNotRecommendProductsOrEdit
OHOS_REPORT_STATUS_CODE: 0
OHOS_REPORT_STATUS: consuming=4


OHOS_REPORT_STATUS: class=SELFNativePolicy
OHOS_REPORT_STATUS: suiteconsuming=62


OHOS_REPORT_RESULT: stream=Tests run: 12, Failure: 0, Error: 0, Pass: 12, Ignore: 0
OHOS_REPORT_CODE: 0
OHOS_REPORT_STATUS: taskconsuming=62

TestFinished-ResultCode: 0
TestFinished-ResultMsg: your test finished!!!
user test finished.
