Generated by HiviewDFX@OpenHarmony
================================================================
Device info:emulator
Build info:emulator 7.0.0.106(SP1DEVC00E999R4P11)
DeviceDebuggable:No
Fingerprint:a3458ddd06a8b5fc754021930a017cbef1d95d6cbcf210faffb16c4db1621cfa
Timestamp:2026-09-22 12:32:24.631
Module name:com.self.mirror
ReleaseType:debug
CpuAbi:x86_64
Version:0.1.0
VersionCode:1000000
IsSystemApp:No
PreInstalled:No
Foreground:Yes
Pid:21780
Uid:20020063
Process name:com.self.mirror
App running unique id:13972320310204262782
Process life time:3s
Process Memory(kB): 141832(Rss)
Device Memory(kB): Total 4025332, Free 1982380, Available 2668704
Page switch history:
  12:32:24.373 :enters foreground
Reason:Error
Error name:Error
Error message:SurfaceHolder creation
Stacktrace:
    at anonymous entry (entry/src/main/ets/pages/NativeEsProbe.ets:25:124)

HiLog:
09-22 12:32:23.900 21780 21780 I C02c11/APPSPAWN: AppSpawnChild id 54 flags:0xc
09-22 12:32:23.900 21780 21780 I C02d33/HitraceOption: FilterAppTrace com.self.mirror 21780
09-22 12:32:23.901 21780 21780 W C02c11/APPSPAWN: errno:2 bind mount /system/app/ArkWebCoreLegacy to /mnt/sandbox/100/com.self.mirror/system/app/ArkWebCoreLegacy
09-22 12:32:23.901 21780 21780 W C02c11/APPSPAWN: errno:2 bind mount /vendor/etc/hiai to /mnt/sandbox/100/com.self.mirror/vendor/etc/hiai
09-22 12:32:23.901 21780 21780 W C02c11/APPSPAWN: errno:2 bind mount /data/data/hiai to /mnt/sandbox/100/com.self.mirror/data/data/hiai
09-22 12:32:23.901 21780 21780 W C02c11/APPSPAWN: errno:2 bind mount /data/service/el1/public/themes/100/a/app to /mnt/sandbox/100/com.self.mirror/data/themes/a/app
09-22 12:32:23.901 21780 21780 W C02c11/APPSPAWN: errno:2 bind mount /data/service/el1/public/themes/100/b/app to /mnt/sandbox/100/com.self.mirror/data/themes/b/app
09-22 12:32:23.902 21780 21780 W C02c11/APPSPAWN: errno:2 bind mount /chip_prod/lib64/passthrough to /mnt/sandbox/100/com.self.mirror/chip_prod/lib64/passthrough
09-22 12:32:23.902 21780 21780 W C02c11/APPSPAWN: errno:2 bind mount /data/app/el1/bundle/public/com.huawei.hmos.arkwebcorelegacy to /mnt/sandbox/100/com.self.mirror/data/storage/el1/bundle/arkwebcorelegacy
09-22 12:32:23.902 21780 21780 W C02c11/APPSPAWN: check dir /data/app/el1/bundle/public/com.huawei.hmos.arkwebcorelegacy failed,strerror:No such file or directory
09-22 12:32:23.902 21780 21780 W C02c11/APPSPAWN: check dir /data/app/el1/public/aot_compiler/ark_cache/com.self.mirror failed,strerror:No such file or directory
09-22 12:32:23.920 21780 21780 W C02c11/APPSPAWN: mount /mnt/sandbox/100/com.self.mirror/mnt/storage/hmdfs time 11000 us
09-22 12:32:23.921 21780 21780 W C02c11/APPSPAWN: errno:2 bind mount /data/preload/app to /mnt/sandbox/100/com.self.mirror/data/preload/app
09-22 12:32:23.926 21780 21780 W C02c11/APPSPAWN: mount /mnt/sandbox/100/com.self.mirror/mnt/storage/ANCO_APP_DATA time 6000 us
09-22 12:32:23.950 21780 21780 E C02c11/APPSPAWN: [sandbox_dec.c:247]Open dec file failed errno 2
09-22 12:32:23.951 21780 21780 I C05a03/Selinux: Hap setcon finish, context for com.self.mirror is relabeled to o:r:debug_hap:s0:x95,x334,x512,x868,x1024
09-22 12:32:23.953 21780 21780 I C05a05/SecCompEnhanceClient: [RegisterCheckCallback]Register secComp: sessionId=3282911555, seqNum=******453.
09-22 12:32:23.953 21780 21853 W C057c1/IPCWorkThread: ThreadHandler: proto:0 policy:1 name:OS_IPC_0_21853 invoker:2739040
09-22 12:32:23.962 21780 21780 I C02d0b/HICHECKER: hichecker param is empty.
09-22 12:32:23.962 21780 21780 I C04500/webview: CalculateActiveWebEngineVersion: CalculateActiveWebEngineVersion, enforce 3
09-22 12:32:23.963 21780 21780 I C01317/AppKit: [MTHRD3495]mainthread start, pid:21780
09-22 12:32:23.963 21780 21780 I C01317/AppKit: [MTHRD3294]is not in rescue mode
09-22 12:32:23.963 21780 21780 I C01317/AppKit: [MTHRD3321]is not in rescue mode
09-22 12:32:23.967 21780 21780 I C01317/AppKit: [MTHRD442]attach
09-22 12:32:23.970 21780 21853 I C01317/AppKit: [MTHRD922]ScheduleLaunchAbility called,ability NativeProbeAbility,1
09-22 12:32:24.048 21780 21854 W C057c1/IPCWorkThread: ThreadHandler: proto:0 policy:0 name:OS_IPC_1_21854 invoker:2739600
09-22 12:32:24.053 21780 21780 I C01317/AppKit: [MTHRD1990]SmartGC:0 version:1000000
09-22 12:32:24.079 21780 21780 I C03f00/ArkCompiler: [ecmascript] asmint: 1, aot: 0, jit: 1, baseline jit: 0, bundle name: com.self.mirror, arkTSMode: dynamic
09-22 12:32:24.080 21780 21868 E C01707/CONCUR: [Interface] task 21868 apply qos failed, errno = 4
09-22 12:32:24.081 21780 21780 I C03f00/ArkCompiler: [ecmascript] multi-thread check enabled: 0
09-22 12:32:24.082 21780 21780 I C03f00/ArkCompiler: [pgo] reset pgo profiler, pgo profiler is disabled
09-22 12:32:24.082 21780 21780 I C03301/LIBUV: clean up handles in loop(2528)
09-22 12:32:24.082 21780 21780 I C03301/LIBUV: loop:(2528) closed in 0s
09-22 12:32:24.082 21780 21780 I C03301/LIBUV: close:2528, async_io_wfd:15
09-22 12:32:24.082 21780 21780 I C03301/LIBUV: close:2528, backend_fd:9
09-22 12:32:24.082 21780 21780 I C03301/LIBUV: init:9248
09-22 12:32:24.082 21780 21780 I C03301/LIBUV: init:9248, backend_fd:9
09-22 12:32:24.082 21780 21780 I C03301/LIBUV: open:9248, pipefd[0]:15
09-22 12:32:24.082 21780 21780 I C03f00/ArkCompiler: [ecmascript] can not find aot file
09-22 12:32:24.101 21780 21780 I C03f00/ArkCompiler: StartServer, componentName = <private>
09-22 12:32:24.101 21780 21780 W C01321/JsRuntime: [CSM161]disCon
09-22 12:32:24.101 21780 21780 I C03f00/ArkCompiler: [ecmascript] JSNApi::NotifyDebugMode, tid = 21780, debugApp = 1, isDebugMode = 0, instanceId = 0
09-22 12:32:24.103 21780 21874 I C02c03/PARAM_WATCHER: Add watcher keyPrefix persist.hdc.jdwp remoteWatcherId 86 success
09-22 12:32:24.104 21780 21780 I C03f00/ArkCompiler: [compiler] __jit_debug_register_code() is called.
09-22 12:32:24.104 21780 21780 I C03f00/ArkCompiler: [compiler] success to register stub.an to debugger.
09-22 12:32:24.105 21780 21867 I C01317/AppKit: [DRH689]File existed. dir: /data/storage/el2/base/cache/rawheap
09-22 12:32:24.105 21780 21867 I C01317/AppKit: [DRH667]success to create /data/storage/el2/base/cache/rawheap
09-22 12:32:24.106 21780 21780 W C01e00/ResourceManager: update userId, currentUserId_= 0, userId= 100
09-22 12:32:24.106 21780 21780 E C01e00/ResourceManager: LoadThemesRes failed, userId = 100, bundleName = com.self.mirror
09-22 12:32:24.106 21780 21780 W C01e00/ResourceManager: theme resources will clean, id 100
09-22 12:32:24.106 21780 21857 W C01653/NativePreferences: LoadFromDisk: The settingXml /***/el1/***/i18*** load failed.
09-22 12:32:24.108 21780 21780 E C01301/CompatiblePolicyDeviceType: [calculateResourceType:81]deviceType is empty.
09-22 12:32:24.108 21780 21780 W C01301/Ability: [resource_config_helper.cpp193]invalid source:
09-22 12:32:24.108 21780 21780 W C01301/Ability: [resource_config_helper.cpp193]invalid source:
09-22 12:32:24.109 21780 21780 I C01317/AppKit: [application_cleaner.cpp94]ClearTempData
09-22 12:32:24.109 21780 21780 I C01317/AppKit: [MTHRD2947]NtfyAppPreAbiCreate
09-22 12:32:24.114 21780 21780 I C01317/AppKit: [JAS211]LoadModule
09-22 12:32:24.114 21780 21780 W C01317/AppKit: [JAS1032]null stage
09-22 12:32:24.114 21780 21780 W C01317/AppKit: [JAS254]Not found AbilityStage.js
09-22 12:32:24.114 21780 21780 I C01317/AppKit: [OH_APP432]OnAboutToCreateAbility
09-22 12:32:24.114 21780 21780 W C01317/AppKit: [JAS349]Not found AbilityStage.js
09-22 12:32:24.114 21780 21780 I C01332/UIAbility: [ui_ability.cpp131]instanceId: b456-0f3e-8c51-4aed-956e619c5a3532e1
09-22 12:32:24.115 21780 21780 I C03f00/ArkCompiler: [ecmascript] start to execute module buffer with secure memory: /data/storage/el1/bundle/entry/ets/entryability/NativeProbeAbility.abc
09-22 12:32:24.115 21780 21780 E C03f00/ArkCompiler: [common] Can not open xpm proc file, do not check secure memory anymore.
09-22 12:32:24.117 21780 21780 I C01320/JsEnv: [JSENV300]timing: 1
09-22 12:32:24.119 21780 21780 I C01320/JSENV: Callee constructor is OK string
09-22 12:32:24.119 21780 21780 I C01320/JSENV: Ability::constructor callee is object [object Object]
09-22 12:32:24.119 21780 21780 I C03f00/ArkCompiler: [ecmascript] start to execute ark buffer with secure memory use file: /data/storage/el1/bundle/entry/ets/modules.abc, entrypoint: @normalized:N&&&entry/build/generated/r/ResourceTable&
09-22 12:32:24.120 21780 21780 I C01332/UIAbility: [ui_ability_thread.cpp204]Lifecycle:Attach
09-22 12:32:24.122 21780 21780 I C01317/AppKit: [MTHRD3123]called
09-22 12:32:24.122 21780 21870 I C03f00/ArkCompiler: [pgo] will save profiler to file /data/storage/ark-profile/rt_entry.ap
09-22 12:32:24.123 21780 21780 I C03f00/ArkCompiler: [gc] app is not inBackground
09-22 12:32:24.133 21780 21780 E C01707/CONCUR: [Interface] task 21870 apply qos failed, errno = 4
09-22 12:32:24.137 21780 21780 E C01707/CONCUR: [Interface] task 21871 apply qos failed, errno = 4
09-22 12:32:24.145 21780 21780 E C01707/CONCUR: [Interface] task 21869 apply qos failed, errno = 4
09-22 12:32:24.149 21780 21854 I C01332/UIAbility: [ui_ability_thread.cpp352]name:NativeProbeAbility,targeState:5,isNewWant:0
09-22 12:32:24.157 21780 21780 I C01332/UIAbility: [ui_ability_thread.cpp271]Lifecycle:name NativeProbeAbility
09-22 12:32:24.157 21780 21780 I C04201/DMS: AddDisplayIdFromAms: abilityToken and display[0] has been added.
09-22 12:32:24.158 21780 21780 I C01332/UIAbility: [JUA2177]JsUIAbility call js, name: onCreate
09-22 12:32:24.158 21780 21780 I C01332/UIAbility: [JUA2222]end, name: onCreate, time: 0
09-22 12:32:24.158 21780 21780 E C01332/UIAbility: [ui_ability_impl.cpp364]hasSaveData_: false
09-22 12:32:24.158 21780 21780 W C01332/UIAbility: [JUA1352]formatRegex: []
09-22 12:32:24.158 21780 21780 I C04202/WMSMain: Init: [requestId: 15][scbRequestId: 0]WindowScene with window session!
09-22 12:32:24.158 21780 21780 I C04202/WMSMain: Init: set isModuleAbilityHookEnd
09-22 12:32:24.158 21780 21780 I C0420a/WMSLife: WindowSessionImpl: nodeId: 93544387706881
09-22 12:32:24.159 21780 21780 I C01406/OHOS::RS: RSLogManager init log flag: 0x0(0)
09-22 12:32:24.162 21780 21780 I C01406/OHOS::RS: RSRenderServiceConnectHub call CreateConnection, needRefresh:[0]
09-22 12:32:24.163 21780 21780 I C01406/OHOS::RS: RSFrameRateLinker::Create id: 93544387706880
09-22 12:32:24.163 21780 21780 I C04202/WMSMain: VsyncStation: id 93544387706881 created
09-22 12:32:24.163 21780 21780 I C04200/WindowSceneSessionImpl: WindowSceneSessionImpl: [WMSCom] Constructor mirror0
09-22 12:32:24.163 21780 21780 E C04200/WMS: SetWindowType: permission denied!
09-22 12:32:24.163 21780 21780 I C0420a/WMSLife: Create: Window Create name:mirror0, state:0, mode:0
09-22 12:32:24.296 21780 21780 I C0420a/WMSLife: Create: SetIsAbilityHookOff 0
09-22 12:32:24.296 21780 21780 W C0420a/WMSLife: IsWindowSessionInvalid: id: 0 state_: 0
09-22 12:32:24.296 21780 21780 W C04200/WindowSceneSessionImpl: AdjustWindowAnimationFlag: session invalid!
09-22 12:32:24.296 21780 21780 I C04200/WindowSceneSessionImpl: Remove window flag WINDOW_FLAG_SHOW_WHEN_LOCKED
09-22 12:32:24.299 21780 21780 I C0420a/WMSLife: Connect: in
09-22 12:32:24.302 21780 21883 W C057c1/IPCWorkThread: ThreadHandler: proto:0 policy:0 name:OS_IPC_2_21883 invoker:2748240
09-22 12:32:24.315 21780 21883 I C04208/WMSLayout: UpdateRect: [WindowRectUpdate:ClientRecv] UpdateRect id:0 name:mirror0, preRect=[0 0 0 0], newRect=[0 0 1308 2880], reason:0 displayId:0
09-22 12:32:24.315 21780 21883 I C04208/WMSLayout: NotifyFirstValidLayoutUpdate: Id:0, rect:[0 0 1308 2880]
09-22 12:32:24.316 21780 21780 I C01406/OHOS::RS: RSSurfaceNode::Unmarshalling, Node: 93544387706881, Name: mirror0
09-22 12:32:24.316 21780 21854 W C04208/WMSLayout: NotifySingleHandTransformChange: id:0, uiContent is nullptr
09-22 12:32:24.316 21780 21780 I C04208/WMSLayout: Connect: updateRect when connect.preRect:[0,0,1308,2880]rect:[0,0,1308,2880]
09-22 12:32:24.316 21780 21780 E C0421c/WMSCompat: ReadCombinedCompatibleConfig: combinedConfigSize: 0 fail to meet the conditions
09-22 12:32:24.317 21780 21780 I C0420a/WMSLife: Connect: Window Connect [name:mirror0, id:42, type:1], ret:0, oriDisplayId:0, curDisplayId:0
09-22 12:32:24.317 21780 21780 I C04204/WMSScb: RS multi-instance enabled: 1
09-22 12:32:24.317 21780 21780 I C01406/OHOS::RS: multi-instance, create RSUIContextManager, isMultiInstanceOpen_ 1
09-22 12:32:24.318 21780 21780 I C01406/OHOS::RS: RSRenderServiceConnectHub AddRenderProcessConnectionToken
09-22 12:32:24.318 21780 21780 I C01406/OHOS::RS: RSRenderServiceConnectHub::SetOnDiedCallback, code:0
09-22 12:32:24.318 21780 21780 I C01406/OHOS::RS: RSApplicationAgentImpl::RegisterRSApplicationAgent!
09-22 12:32:24.318 21780 21780 I C01406/OHOS::RS: RSUIDirector::GoCreate CurrentState:0, UIContext:93544387706881
09-22 12:32:24.318 21780 21780 I C01406/OHOS::RS: RSUIDirector::GoResume CurrentState:0, UIContext:93544387706881
09-22 12:32:24.319 21780 21780 I C01406/OHOS::RS: RSUIDirector::GoForeground CurrentState:1, UIContext:93544387706881
09-22 12:32:24.319 21780 21780 I C02c03/PARAM_WATCHER: Add watcher keyPrefix persist.sys.graphic.animationscale remoteWatcherId 86 success
09-22 12:32:24.319 21780 21780 I C04204/WMSScb: InitRSUIDirector: Create RSUIDirector: RSUIDirector's RSUIContext [token: 93544387706881, tid: 21780], rsUIContext: RSUIContext is null
09-22 12:32:24.319 21780 21780 I C0420a/WMSLife: PostInitSurfaceNode: post init surfaceNode success, name: mirror0
09-22 12:32:24.319 21780 21780 I C0421c/WMSCompat: SetAppHookWindowInfo: Id:42, preHookWindowInfo:[enableHookWindow: false, widthHookRatio: 1.000000, notifyWindowChange: false, drawableRectHook: false], newHookWindowInfo:[enableHookWindow: false, widthHookRatio: 1.000000, notifyWindowChange: false, drawableRectHook: false]
09-22 12:32:24.319 21780 21780 I C0421c/WMSCompat: SendCombinedCompatibleConfigToArkUI: bundleName: com.self.mirror, combinedCompatibleConfig size: 0
09-22 12:32:24.319 21780 21780 E C0421c/WMSCompat: SendCombinedCompatibleConfigToArkUI: Combined compatible config size is less than 2!
09-22 12:32:24.319 21780 21780 I C01406/OHOS::RS: RSSurfaceNode::SetAlphaChangedCallback, node=[93544387706881, mirror0]
09-22 12:32:24.320 21780 21780 I C04208/WMSLayout: SetWindowMode: windowId: 42, windowModeSupportType: 127, mode: 1
09-22 12:32:24.320 21780 21780 I C04208/WMSLayout: UpdateWindowModeImmediately: [WindowModeUpdate:Inner] UpdateWindowModeImmediately id:42, mode:1, splitStyle:0, splitIndex:0, state:1
09-22 12:32:24.321 21780 21780 I C04208/WMSLayout: NotifyWindowStatusChange: [WindowModeUpdate:Inner] NotifyWindowStatusChange id:42, mode:1, status:1, lastStatus:0, skipRedundant:0
09-22 12:32:24.321 21780 21780 I C04208/WMSLayout: SetConfigWindowLimitsVP: id:42, windowLimits:[0 0 0 0 0.000000 0.000000 1.000000 1]
09-22 12:32:24.322 21780 21780 I C04208/WMSLayout: GetSystemSizeLimits: systemLimitsPX: [6720 6720 1120 840 340282346638528859811704183484516925440.000000 0.000000 1.000000 0], systemLimitsVP: [1920 1920 320 240 340282346638528859811704183484516925440.000000 0.000000 1.000000 1], configMaxSize: 1920, vpr: 3.500000, winType: 1
09-22 12:32:24.322 21780 21780 I C04208/WMSLayout: UpdateWindowSizeLimits: [WindowLimitsUpdate:CalcLimits] SaveLimits id:42, px[minW:1120,minH:840,maxW:6720,maxH:6720] vp[minW:320,minH:240,maxW:1920,maxH:1920] vpr=3.500000
09-22 12:32:24.322 21780 21780 I C0421a/WMSLayoutPc: GetSupportedWindowModesConfiguration: winId: 42, windowModeSupportType: 15
09-22 12:32:24.323 21780 21780 I C04202/WMSMain: SetSupportedWindowModesForAncoInFreeWindow: is not anco app, need not update support window mode.
09-22 12:32:24.323 21780 21780 I C04208/WMSLayout: SetWindowModeSupportType: id:42, old:127, new:15
09-22 12:32:24.323 21780 21780 I C04208/WMSLayout: GetConfigurationFromAbilityInfo: windowId: 42, windowModeSupportType: 15, isAncoSupportFreeWindow: 0
09-22 12:32:24.323 21780 21780 I C0420f/WMSRecover: RegisterSessionRecoverCallbackFunc: persistentId=42
09-22 12:32:24.324 21780 21780 I C04209/WMSImms: UpdateStatusBarColorByColorMode: win 42 type 1 hasDarkRes 0 colorMode light
09-22 12:32:24.325 21780 21780 I C04200/WMS: IsMainHandlerAvailable: id:42, isAvailable:1
09-22 12:32:24.325 21780 21780 I C04200/WMS: IsMainHandlerAvailable: id:42, isAvailable:1
09-22 12:32:24.332 21780 21780 I C02800/MMIClient: [|267]Connection to server succeeded, fd:31
09-22 12:32:24.332 21780 21780 I C02800/MMIClient: [|166]Server was listening
09-22 12:32:24.332 21780 21780 I C02800/MMIClient: [|127]reuse current event handler, thread name:
09-22 12:32:24.332 21780 21780 I C02800/MMIClient: [|130]File fd is in listening
09-22 12:32:24.332 21780 21780 I C0420c/WMSEvent: AddInputWindow: SetWindowInputEventConsumer success, wid:42
09-22 12:32:24.336 21780 21780 I C04732/GameController: [(RegisterEntryModule:24)]begin load gamecontroller_event
09-22 12:32:24.336 21780 21780 I C04732/GameController: [(StartInputToTouch:61)]Begin StartInputToTouch
09-22 12:32:24.337 21780 21884 I C04732/GameController: [(GetSelfBundleName:49)]The current bundleName [com.self.mirror]. version [0.1.0]
09-22 12:32:24.337 21780 21884 I C04732/GameController: [(IsCommonApp:94)]The [com.self.mirror] is a common app.
09-22 12:32:24.337 21780 21884 W C04732/GameController: [(ReadJsonFromFile:224)]realpath failed for [/data/service/el1/public/for-all-app/gamecontroller_server/game_support_key_mapping.json]
09-22 12:32:24.337 21780 21884 I C04732/GameController: [(SetSupportKeyMapping:73)]SetSupportKeyMapping. isSupportKeyMapping_ is [0]
09-22 12:32:24.337 21780 21884 I C04732/GameController: [(DoAsyncTask:76)]The app does not support input-to-touch feature.
09-22 12:32:24.338 21780 21780 I C04217/WMSAttribute: ConnectServer: start connect
09-22 12:32:24.338 21780 21780 I C04217/WMSAttribute: ConnectServer: end connect
09-22 12:32:24.338 21780 21780 W C04217/WMSAttribute: RegisterGetWMSWindowListCallback: callback has registered
09-22 12:32:24.338 21780 21780 I C04217/WMSAttribute: RegisterGetWMSWindowListCallback: winId: 42
09-22 12:32:24.338 21780 21780 I C04217/WMSAttribute: UpdateColorMode: winId: 42, colorMode: light
09-22 12:32:24.338 21780 21780 I C04218/WMSPc: UpdateSidebarBlurStyleWhenColorModeChange: in, persistentId=42
09-22 12:32:24.338 21780 21780 W C04218/WMSPc: UpdateSidebarBlurStyleWhenColorModeChange: RSAnimatableProperty is null
09-22 12:32:24.338 21780 21780 I C04217/WMSAttribute: UpdateColorMode: winId: 42, colorMode: light, hasDarkRes: 0
09-22 12:32:24.338 21780 21780 I C0421c/WMSCompat: SetPcAppInpadSpecificSystemBarInvisible: isPcAppInpadSpecificSystemBarInvisible: 0
09-22 12:32:24.338 21780 21780 I C0421c/WMSCompat: SetPcAppInpadOrientationLandscape: isPcAppInpadOrientationLandscape: 0
09-22 12:32:24.339 21780 21780 I C0420a/WMSLife: Create: Window Create success [name:mirror0, id:42], state:1, mode:1, enableDefaultDensity:0, displayId:0
09-22 12:32:24.339 21780 21780 E C04200/WMS: singleton_container.cpp GetSingleton: cant get OHOS::Rosen::WindowInfoReporter
09-22 12:32:24.339 21780 21780 I C01332/UIAbility: [JUA2177]JsUIAbility call js, name: onWindowStageCreate
09-22 12:32:24.339 21780 21780 I C04200/JsWindowStage: LoadContent: [NAPI]
09-22 12:32:24.339 21780 21780 I C01332/UIAbility: [JUA2222]end, name: onWindowStageCreate, time: 0
09-22 12:32:24.339 21780 21780 I C0420a/WMSLife: NotifyWindowStageCreateFinished: id: 42
09-22 12:32:24.339 21780 21780 I C01332/UIAbility: [JUA2177]JsUIAbility call js, name: onWillForeground
09-22 12:32:24.339 21780 21780 I C01332/UIAbility: [JUA2222]end, name: onWillForeground, time: 0
09-22 12:32:24.339 21780 21780 I C04202/WMSMain: GoForeground: [requestId: 15][scbRequestId: 0]reason: 4 isGamePreLaunch: 0
09-22 12:32:24.339 21780 21780 I C0420a/WMSLife: Show: [requestId: 15][scbRequestId: 0]Window show [name: mirror0, id: 42, type: 1], reason: 4, state:1, requestState:1
09-22 12:32:24.342 21780 21780 I C04208/WMSLayout: GetSystemSizeLimits: systemLimitsPX: [6720 6720 1120 840 340282346638528859811704183484516925440.000000 0.000000 1.000000 0], systemLimitsVP: [1920 1920 320 240 340282346638528859811704183484516925440.000000 0.000000 1.000000 1], configMaxSize: 1920, vpr: 3.500000, winType: 1
09-22 12:32:24.342 21780 21780 I C04208/WMSLayout: UpdateWindowSizeLimits: [WindowLimitsUpdate:CalcLimits] SaveLimits id:42, px[minW:1120,minH:840,maxW:6720,maxH:6720] vp[minW:320,minH:240,maxW:1920,maxH:1920] vpr=3.500000
09-22 12:32:24.343 21780 21780 I C04217/WMSAttribute: IsSystemDensityChanged: windowId: 42, lastDensity: -1.000000, currDensity: 3.500000
09-22 12:32:24.344 21780 21780 W C04200/WindowSessionImpl: UpdateViewportConfig: uiContent is null!
09-22 12:32:24.355 21780 21780 I C01332/UIAbility: [ui_ability_impl.cpp489]wnd call, AfterForeground
09-22 12:32:24.355 21780 21780 I C01406/OHOS::RS: RSFrameRateLinker::Create id: 93544387706881
09-22 12:32:24.355 21780 21883 I C04207/WMSFocus: ProcessUpdateFocus: unfocusId:11, focusId:42, isFocused:1,isSyncNotify:0, old:0, new:1790051543932, current:1790051544355
09-22 12:32:24.355 21780 21883 I C04207/WMSFocus: UpdateFocusState: focus: 1, id: 42
09-22 12:32:24.355 21780 21883 I C04207/WMSFocus: NotifyApplicationFocusChangedResult: 1
09-22 12:32:24.355 21780 21883 I C04207/WMSFocus: ProcessNotifyHighlightChange: timeStamp:1790051543932, highlightId:42, isHighlight:1,isSyncNotify:0, old:0, new:1790051543932, current:1790051544355
09-22 12:32:24.355 21780 21883 I C04207/WMSFocus: NotifyHighlightChange: windowId: 42, isHighlight: 1,
09-22 12:32:24.355 21780 21883 E C0420a/WMSLife: NotifyUIExtHostRectChangeInGlobalDisplayListeners: uiContent is null
09-22 12:32:24.355 21780 21883 W C04208/WMSLayout: NotifySingleHandTransformChange: id:42, uiContent is nullptr
09-22 12:32:24.355 21780 21883 I C04200/WindowSessionImpl: NotifyTransformChange: in
09-22 12:32:24.356 21780 21888 W C057c1/IPCWorkThread: ThreadHandler: proto:0 policy:0 name:OS_IPC_3_21888 invoker:7856608
09-22 12:32:24.370 21780 21780 E C01706/ueaClient-RmeCoreSched: [Init]: do not enabled!ret: -1
09-22 12:32:24.370 21780 21780 I C01706/ueaClient-FrameMsgMgr: [Init]:inited success!
09-22 12:32:24.370 21780 21780 I C01706/ueaClient-FrameUiIntf: [Init]:ret:1, inited:1
09-22 12:32:24.372 21780 21780 I C04217/WMSAttribute: InitWaterfallMode: winId: 42
09-22 12:32:24.372 21780 21780 I C04217/WMSAttribute: NotifyWaterfallModeChange: winId: 42, waterfall: 0, stat: 2
09-22 12:32:24.372 21780 21780 I C04202/WMSMain: NotifyFreeMultiWindowModeResume: IsPcMode 0, isColdStart 1
09-22 12:32:24.372 21780 21780 I C0420a/WMSLife: Show: [requestId: 15][scbRequestId: 0]Window show success [name:mirror0, id:42, type:1]
09-22 12:32:24.373 21780 21780 W C04201/DMS: OnDisplayInfoChange: data is not changed.
09-22 12:32:24.373 21780 21780 I C01332/UIAbility: [JUA2177]JsUIAbility call js, name: onForeground
09-22 12:32:24.373 21780 21780 I C01332/UIAbility: [JUA2222]end, name: onForeground, time: 0
09-22 12:32:24.375 21780 21780 E C01651/data_share_manager_impl: RegisterClientDeathObserver: RegisterClientDeathObserver failed, bundleName is com.self.mirror
09-22 12:32:24.375 21780 21780 E C01651/data_share_manager_impl: GetDataShareServiceProxy: RegisterClientDeathObserver failed
09-22 12:32:24.376 21780 21888 E C01651/data_share_manager_impl: RegisterClientDeathObserver: RegisterClientDeathObserver failed, bundleName is com.self.mirror
09-22 12:32:24.376 21780 21888 E C01651/data_share_manager_impl: GetDataShareServiceProxy: RegisterClientDeathObserver failed
09-22 12:32:24.376 21780 21888 I C01651/data_share_manager_impl: operator(): RecoverObs start
09-22 12:32:24.394 21780 21780 I C05405/CompConfigClient: GetConfigByApp: GetDataShareData return 0 result
09-22 12:32:24.394 21780 21780 E C01301/Ability: [page_config_manager.cpp62]configJson_ is empty
09-22 12:32:24.396 21780 21780 I C02d06/XCollie: Application is in starting period.
09-22 12:32:24.396 21780 21780 I C01332/UIAbility: [JUA2177]JsUIAbility call js, name: onDidForeground
09-22 12:32:24.396 21780 21780 I C01332/UIAbility: [JUA2222]end, name: onDidForeground, time: 0
09-22 12:32:24.396 21780 21780 I C04202/WMSMain: GoResume: in isGamePreLaunch: 0
09-22 12:32:24.396 21780 21780 I C0420a/WMSLife: SetUIContentInner: pages/NativeEsProbe, state:2, persistentId: 42
09-22 12:32:24.396 21780 21780 I C0420a/WMSLife: NotifySetUIContentComplete: start
09-22 12:32:24.396 21780 21780 I C0420a/WMSLife: SetUIContentComplete: persistentId=42
09-22 12:32:24.396 21780 21780 I C0420a/WMSLife: InitUIContent: start
09-22 12:32:24.396 21780 21780 I C0420a/WMSLife: DestroyExistUIContent: start
09-22 12:32:24.396 21780 21780 I C03900/Ace: [(-1:-1:undefined)] CreateUIContent.
09-22 12:32:24.396 21780 21780 I C03934/AceUIEvent: [(-1:-1:undefined)] report ace loaded
09-22 12:32:24.397 21780 21780 I C04707/HaAceEngine: OnAceLoaded end
09-22 12:32:24.397 21780 21780 I C03900/Ace: [(-2:-1:undefined)] Create ace bg threads pool.
09-22 12:32:24.397 21780 21780 I C03900/Ace: [(-2:-1:undefined)] Init RenderService UniRender Type:0
09-22 12:32:24.398 21780 21780 W C01409/APS_MANAGER: redo Connect
09-22 12:32:24.398 21780 21780 I C01409/APS_MANAGER: Start to ConnectService
09-22 12:32:24.398 21780 21780 I C01409/APS_MANAGER: GetSystemAbilityManager success
09-22 12:32:24.399 21780 21780 I C01409/APS_MANAGER: GetSystemAbility success
09-22 12:32:24.406 21780 21893 I C03900/Ace: [(-1:-1:undefined)] dlsym function ReportData success.
09-22 12:32:24.406 21780 21867 W C04707/HaClient: =========Invalid Client=========
09-22 12:32:24.410 21780 21888 I C04208/WMSLayout: NotifyWindowStatusDidChange: [WindowModeUpdate:Inner] NotifyWindowStatusDidChange id:42, mode:1, status:1, lastStatus:0, listenerSize:0, rect:[0 0 1308 2880]
09-22 12:32:24.418 21780 21780 I C03900/Ace: [(-2:-1:undefined)] [com.self.mirror][entry][-1]: UIContent: apiCompatibleVersion: 50101019, apiTargetVersion: 260000026, and apiReleaseType: Release, useNewPipe: 1, enableCustomComponentCrossAbility: 0
09-22 12:32:24.418 21780 21893 I C03900/Ace: [(-1:-1:undefined)] dlsym function ReportSyncEvent success.
09-22 12:32:24.422 21780 21780 I C02c03/PARAM_WATCHER: Add watcher keyPrefix persist.sys.arkui.animationscale remoteWatcherId 86 success
09-22 12:32:24.422 21780 21780 E C03900/Ace: [(-2:-1:undefined)] ConfigParserBase read system file failed
09-22 12:32:24.422 21780 21780 W C03900/Ace: [(-2:-1:undefined)] ArkUiFeatureParamManager failed to load xml file
09-22 12:32:24.422 21780 21780 E C03900/Ace: [(-2:-1:undefined)] ConfigParserBase read system UI correction config file failed
09-22 12:32:24.422 21780 21780 W C03900/Ace: [(-2:-1:undefined)] ArkUiFeatureParamManager failed to load UI correction config file
09-22 12:32:24.426 21780 21780 I C05405/CompConfigClient: SubscribeEvent_: SubscriberEvent, ret: 1
09-22 12:32:24.456 21780 21780 I C05405/CompConfigClient: GetConfigByApp: GetDataShareData return 0 result
09-22 12:32:24.457 21780 21780 W C03900/Ace: [(-2:-1:undefined)] FeatureManager get config failed, key:UICorrectionStrategy ret:1
09-22 12:32:24.457 21780 21780 W C03900/Ace: [(-2:-1:undefined)] FeatureParamManager get UICorrectionStrategy from FeatureManager failed
09-22 12:32:24.478 21780 21780 I C03900/Ace: [(-2:-1:undefined)] SetLocale language tag: zh-Hans, font locale: zh-Hans, select language: zh-CN
09-22 12:32:24.478 21780 21780 I C03900/Ace: [(-2:-1:undefined)] [com.self.mirror][entry][-1]: SetLanguage: zh, colorMode: light, deviceAccess: 1
09-22 12:32:24.478 21780 21780 I C03900/Ace: [(-2:-1:undefined)] [com.self.mirror][entry][-1]: Initialize UIContent isModelJson:true
09-22 12:32:24.480 21780 21780 I C03922/AceNavigation: [(-2:-1:undefined)] subscribe hsp Update successfully
09-22 12:32:24.480 21780 21780 I C03900/Ace: [(100000:100000:scope)] SetHapPath, Use hap path to load resource
09-22 12:32:24.481 21780 21780 I C04217/WMSAttribute: RegisterWaterfallModeChangeListener: winId: 42
09-22 12:32:24.481 21780 21780 I C04200/WMS: GetSurfaceNode: name:mirror0, id:42
09-22 12:32:24.481 21780 21780 I C04200/WMS: GetSurfaceNode: name:mirror0, id:42
09-22 12:32:24.481 21780 21780 I C03900/Ace: [(100000:100000:scope)] SetRSSurfaceNode 93544387706881 with rs multi
09-22 12:32:24.481 21780 21780 I C01406/OHOS::RS: RSUIContext::AttachFromUI. token: 93544387706881 uiPiplineNum: -1
09-22 12:32:24.481 21780 21780 I C01406/OHOS::RS: RSUIContext::SetUITaskRunner, Context token:93544387706881
09-22 12:32:24.486 21780 21780 I C03925/AceRouter: [(100000:100000:scope)] createManager, deviceType: 0
09-22 12:32:24.488 21780 21780 W C03900/Ace: [(100000:100000:scope)] Invalid config:zh_Hans-long-notround-vertical-light-phone-xxxhdpi
09-22 12:32:24.488 21780 21780 I C01406/OHOS::RS: RSUIDirector::GoBackground CurrentState:2, UIContext:93544387706881
09-22 12:32:24.489 21780 21780 I C01406/OHOS::RS: RSSurfaceNode::SetAbilityState, surfaceNodeId:[93544387706881], ability state: background
09-22 12:32:24.489 21780 21780 I C03900/Ace: [(100000:100000:scope)] set translateManager to pipeline, instanceId:100000
09-22 12:32:24.489 21780 21780 I C0421d/WMSRotation: RegisterOrientationChangeListener: in
09-22 12:32:24.490 21780 21780 I C03900/Ace: [(100000:100000:scope)] AddPersistAfterLayoutTask size: 1
09-22 12:32:24.490 21780 21780 I C03919/AceInputTracking: [(100000:100000:scope)] Debug touch pass mode 0
09-22 12:32:24.490 21780 21780 E C03934/AceUIEvent: [(100000:100000:scope)] AceTransform load failed: Error loading shared library /system/lib64/libtransform_interaction_ext.z.so: No such file or directory
09-22 12:32:24.490 21780 21780 I C03937/AceResource: [(100000:100000:scope)] ResourceAdapter UpdateResConfig with colorMode light
09-22 12:32:24.490 21780 21780 W C03900/Ace: [(100000:100000:scope)] not found systemTheme in HapModuleInfo, loading default OHOS_THEME
09-22 12:32:24.490 21780 21780 I C03900/Ace: [(100000:100000:scope)] Cannot Get File List from resources/styles/
09-22 12:32:24.490 21780 21780 W C03900/Ace: [(100000:100000:scope)] GetAsset failed: resources/styles/default.json
09-22 12:32:24.502 21780 21780 I C01406/OHOS::RS: RSRootNode::Create, Node:93544387706883, Token:93544387706881
09-22 12:32:24.502 21780 21780 I C03900/Ace: [(100000:100000:scope)] root node OnAttachToFrameNode, id:0
09-22 12:32:24.502 21780 21780 I C03900/Ace: [(100000:100000:scope)] Rosenwindow set root, rsId:93544387706883
09-22 12:32:24.502 21780 21780 I C01406/OHOS::RS: RSRootNode::AttachRSSurfaceNode, SurfaceNode:93544387706881, Node:93544387706883
09-22 12:32:24.503 21780 21780 I C03900/Ace: [(100000:100000:scope)] AddPersistAfterLayoutTask size: 2
09-22 12:32:24.509 21780 21780 I C03900/Ace: [(100000:100000:scope)] focusWindowId: 0, realHostWindowId: 0
09-22 12:32:24.509 21780 21780 I C03900/Ace: [(100000:100000:scope)] [com.self.mirror][entry][100000]: window focus
09-22 12:32:24.512 21780 21780 I C02c03/PARAM_WATCHER: Add watcher keyPrefix debug.graphic.frame remoteWatcherId 86 success
09-22 12:32:24.512 21780 21780 E C03900/Ace: [(100000:100000:scope)] ERROR EACCES
09-22 12:32:24.512 21780 21780 E C03900/Ace: [(100000:100000:scope)] ERROR EACCES
09-22 12:32:24.512 21780 21780 I C03900/Ace: [(100000:100000:scope)] ArkUIInvisibleFreeze: 0
09-22 12:32:24.512 21780 21780 I C03900/Ace: [(100000:100000:scope)] [com.self.mirror][entry][100000]: SetMinPlatformVersion is 50101019
09-22 12:32:24.513 21780 21780 I C04209/WMSImms: RegisterAvoidAreaChangeListener: win 42
09-22 12:32:24.514 21780 21780 E C04200/IMockSessionManager: Read result failed, code is: 4.
09-22 12:32:24.515 21780 21780 E C04200/IMockSessionManager: Read result failed, code is: 4.
09-22 12:32:24.515 21780 21780 I C04200/WMS: InitSessionManagerServiceProxy: Init success, userId=-1
09-22 12:32:24.516 21780 21780 I C04200/WMS: InitSceneSessionManagerLiteProxy: Init success, userId=-1
09-22 12:32:24.516 21780 21780 I C04204/WMSScb: InitSceneSessionManagerProxy: enter, userId=-1
09-22 12:32:24.516 21780 21780 I C04204/WMSScb: GetSceneSessionManagerProxy: init first time, userId=-1
09-22 12:32:24.518 21780 21854 E C0420a/WMSLife: NotifyUIExtHostRectChangeInGlobalDisplayListeners: uiContent is null
09-22 12:32:24.518 21780 21854 I C04208/WMSLayout: UpdateRect: [WindowRectUpdate:ClientRecv] UpdateRect id:42 name:mirror0, preRect=[0 0 1308 2880], newRect=[0 0 1308 2880], reason:23 displayId:0
09-22 12:32:24.522 21780 21780 I C04209/WMSImms: GetAvoidAreaByType: win 42 type not supported
09-22 12:32:24.522 21780 21780 I C03917/AceSafeArea: [(100000:100000:scope)] InitializeSafeArea systemInsets:SafeAreaInsets left_: [start: 0, end: 0], top_: [start: 0, end: 136], right_: [start: 0, end: 0], bottom_: [start: 0, end: 0], cutoutInsets:SafeAreaInsets left_: [start: 0, end: 0], top_: [start: 50, end: 128], right_: [start: 0, end: 0], bottom_: [start: 0, end: 0], navInsets:SafeAreaInsets left_: [start: 0, end: 0], top_: [start: 0, end: 0], right_: [start: 0, end: 0], bottom_: [start: 2782, end: 2880], floatNavInsets:SafeAreaInsets left_: [start: 0, end: 0], top_: [start: 0, end: 0], right_: [start: 0, end: 0], bottom_: [start: 0, end: 0]
09-22 12:32:24.524 21780 21780 I C0394e/AceWindow: [(100000:100000:scope)] Initialize displayId: 0, availableRect: [0, 0, 1308, 2880]
09-22 12:32:24.524 21780 21780 I C03900/Ace: [(100000:100000:scope)] Failed to open libthp_extra_innerapi.z.so, reason: Error loading shared library /system/lib64/libthp_extra_innerapi.z.so: No such file or directory
09-22 12:32:24.525 21780 21780 I C03900/Ace: [(-2:100000:singleton)] [com.self.mirror][entry][100000]: Initialize: pages/NativeEsProbe
09-22 12:32:24.525 21780 21780 I C03900/Ace: [(100000:100000:scope)] RunPage:pages/NativeEsProbe
09-22 12:32:24.525 21780 21780 W C03900/Ace: [(100000:100000:scope)] GetAsset failed: manifest.json
09-22 12:32:24.525 21780 21780 I C04200/WMS: InitUIContent: [0, 0]
09-22 12:32:24.525 21780 21780 I C0420a/WMSLife: RegisterUIContenCallback: start
09-22 12:32:24.525 21780 21780 I C04208/WMSLayout: SetUIContentInner: single hand, id:42, posX:0, posY:0, scaleX:1.000000, scaleY:1.000000
09-22 12:32:24.531 21780 21897 I C03951/InputKeyFlow: [(-1:100000:singleton)] Subscribe touch.events.pass.through Event
09-22 12:32:24.532 21780 21894 I C02c03/PARAM_WATCHER: Add watcher keyPrefix persist.ace.trace.layout.enabled remoteWatcherId 86 success
09-22 12:32:24.533 21780 21894 I C02c03/PARAM_WATCHER: Add watcher keyPrefix persist.ace.trace.inputevent.enabled remoteWatcherId 86 success
09-22 12:32:24.533 21780 21894 I C02c03/PARAM_WATCHER: Add watcher keyPrefix const.security.developermode.state remoteWatcherId 86 success
09-22 12:32:24.533 21780 21780 I C04219/WMSDecor: UpdateDecorEnable: decorVisible:1, isDockAutoHide:0, isDecorHiddenByApp:0, isMaximizeInvoked:0, id:42
09-22 12:32:24.533 21780 21780 I C03900/Ace: [(-2:100000:singleton)] [com.self.mirror][entry][100000]: UpdateWindowVisible: 1, hasDecor: 0
09-22 12:32:24.533 21780 21894 I C02c03/PARAM_WATCHER: Add watcher keyPrefix persist.ace.debug.statemgr.enabled remoteWatcherId 86 success
09-22 12:32:24.534 21780 21780 I C03900/Ace: [(-2:100000:singleton)] [com.self.mirror][entry][100000]: NotifyWindowMode mode = 1
09-22 12:32:24.534 21780 21894 I C02c03/PARAM_WATCHER: Add watcher keyPrefix persist.ace.debug.boundary.enabled remoteWatcherId 86 success
09-22 12:32:24.535 21780 21894 I C02c03/PARAM_WATCHER: Add watcher keyPrefix persist.ace.performance.monitor.enabled remoteWatcherId 86 success
09-22 12:32:24.540 21780 21780 I C03900/Ace: [(-2:100000:singleton)] [com.self.mirror][entry][100000]: window foreground
09-22 12:32:24.540 21780 21780 I C03900/Ace: [(100000:100000:scope)] Update application state , state: ON_SHOW
09-22 12:32:24.541 21780 21780 I C01406/OHOS::RS: RSUIDirector::GoForeground CurrentState:3, UIContext:93544387706881
09-22 12:32:24.541 21780 21780 I C01406/OHOS::RS: RSSurfaceNode::SetAbilityState, surfaceNodeId:[93544387706881], ability state: foreground
09-22 12:32:24.542 21780 21780 I C03900/Ace: [(100000:100000:scope)] ArkUI requests first Vsync.
09-22 12:32:24.542 21780 21780 I C04202/WMSMain: RequestVsync: First vsync has requested, nodeId: 93544387706881
09-22 12:32:24.545 21780 21780 I C03959/AceLayout: [(-2:100000:singleton)] UVC Viewport config: size: (1308, 2880) orientation: 0 density: 3.500000 position: (0, 0) transformHint: 0 displayId: 0 forceSplitDisplayConfig: disable forceSplit, mode: 0, WSCR 0, IRN 1, , keyboardInfo is null
09-22 12:32:24.546 21780 21780 I C03922/AceNavigation: [(100000:100000:scope)] disable forceSplit, mode:0
09-22 12:32:24.546 21780 21780 I C04208/WMSLayout: UpdateViewportConfig: Id: 42, reason: 0, viewportRect: [0 0 1308 2880], displayOrientation: 0, config[0, 0, 0, 3.500000]
09-22 12:32:24.546 21780 21780 I C03900/Ace: [(-2:100000:singleton)] [com.self.mirror][entry][100000]: window focus
09-22 12:32:24.546 21780 21780 I C03900/Ace: [(-2:100000:singleton)] [com.self.mirror][entry][100000]:window active
09-22 12:32:24.546 21780 21780 I C04208/WMSLayout: NotifyAfterUIContentReady: Renotify transform, id:42, scaleX:1.000000, scaleY:1.000000
09-22 12:32:24.546 21780 21780 I C02d11/DfxUnwinder: UnwindLocal:: fpUnwind: 0
09-22 12:32:24.550 21780 21780 W C01320/JsEnv: [source_map.cpp145]the stack without line info
09-22 12:32:24.551 21780 21780 I C04200/JsWindowStage: Window [42, mirror0] load content end, ret=0
09-22 12:32:24.551 21780 21780 I C02d06/XCollie: Application is in starting period.
09-22 12:32:24.551 21780 21780 I C04209/WMSImms: NotifyAvoidAreaChange: win 42 api 26 type 0 area top [0 0 1308 136] 
09-22 12:32:24.551 21780 21780 I C04209/WMSImms: NotifyAvoidAreaChange: win 42 api 26 type 1 area top [615 50 78 78] 
09-22 12:32:24.551 21780 21780 I C04209/WMSImms: NotifyAvoidAreaChange: win 42 api 26 type 2 area empty
09-22 12:32:24.551 21780 21780 I C04209/WMSImms: NotifyAvoidAreaChange: win 42 api 26 type 3 area empty
09-22 12:32:24.551 21780 21780 I C04209/WMSImms: NotifyAvoidAreaChange: win 42 api 26 type 4 area bottom [425 2782 458 98] 
09-22 12:32:24.551 21780 21780 I C03922/AceNavigation: [(100000:100000:scope)] disable forceSplit, mode:0
09-22 12:32:24.552 21780 21780 I C04208/WMSLayout: UpdateViewportConfig: Id: 42, reason: 0, viewportRect: [0 0 1308 2880], displayOrientation: 0, config[0, 0, 0, 3.500000]
09-22 12:32:24.552 21780 21780 I C03900/Ace: [(100000:100000:scope)] Update application state , state: ON_ACTIVE
09-22 12:32:24.553 21780 21780 I C0391c/AceFocus: [(100000:100000:scope)] Window: 42 get focus.
09-22 12:32:24.553 21780 21780 W C0391c/AceFocus: [(100000:100000:scope)] Current focus view can not found!
09-22 12:32:24.553 21780 21780 I C0391c/AceFocus: [(100000:100000:scope)] Request focus on rootFocusHub: root/0
09-22 12:32:24.555 21780 21780 I C03922/AceNavigation: [(100000:100000:scope)] disable forceSplit, mode:0
09-22 12:32:24.555 21780 21780 I C04208/WMSLayout: UpdateViewportConfig: Id: 42, reason: 23, viewportRect: [0 0 1308 2880], displayOrientation: 0, config[0, 0, 0, 3.500000]
09-22 12:32:24.555 21780 21780 I C03925/AceRouter: [(100000:100000:scope)] Page router manager is creating page[1]: url: pages/NativeEsProbe path: pages/NativeEsProbe.js, recoverable: yes, namedRouter: no
09-22 12:32:24.571 21780 21780 I C03f04/MMG: [NMM:352]Tail:default/self_native
09-22 12:32:24.585 21780 21780 W C03926/AceTheme: [(100000:100000:scope)] style text_pattern not contains linear_split_child_min_size!
09-22 12:32:24.585 21780 21780 W C03926/AceTheme: [(100000:100000:scope)] style text_pattern not contains menu_celia_ask_is_support!
09-22 12:32:24.587 21780 21780 I C01406/OHOS::RS: RSSurfaceNode::Create name: nodeId_7Surface type: 6, id: 93544387706889
09-22 12:32:24.603 21780 21780 I C01406/OHOS::RS: RsDebug RSSurfaceNode::Create id:93544387706889
09-22 12:32:24.604 21780 21780 I C01406/OHOS::RS: RSSurfaceNode::SetSecurityLayer, surfaceNodeId:[93544387706889] isSecurityLayer:false
09-22 12:32:24.604 21780 21780 I C03900/Ace: [(100000:100000:scope)] DisplayManagerOhos created
09-22 12:32:24.604 21780 21780 I C03900/Ace: [(100000:100000:scope)] Sensor Correction is not Enabled
09-22 12:32:24.604 21780 21780 E C03900/Ace: [(100000:100000:scope)] UIContent set compensation angle empty
09-22 12:32:24.604 21780 21780 I C01406/RSNode: RSNode::AddChild, Id: 93544387706888, SurfaceNode:[Id: 93544387706889, name: nodeId_7Surface]
09-22 12:32:24.605 21780 21780 W C01409/APS_MANAGER: redo Connect
09-22 12:32:24.605 21780 21780 I C01409/APS_MANAGER: Start to ConnectService
09-22 12:32:24.605 21780 21780 I C01409/APS_MANAGER: GetSystemAbilityManager success
09-22 12:32:24.606 21780 21780 I C01409/APS_MANAGER: GetSystemAbility success
09-22 12:32:24.607 21780 21780 E C057c2/IPCObjectProxy: PrintErrorDetailedInfo: failed, handle:28 error:-1 desc:*.IApsManager proxy:709728 time:14440331236625
09-22 12:32:24.607 21780 21780 E C01409/APS_MANAGER: [ApsManagerProxy::GetEvent] SendRequest is failed, error code: <private>
09-22 12:32:24.607 21780 21780 E C01409/APS_MANAGER: [GetEvent] write errorCode failed
09-22 12:32:24.608 21780 21780 W C03926/AceTheme: [(100000:100000:scope)] style 125829872 not contains app_theme_pattern!
09-22 12:32:24.608 21780 21780 W C01e00/ResourceManager: by id=125835722 limitPaths is empty
09-22 12:32:24.608 21780 21780 E C01e00/ResourceManager: ref <private> id not found
09-22 12:32:24.608 21780 21780 W C01e00/ResourceManager: by id=125835722 limitPaths is empty
09-22 12:32:24.608 21780 21780 E C01e00/ResourceManager: ref <private> id not found
09-22 12:32:24.608 21780 21780 W C03937/AceResource: [(100000:100000:scope)] Get pattern by name error, name=app_theme_pattern, bundleName: com.self.mirror, moduleName: entry
09-22 12:32:24.608 21780 21780 W C01e00/ResourceManager: by id=125835722 limitPaths is empty
09-22 12:32:24.608 21780 21780 E C01e00/ResourceManager: ref <private> id not found
09-22 12:32:24.608 21780 21780 W C01e00/ResourceManager: by id=125835722 limitPaths is empty
09-22 12:32:24.608 21780 21780 E C01e00/ResourceManager: ref <private> id not found
09-22 12:32:24.608 21780 21780 W C03937/AceResource: [(100000:100000:scope)] Get pattern by name error, name=app_theme_pattern
09-22 12:32:24.608 21780 21780 W C03926/AceTheme: [(100000:100000:scope)] style app_theme_pattern not contains app_theme_drag_distancethreshold!
09-22 12:32:24.609 21780 21780 I C03931/AceXcomponent: [(100000:100000:scope)] InitializeAccessibilityCallback
09-22 12:32:24.609 21780 21780 I C03931/AceXcomponent: [(100000:100000:scope)] InitializeAccessibility accessibilityId: 6
09-22 12:32:24.609 21780 21780 I C03f04/MMG: [NMM:1561]Module:arkui.node
09-22 12:32:24.614 21780 21902 I C01406/OHOS::RS: RSFrameRateLinker::Create id: 93544387706882
09-22 12:32:24.618 21780 21902 I C01406/OHOS::RS: RSFrameRateLinker::Destroy id: 93544387706882
09-22 12:32:24.618 21780 21902 I C01400/Vsync: RemoveAndCloseFdLocked: RemoveAndCloseFdLocked looper remove fd listener, fd=40
09-22 12:32:24.627 21780 21780 W C03f00/ArkCompiler: [default] [Call] occur exception need return
09-22 12:32:24.627 21780 21903 E C01707/CONCUR: [Interface] task 21903 apply qos failed, errno = 4
09-22 12:32:24.627 21780 21780 E C03f00/ArkCompiler: [ecmascript] Pending exception before ExecutePendingJob called, in line:6307, exception details as follows:
09-22 12:32:24.627 21780 21780 E C03f00/ArkCompiler: Error: SurfaceHolder creation
09-22 12:32:24.627 21780 21780 E C03f00/ArkCompiler:     at anonymous entry (entry/src/main/ets/pages/NativeEsProbe.ets:25:124)
09-22 12:32:24.627 21780 21780 W C03900/Ace: [(100000:100000:scope)] after call jsFunction hasError, empty: 0, caught: 1
09-22 12:32:24.628 21780 21780 E C03f00/ArkCompiler: [ecmascript] Not support runtime async stack trace
09-22 12:32:24.632 21780 21780 W C01317/AppKit: [MTHRD2308]hisysevent write result=0, send event [FRAMEWORK,JS_ERROR], packageName=com.self.mirror, pid=21780, appRunningId=13972320310204262782, threadName=com.self.mirror, isUncatchable=0, foreground=1
09-22 12:32:24.632 21780 21780 E C01317/AppKit: [MTHRD2357]
09-22 12:32:24.632 21780 21780 E C01317/AppKit: com.self.mirror is about to exit due to RuntimeError
09-22 12:32:24.632 21780 21780 E C01317/AppKit: Error type:Error
09-22 12:32:24.632 21780 21780 E C01317/AppKit: Error name:Error
09-22 12:32:24.632 21780 21780 E C01317/AppKit: Error message:SurfaceHolder creation
09-22 12:32:24.632 21780 21780 E C01317/AppKit: Stacktrace:
09-22 12:32:24.632 21780 21780 E C01317/AppKit:     at anonymous entry (entry/src/main/ets/pages/NativeEsProbe.ets:25:124)
09-22 12:32:24.632 21780 21780 I C01336/AMS: [AMC1927]RecordAppWithReason pid:21780, uid:20020063, killId:2003
09-22 12:32:24.634 21780 21780 W C01317/AppKit: [MTHRD2364]Record result=0, send event [FRAMEWORK,PROCESS_KILL,JS_ERROR], pid=21780, processName=com.self.mirror, msg=Kill Reason:Js Error, foreground=1, isUncatchable=0
09-22 12:32:24.634 21780 21780 I C01317/AppKit: [application_data_manager.cpp211]main thread
09-22 12:32:24.634 21780 21780 I C01356/Recovery: [app_recovery.cpp282]scheduleRecoverApp  begin
