> hvigor WARN: The version number of the 'entry' module does not comply with the SemVer specification.
               This will affect the installation and publication by ohpm.
               Make sure the value of version in the oh-package.json5 file of the module complies with the SemVer specification.
> hvigor [32mFinished :entry:default@PreBuild... after 126 ms [39m
> hvigor [32mFinished :entry:default@CreateModuleInfo... after 1 ms [39m
> hvigor [32mUP-TO-DATE :entry:default@GenerateMetadata...  [39m
> hvigor [32mFinished :entry:default@ConfigureCmake... after 72 ms [39m
> hvigor [32mUP-TO-DATE :entry:default@MergeProfile...  [39m
> hvigor [32mUP-TO-DATE :entry:default@CreateBuildProfile...  [39m
> hvigor [32mFinished :entry:default@PreCheckSyscap... after 1 ms [39m
> hvigor [32mFinished :entry:default@GeneratePkgSdkInfo... after 6 ms [39m
> hvigor [32mFinished :entry:default@ProcessIntegratedHsp... after 1 ms [39m
> hvigor [32mUP-TO-DATE :entry:default@MakePackInfo...  [39m
> hvigor [32mFinished :entry:default@SyscapTransform... after 16 ms [39m
> hvigor WARN: CMake Error at C:/Program Files/Huawei/DevEco Studio/sdk/default/openharmony/native/build-tools/cmake/share/cmake-3.28/Modules/CMakeTestCCompiler.cmake:67 (message):
  The C compiler

    "C:/Program Files/Huawei/DevEco Studio/sdk/default/openharmony/native/llvm/bin/clang.exe"

  is not able to compile a simple test program.

  It fails with the following output:

    Change Dir: 'D:/STUDY/College/mine/olay/entry/.cxx/default/default/debug/x86_64/CMakeFiles/CMakeScratch/TryCompile-jrkwoo'
    
    Run Build Command(s): "C:/Program Files/Huawei/DevEco Studio/sdk/default/openharmony/native/build-tools/cmake/bin/ninja.exe" -v cmTC_a55c2
    [1/2] C:\PROGRA~1\Huawei\DEVECO~1\sdk\default\OPENHA~1\native\llvm\bin\clang.exe --target=x86_64-linux-ohos --gcc-toolchain="C:/Program Files/Huawei/DevEco Studio/sdk/default/openharmony/native/llvm" --sysroot="C:/Program Files/Huawei/DevEco Studio/sdk/default/openharmony/native/sysroot"  -I"C:/Program Files/Huawei/DevEco Studio/sdk/default/hms/native/sysroot/usr/include" -fdata-sections -ffunction-sections -funwind-tables -fstack-protector-strong -no-canonical-prefixes -fno-addrsig -Wa,--noexecstack -Wformat -Werror=format-security  -D__MUSL__  -fPIE -MD -MT CMakeFiles/cmTC_a55c2.dir/testCCompiler.c.o -MF CMakeFiles\cmTC_a55c2.dir\testCCompiler.c.o.d -o CMakeFiles/cmTC_a55c2.dir/testCCompiler.c.o -c D:/STUDY/College/mine/olay/entry/.cxx/default/default/debug/x86_64/CMakeFiles/CMakeScratch/TryCompile-jrkwoo/testCCompiler.c
    clang: warning: argument unused during compilation: '--gcc-toolchain=C:/Program Files/Huawei/DevEco Studio/sdk/default/openharmony/native/llvm' [-Wunused-command-line-argument]
    [2/2] C:\Windows\system32\cmd.exe /C "cd . && C:\PROGRA~1\Huawei\DEVECO~1\sdk\default\OPENHA~1\native\llvm\bin\clang.exe --target=x86_64-linux-ohos --gcc-toolchain="C:/Program Files/Huawei/DevEco Studio/sdk/default/openharmony/native/llvm" --sysroot="C:/Program Files/Huawei/DevEco Studio/sdk/default/openharmony/native/sysroot" -fdata-sections -ffunction-sections -funwind-tables -fstack-protector-strong -no-canonical-prefixes -fno-addrsig -Wa,--noexecstack -Wformat -Werror=format-security  -D__MUSL__ --rtlib=compiler-rt -fuse-ld=lld -Wl,--build-id=sha1 -Wl,--warn-shared-textrel -Wl,--fatal-warnings -lunwind -Wl,--no-undefined -Qunused-arguments -Wl,-z,noexecstack -Wl,--gc-sections CMakeFiles/cmTC_a55c2.dir/testCCompiler.c.o -o cmTC_a55c2  -lm && cd ."
    FAILED: [code=1] cmTC_a55c2 
    C:\Windows\system32\cmd.exe /C "cd . && C:\PROGRA~1\Huawei\DEVECO~1\sdk\default\OPENHA~1\native\llvm\bin\clang.exe --target=x86_64-linux-ohos --gcc-toolchain="C:/Program Files/Huawei/DevEco Studio/sdk/default/openharmony/native/llvm" --sysroot="C:/Program Files/Huawei/DevEco Studio/sdk/default/openharmony/native/sysroot" -fdata-sections -ffunction-sections -funwind-tables -fstack-protector-strong -no-canonical-prefixes -fno-addrsig -Wa,--noexecstack -Wformat -Werror=format-security  -D__MUSL__ --rtlib=compiler-rt -fuse-ld=lld -Wl,--build-id=sha1 -Wl,--warn-shared-textrel -Wl,--fatal-warnings -lunwind -Wl,--no-undefined -Qunused-arguments -Wl,-z,noexecstack -Wl,--gc-sections CMakeFiles/cmTC_a55c2.dir/testCCompiler.c.o -o cmTC_a55c2  -lm && cd ."
    clang: error: no such file or directory: 'CMakeFiles/cmTC_a55c2.dir/testCCompiler.c.o'
    ninja: build stopped: subcommand failed.
    
    

  

  CMake will not be able to correctly generate this project.
Call Stack (most recent call first):
  CMakeLists.txt:2 (project)



> hvigor WARN: CMake Error at C:/Program Files/Huawei/DevEco Studio/sdk/default/openharmony/native/build-tools/cmake/share/cmake-3.28/Modules/CMakeTestCCompiler.cmake:67 (message):
  The C compiler

    "C:/Program Files/Huawei/DevEco Studio/sdk/default/openharmony/native/llvm/bin/clang.exe"

  is not able to compile a simple test program.

  It fails with the following output:

    Change Dir: 'D:/STUDY/College/mine/olay/entry/.cxx/default/default/debug/arm64-v8a/CMakeFiles/CMakeScratch/TryCompile-ygk4r4'
    
    Run Build Command(s): "C:/Program Files/Huawei/DevEco Studio/sdk/default/openharmony/native/build-tools/cmake/bin/ninja.exe" -v cmTC_33047
    [1/2] C:\PROGRA~1\Huawei\DEVECO~1\sdk\default\OPENHA~1\native\llvm\bin\clang.exe --target=aarch64-linux-ohos --gcc-toolchain="C:/Program Files/Huawei/DevEco Studio/sdk/default/openharmony/native/llvm" --sysroot="C:/Program Files/Huawei/DevEco Studio/sdk/default/openharmony/native/sysroot"  -I"C:/Program Files/Huawei/DevEco Studio/sdk/default/hms/native/sysroot/usr/include" -fdata-sections -ffunction-sections -funwind-tables -fstack-protector-strong -no-canonical-prefixes -fno-addrsig -Wa,--noexecstack -Wformat -Werror=format-security  -D__MUSL__  -fPIE -MD -MT CMakeFiles/cmTC_33047.dir/testCCompiler.c.o -MF CMakeFiles\cmTC_33047.dir\testCCompiler.c.o.d -o CMakeFiles/cmTC_33047.dir/testCCompiler.c.o -c D:/STUDY/College/mine/olay/entry/.cxx/default/default/debug/arm64-v8a/CMakeFiles/CMakeScratch/TryCompile-ygk4r4/testCCompiler.c
    clang: warning: argument unused during compilation: '--gcc-toolchain=C:/Program Files/Huawei/DevEco Studio/sdk/default/openharmony/native/llvm' [-Wunused-command-line-argument]
    [2/2] C:\Windows\system32\cmd.exe /C "cd . && C:\PROGRA~1\Huawei\DEVECO~1\sdk\default\OPENHA~1\native\llvm\bin\clang.exe --target=aarch64-linux-ohos --gcc-toolchain="C:/Program Files/Huawei/DevEco Studio/sdk/default/openharmony/native/llvm" --sysroot="C:/Program Files/Huawei/DevEco Studio/sdk/default/openharmony/native/sysroot" -fdata-sections -ffunction-sections -funwind-tables -fstack-protector-strong -no-canonical-prefixes -fno-addrsig -Wa,--noexecstack -Wformat -Werror=format-security  -D__MUSL__ --rtlib=compiler-rt -fuse-ld=lld -Wl,--build-id=sha1 -Wl,--warn-shared-textrel -Wl,--fatal-warnings -lunwind -Wl,--no-undefined -Qunused-arguments -Wl,-z,noexecstack -Wl,--gc-sections CMakeFiles/cmTC_33047.dir/testCCompiler.c.o -o cmTC_33047  -lm && cd ."
    FAILED: [code=1] cmTC_33047 
    C:\Windows\system32\cmd.exe /C "cd . && C:\PROGRA~1\Huawei\DEVECO~1\sdk\default\OPENHA~1\native\llvm\bin\clang.exe --target=aarch64-linux-ohos --gcc-toolchain="C:/Program Files/Huawei/DevEco Studio/sdk/default/openharmony/native/llvm" --sysroot="C:/Program Files/Huawei/DevEco Studio/sdk/default/openharmony/native/sysroot" -fdata-sections -ffunction-sections -funwind-tables -fstack-protector-strong -no-canonical-prefixes -fno-addrsig -Wa,--noexecstack -Wformat -Werror=format-security  -D__MUSL__ --rtlib=compiler-rt -fuse-ld=lld -Wl,--build-id=sha1 -Wl,--warn-shared-textrel -Wl,--fatal-warnings -lunwind -Wl,--no-undefined -Qunused-arguments -Wl,-z,noexecstack -Wl,--gc-sections CMakeFiles/cmTC_33047.dir/testCCompiler.c.o -o cmTC_33047  -lm && cd ."
    clang: error: no such file or directory: 'CMakeFiles/cmTC_33047.dir/testCCompiler.c.o'
    ninja: build stopped: subcommand failed.
    
    

  

  CMake will not be able to correctly generate this project.
Call Stack (most recent call first):
  CMakeLists.txt:2 (project)



> hvigor ERROR: Failed :entry:default@BuildNativeWithCmake... 
> hvigor ERROR: 00303300 Configuration Error
Error Message: Exceptions happened while executing C:\Program Files\Huawei\DevEco Studio\sdk\default\openharmony\native\build-tools\cmake\bin\cmake.exe -HD:\STUDY\College\mine\olay\entry\src\main\cpp -BD:\STUDY\College\mine\olay\entry\.cxx\default\default\debug\arm64-v8a -DOHOS_ARCH=arm64-v8a -DCMAKE_LIBRARY_OUTPUT_DIRECTORY=D:\STUDY\College\mine\olay\entry\build\default\intermediates\cmake\default\obj\arm64-v8a -DCMAKE_BUILD_TYPE=Debug -DOHOS_SDK_NATIVE=C:\Program Files\Huawei\DevEco Studio\sdk\default\openharmony\native -DCMAKE_SYSTEM_NAME=OHOS -DCMAKE_OHOS_ARCH_ABI=arm64-v8a -DCMAKE_EXPORT_COMPILE_COMMANDS=ON -DCMAKE_TOOLCHAIN_FILE=C:\Program Files\Huawei\DevEco Studio\sdk\default\hms\native\build\cmake\hmos.toolchain.cmake -GNinja -DCMAKE_MAKE_PROGRAM=C:\Program Files\Huawei\DevEco Studio\sdk\default\openharmony\native\build-tools\cmake\bin\ninja.exe -DCMAKE_FIND_ROOT_PATH=D:\STUDY\College\mine\olay\entry\.cxx\default\default\debug\hvigor\arm64-v8a -DPACKAGE_FIND_FILE=D:\STUDY\College\mine\olay\entry\.cxx\default\default\debug\hvigor\arm64-v8a\summary.cmake --no-warn-unused-cli -DHMOS_SDK_NATIVE=C:\Program Files\Huawei\DevEco Studio\sdk\default\hms\native.
Not searching for unused variables given on the command line.
-- The C compiler identification is Clang 15.0.4
-- The CXX compiler identification is Clang 15.0.4
-- Detecting C compiler ABI info
-- Detecting C compiler ABI info - failed
-- Check for working C compiler: C:/Program Files/Huawei/DevEco Studio/sdk/default/openharmony/native/llvm/bin/clang.exe
-- Check for working C compiler: C:/Program Files/Huawei/DevEco Studio/sdk/default/openharmony/native/llvm/bin/clang.exe - broken
CMake Error at C:/Program Files/Huawei/DevEco Studio/sdk/default/openharmony/native/build-tools/cmake/share/cmake-3.28/Modules/CMakeTestCCompiler.cmake:67 (message):
  The C compiler

    "C:/Program Files/Huawei/DevEco Studio/sdk/default/openharmony/native/llvm/bin/clang.exe"

  is not able to compile a simple test program.

  It fails with the following output:

    Change Dir: 'D:/STUDY/College/mine/olay/entry/.cxx/default/default/debug/arm64-v8a/CMakeFiles/CMakeScratch/TryCompile-ygk4r4'
    
    Run Build Command(s): "C:/Program Files/Huawei/DevEco Studio/sdk/default/openharmony/native/build-tools/cmake/bin/ninja.exe" -v cmTC_33047
    [1/2] C:\PROGRA~1\Huawei\DEVECO~1\sdk\default\OPENHA~1\native\llvm\bin\clang.exe --target=aarch64-linux-ohos --gcc-toolchain="C:/Program Files/Huawei/DevEco Studio/sdk/default/openharmony/native/llvm" --sysroot="C:/Program Files/Huawei/DevEco Studio/sdk/default/openharmony/native/sysroot"  -I"C:/Program Files/Huawei/DevEco Studio/sdk/default/hms/native/sysroot/usr/include" -fdata-sections -ffunction-sections -funwind-tables -fstack-protector-strong -no-canonical-prefixes -fno-addrsig -Wa,--noexecstack -Wformat -Werror=format-security  -D__MUSL__  -fPIE -MD -MT CMakeFiles/cmTC_33047.dir/testCCompiler.c.o -MF CMakeFiles\cmTC_33047.dir\testCCompiler.c.o.d -o CMakeFiles/cmTC_33047.dir/testCCompiler.c.o -c D:/STUDY/College/mine/olay/entry/.cxx/default/default/debug/arm64-v8a/CMakeFiles/CMakeScratch/TryCompile-ygk4r4/testCCompiler.c
    clang: warning: argument unused during compilation: '--gcc-toolchain=C:/Program Files/Huawei/DevEco Studio/sdk/default/openharmony/native/llvm' [-Wunused-command-line-argument]
    [2/2] C:\Windows\system32\cmd.exe /C "cd . && C:\PROGRA~1\Huawei\DEVECO~1\sdk\default\OPENHA~1\native\llvm\bin\clang.exe --target=aarch64-linux-ohos --gcc-toolchain="C:/Program Files/Huawei/DevEco Studio/sdk/default/openharmony/native/llvm" --sysroot="C:/Program Files/Huawei/DevEco Studio/sdk/default/openharmony/native/sysroot" -fdata-sections -ffunction-sections -funwind-tables -fstack-protector-strong -no-canonical-prefixes -fno-addrsig -Wa,--noexecstack -Wformat -Werror=format-security  -D__MUSL__ --rtlib=compiler-rt -fuse-ld=lld -Wl,--build-id=sha1 -Wl,--warn-shared-textrel -Wl,--fatal-warnings -lunwind -Wl,--no-undefined -Qunused-arguments -Wl,-z,noexecstack -Wl,--gc-sections CMakeFiles/cmTC_33047.dir/testCCompiler.c.o -o cmTC_33047  -lm && cd ."
    FAILED: [code=1] cmTC_33047 
    C:\Windows\system32\cmd.exe /C "cd . && C:\PROGRA~1\Huawei\DEVECO~1\sdk\default\OPENHA~1\native\llvm\bin\clang.exe --target=aarch64-linux-ohos --gcc-toolchain="C:/Program Files/Huawei/DevEco Studio/sdk/default/openharmony/native/llvm" --sysroot="C:/Program Files/Huawei/DevEco Studio/sdk/default/openharmony/native/sysroot" -fdata-sections -ffunction-sections -funwind-tables -fstack-protector-strong -no-canonical-prefixes -fno-addrsig -Wa,--noexecstack -Wformat -Werror=format-security  -D__MUSL__ --rtlib=compiler-rt -fuse-ld=lld -Wl,--build-id=sha1 -Wl,--warn-shared-textrel -Wl,--fatal-warnings -lunwind -Wl,--no-undefined -Qunused-arguments -Wl,-z,noexecstack -Wl,--gc-sections CMakeFiles/cmTC_33047.dir/testCCompiler.c.o -o cmTC_33047  -lm && cd ."
    clang: error: no such file or directory: 'CMakeFiles/cmTC_33047.dir/testCCompiler.c.o'
    ninja: build stopped: subcommand failed.
    
    

  

  CMake will not be able to correctly generate this project.
Call Stack (most recent call first):
  CMakeLists.txt:2 (project)


-- Configuring incomplete, errors occurred!
undefined

* Try the following:
  > Check the error details to identify which module failed.
  > Verify CMake/Ninja configuration is correct.


* Try:
> Run with --stacktrace option to get the stack trace.
> Run with --debug option to get more log output.


> hvigor ERROR: BUILD FAILED in 15 s 214 ms 
11 tasks in total: 7 executed, 4 up-to-date
> hvigor ERROR: Failed :entry:default@BuildNativeWithCmake... 
> hvigor ERROR: 00303300 Configuration Error
Error Message: Exceptions happened while executing C:\Program Files\Huawei\DevEco Studio\sdk\default\openharmony\native\build-tools\cmake\bin\cmake.exe -HD:\STUDY\College\mine\olay\entry\src\main\cpp -BD:\STUDY\College\mine\olay\entry\.cxx\default\default\debug\x86_64 -DOHOS_ARCH=x86_64 -DCMAKE_LIBRARY_OUTPUT_DIRECTORY=D:\STUDY\College\mine\olay\entry\build\default\intermediates\cmake\default\obj\x86_64 -DCMAKE_BUILD_TYPE=Debug -DOHOS_SDK_NATIVE=C:\Program Files\Huawei\DevEco Studio\sdk\default\openharmony\native -DCMAKE_SYSTEM_NAME=OHOS -DCMAKE_OHOS_ARCH_ABI=x86_64 -DCMAKE_EXPORT_COMPILE_COMMANDS=ON -DCMAKE_TOOLCHAIN_FILE=C:\Program Files\Huawei\DevEco Studio\sdk\default\hms\native\build\cmake\hmos.toolchain.cmake -GNinja -DCMAKE_MAKE_PROGRAM=C:\Program Files\Huawei\DevEco Studio\sdk\default\openharmony\native\build-tools\cmake\bin\ninja.exe -DCMAKE_FIND_ROOT_PATH=D:\STUDY\College\mine\olay\entry\.cxx\default\default\debug\hvigor\x86_64 -DPACKAGE_FIND_FILE=D:\STUDY\College\mine\olay\entry\.cxx\default\default\debug\hvigor\x86_64\summary.cmake --no-warn-unused-cli -DHMOS_SDK_NATIVE=C:\Program Files\Huawei\DevEco Studio\sdk\default\hms\native.
Not searching for unused variables given on the command line.
-- The C compiler identification is Clang 15.0.4
-- The CXX compiler identification is Clang 15.0.4
-- Detecting C compiler ABI info
-- Detecting C compiler ABI info - failed
-- Check for working C compiler: C:/Program Files/Huawei/DevEco Studio/sdk/default/openharmony/native/llvm/bin/clang.exe
-- Check for working C compiler: C:/Program Files/Huawei/DevEco Studio/sdk/default/openharmony/native/llvm/bin/clang.exe - broken
CMake Error at C:/Program Files/Huawei/DevEco Studio/sdk/default/openharmony/native/build-tools/cmake/share/cmake-3.28/Modules/CMakeTestCCompiler.cmake:67 (message):
  The C compiler

    "C:/Program Files/Huawei/DevEco Studio/sdk/default/openharmony/native/llvm/bin/clang.exe"

  is not able to compile a simple test program.

  It fails with the following output:

    Change Dir: 'D:/STUDY/College/mine/olay/entry/.cxx/default/default/debug/x86_64/CMakeFiles/CMakeScratch/TryCompile-jrkwoo'
    
    Run Build Command(s): "C:/Program Files/Huawei/DevEco Studio/sdk/default/openharmony/native/build-tools/cmake/bin/ninja.exe" -v cmTC_a55c2
    [1/2] C:\PROGRA~1\Huawei\DEVECO~1\sdk\default\OPENHA~1\native\llvm\bin\clang.exe --target=x86_64-linux-ohos --gcc-toolchain="C:/Program Files/Huawei/DevEco Studio/sdk/default/openharmony/native/llvm" --sysroot="C:/Program Files/Huawei/DevEco Studio/sdk/default/openharmony/native/sysroot"  -I"C:/Program Files/Huawei/DevEco Studio/sdk/default/hms/native/sysroot/usr/include" -fdata-sections -ffunction-sections -funwind-tables -fstack-protector-strong -no-canonical-prefixes -fno-addrsig -Wa,--noexecstack -Wformat -Werror=format-security  -D__MUSL__  -fPIE -MD -MT CMakeFiles/cmTC_a55c2.dir/testCCompiler.c.o -MF CMakeFiles\cmTC_a55c2.dir\testCCompiler.c.o.d -o CMakeFiles/cmTC_a55c2.dir/testCCompiler.c.o -c D:/STUDY/College/mine/olay/entry/.cxx/default/default/debug/x86_64/CMakeFiles/CMakeScratch/TryCompile-jrkwoo/testCCompiler.c
    clang: warning: argument unused during compilation: '--gcc-toolchain=C:/Program Files/Huawei/DevEco Studio/sdk/default/openharmony/native/llvm' [-Wunused-command-line-argument]
    [2/2] C:\Windows\system32\cmd.exe /C "cd . && C:\PROGRA~1\Huawei\DEVECO~1\sdk\default\OPENHA~1\native\llvm\bin\clang.exe --target=x86_64-linux-ohos --gcc-toolchain="C:/Program Files/Huawei/DevEco Studio/sdk/default/openharmony/native/llvm" --sysroot="C:/Program Files/Huawei/DevEco Studio/sdk/default/openharmony/native/sysroot" -fdata-sections -ffunction-sections -funwind-tables -fstack-protector-strong -no-canonical-prefixes -fno-addrsig -Wa,--noexecstack -Wformat -Werror=format-security  -D__MUSL__ --rtlib=compiler-rt -fuse-ld=lld -Wl,--build-id=sha1 -Wl,--warn-shared-textrel -Wl,--fatal-warnings -lunwind -Wl,--no-undefined -Qunused-arguments -Wl,-z,noexecstack -Wl,--gc-sections CMakeFiles/cmTC_a55c2.dir/testCCompiler.c.o -o cmTC_a55c2  -lm && cd ."
    FAILED: [code=1] cmTC_a55c2 
    C:\Windows\system32\cmd.exe /C "cd . && C:\PROGRA~1\Huawei\DEVECO~1\sdk\default\OPENHA~1\native\llvm\bin\clang.exe --target=x86_64-linux-ohos --gcc-toolchain="C:/Program Files/Huawei/DevEco Studio/sdk/default/openharmony/native/llvm" --sysroot="C:/Program Files/Huawei/DevEco Studio/sdk/default/openharmony/native/sysroot" -fdata-sections -ffunction-sections -funwind-tables -fstack-protector-strong -no-canonical-prefixes -fno-addrsig -Wa,--noexecstack -Wformat -Werror=format-security  -D__MUSL__ --rtlib=compiler-rt -fuse-ld=lld -Wl,--build-id=sha1 -Wl,--warn-shared-textrel -Wl,--fatal-warnings -lunwind -Wl,--no-undefined -Qunused-arguments -Wl,-z,noexecstack -Wl,--gc-sections CMakeFiles/cmTC_a55c2.dir/testCCompiler.c.o -o cmTC_a55c2  -lm && cd ."
    clang: error: no such file or directory: 'CMakeFiles/cmTC_a55c2.dir/testCCompiler.c.o'
    ninja: build stopped: subcommand failed.
    
    

  

  CMake will not be able to correctly generate this project.
Call Stack (most recent call first):
  CMakeLists.txt:2 (project)


-- Configuring incomplete, errors occurred!
undefined

* Try the following:
  > Check the error details to identify which module failed.
  > Verify CMake/Ninja configuration is correct.


* Try:
> Run with --stacktrace option to get the stack trace.
> Run with --debug option to get more log output.

