> hvigor [32mUP-TO-DATE :entry:ohosTest@PreBuild...  [39m
> hvigor [32mFinished :entry:ohosTest@CreateModuleInfo... after 2 ms [39m
> hvigor [32mUP-TO-DATE :entry:ohosTest@GenerateMetadata...  [39m
> hvigor [32mFinished :entry:ohosTest@ConfigureCmake... after 1 ms [39m
> hvigor [32mUP-TO-DATE :entry:ohosTest@MergeProfile...  [39m
> hvigor [32mUP-TO-DATE :entry:ohosTest@CreateBuildProfile...  [39m
> hvigor [32mFinished :entry:ohosTest@PreCheckSyscap... after 1 ms [39m
> hvigor [32mUP-TO-DATE :entry:ohosTest@GenerateOhosTestTemplate...  [39m
> hvigor [32mUP-TO-DATE :entry:ohosTest@GeneratePkgContextInfo...  [39m
> hvigor [32mFinished :entry:ohosTest@GeneratePkgSdkInfo... after 6 ms [39m
> hvigor [32mFinished :entry:ohosTest@ProcessIntegratedHsp... after 2 ms [39m
> hvigor [32mFinished :entry:ohosTest@BuildNativeWithCmake... after 1 ms [39m
> hvigor [32mUP-TO-DATE :entry:ohosTest@MakePackInfo...  [39m
> hvigor [32mFinished :entry:ohosTest@SyscapTransform... after 7 ms [39m
> hvigor [32mUP-TO-DATE :entry:ohosTest@ProcessProfile...  [39m
> hvigor [32mUP-TO-DATE :entry:ohosTest@ProcessRouterMap...  [39m
> hvigor [32mUP-TO-DATE :entry:ohosTest@ProcessShareConfig...  [39m
> hvigor [32mFinished :entry:ohosTest@ProcessStartupConfig... after 3 ms [39m
> hvigor [32mFinished :entry:ohosTest@BuildNativeWithNinja... after 1 ms [39m
> hvigor [32mUP-TO-DATE :entry:ohosTest@ProcessResource...  [39m
> hvigor [32mUP-TO-DATE :entry:ohosTest@GenerateLoaderJson...  [39m
> hvigor [32mUP-TO-DATE :entry:ohosTest@ProcessLibs...  [39m
> hvigor WARN: Warning: 'start_window_background' conflict, first declared.
at D:\STUDY\College\mine\olay\entry\src\main\resources\base\element\color.json
but declared again.
at D:\STUDY\College\mine\olay\entry\.test\default\intermediates\src\ohosTest\resources\base\element\color.json

> hvigor [32mFinished :entry:ohosTest@CompileResource... after 290 ms [39m
> hvigor [32mUP-TO-DATE :entry:ohosTest@DoNativeStrip...  [39m
> hvigor [32mFinished :entry:ohosTest@OhosTestBuildJS... after 6 ms [39m
> hvigor [32mUP-TO-DATE :entry:ohosTest@CacheNativeLibs...  [39m
> hvigor WARN: WARN: ArkTS:WARN File: D:/STUDY/College/mine/olay/entry/src/main/ets/services/AssetStore.ets:23:75
 Function may throw exceptions. Special handling is required.

WARN: ArkTS:WARN File: D:/STUDY/College/mine/olay/entry/src/main/ets/services/AssetStore.ets:27:16
 Function may throw exceptions. Special handling is required.

WARN: ArkTS:WARN File: D:/STUDY/College/mine/olay/entry/src/main/ets/services/AssetStore.ets:28:25
 Function may throw exceptions. Special handling is required.

WARN: ArkTS:WARN File: D:/STUDY/College/mine/olay/entry/src/main/ets/services/AssetStore.ets:30:84
 Function may throw exceptions. Special handling is required.

WARN: ArkTS:WARN File: D:/STUDY/College/mine/olay/entry/src/main/ets/services/AssetStore.ets:32:17
 Function may throw exceptions. Special handling is required.

WARN: ArkTS:WARN File: D:/STUDY/College/mine/olay/entry/src/main/ets/services/AssetStore.ets:36:39
 Function may throw exceptions. Special handling is required.

WARN: ArkTS:WARN File: D:/STUDY/College/mine/olay/entry/src/main/ets/services/AssetStore.ets:38:21
 Function may throw exceptions. Special handling is required.

WARN: ArkTS:WARN File: D:/STUDY/College/mine/olay/entry/src/main/ets/services/AssetStore.ets:38:40
 Function may throw exceptions. Special handling is required.

WARN: ArkTS:WARN File: D:/STUDY/College/mine/olay/entry/src/main/ets/services/AssetStore.ets:38:60
 Function may throw exceptions. Special handling is required.

WARN: ArkTS:WARN File: D:/STUDY/College/mine/olay/entry/src/main/ets/services/AssetStore.ets:39:8
 Function may throw exceptions. Special handling is required.

WARN: ArkTS:WARN File: D:/STUDY/College/mine/olay/entry/src/main/ets/services/AssetStore.ets:39:24
 Function may throw exceptions. Special handling is required.

WARN: ArkTS:WARN File: D:/STUDY/College/mine/olay/entry/src/main/ets/services/AssetStore.ets:47:84
 Function may throw exceptions. Special handling is required.

WARN: ArkTS:WARN File: D:/STUDY/College/mine/olay/entry/src/main/ets/services/AssetStore.ets:49:21
 Function may throw exceptions. Special handling is required.

WARN: ArkTS:WARN File: D:/STUDY/College/mine/olay/entry/src/main/ets/services/AssetStore.ets:50:12
 Function may throw exceptions. Special handling is required.

WARN: ArkTS:WARN File: D:/STUDY/College/mine/olay/entry/src/main/ets/services/AssetStore.ets:50:53
 Function may throw exceptions. Special handling is required.

WARN: ArkTS:WARN File: D:/STUDY/College/mine/olay/entry/src/main/ets/services/AssetStore.ets:56:25
 Function may throw exceptions. Special handling is required.

WARN: ArkTS:WARN File: D:/STUDY/College/mine/olay/entry/src/main/ets/services/AssetStore.ets:56:45
 Function may throw exceptions. Special handling is required.

WARN: ArkTS:WARN File: D:/STUDY/College/mine/olay/entry/src/main/ets/services/AssetStore.ets:58:117
 Function may throw exceptions. Special handling is required.

WARN: ArkTS:WARN File: D:/STUDY/College/mine/olay/entry/src/main/ets/services/AssetStore.ets:58:137
 Function may throw exceptions. Special handling is required.

WARN: ArkTS:WARN File: D:/STUDY/College/mine/olay/entry/src/main/ets/services/WorkspaceStore.ets:18:24
 Function may throw exceptions. Special handling is required.

WARN: ArkTS:WARN File: D:/STUDY/College/mine/olay/entry/src/main/ets/services/WorkspaceStore.ets:25:8
 Function may throw exceptions. Special handling is required.

WARN: ArkTS:WARN File: D:/STUDY/College/mine/olay/entry/src/main/ets/services/WorkspaceStore.ets:34:50
 Function may throw exceptions. Special handling is required.

WARN: ArkTS:WARN File: D:/STUDY/College/mine/olay/entry/src/main/ets/services/WorkspaceStore.ets:38:14
 Function may throw exceptions. Special handling is required.

WARN: ArkTS:WARN File: D:/STUDY/College/mine/olay/entry/src/main/ets/services/WorkspaceStore.ets:38:49
 Function may throw exceptions. Special handling is required.

WARN: ArkTS:WARN File: D:/STUDY/College/mine/olay/entry/src/main/ets/services/WorkspaceStore.ets:40:70
 Function may throw exceptions. Special handling is required.

WARN: ArkTS:WARN File: D:/STUDY/College/mine/olay/entry/src/main/ets/services/WorkspaceStore.ets:46:41
 Function may throw exceptions. Special handling is required.

WARN: ArkTS:WARN File: D:/STUDY/College/mine/olay/entry/src/main/ets/services/WorkspaceStore.ets:48:26
 Function may throw exceptions. Special handling is required.

WARN: ArkTS:WARN File: D:/STUDY/College/mine/olay/entry/src/main/ets/services/WorkspaceStore.ets:48:137
 Function may throw exceptions. Special handling is required.

WARN: ArkTS:WARN File: D:/STUDY/College/mine/olay/entry/src/main/ets/services/WorkspaceStore.ets:49:8
 Function may throw exceptions. Special handling is required.

WARN: ArkTS:WARN File: D:/STUDY/College/mine/olay/entry/src/main/ets/services/WorkspaceStore.ets:64:64
 Function may throw exceptions. Special handling is required.

WARN: ArkTS:WARN File: D:/STUDY/College/mine/olay/entry/src/main/ets/services/WorkspaceStore.ets:65:27
 Function may throw exceptions. Special handling is required.

WARN: ArkTS:WARN File: D:/STUDY/College/mine/olay/entry/src/main/ets/services/WorkspaceStore.ets:66:51
 Function may throw exceptions. Special handling is required.

WARN: ArkTS:WARN File: D:/STUDY/College/mine/olay/entry/src/main/ets/services/WorkspaceStore.ets:71:135
 Function may throw exceptions. Special handling is required.

WARN: ArkTS:WARN File: D:/STUDY/College/mine/olay/entry/src/main/ets/services/WorkspaceStore.ets:71:155
 Function may throw exceptions. Special handling is required.

WARN: ArkTS:WARN File: D:/STUDY/College/mine/olay/entry/src/main/ets/services/WorkspaceStore.ets:75:29
 Function may throw exceptions. Special handling is required.

WARN: ArkTS:WARN File: D:/STUDY/College/mine/olay/entry/src/main/ets/services/WorkspaceStore.ets:78:67
 Function may throw exceptions. Special handling is required.

WARN: ArkTS:WARN File: D:/STUDY/College/mine/olay/entry/src/main/ets/services/WorkspaceStore.ets:78:91
 Function may throw exceptions. Special handling is required.

WARN: ArkTS:WARN File: D:/STUDY/College/mine/olay/entry/src/main/ets/services/WorkspaceStore.ets:82:84
 Function may throw exceptions. Special handling is required.

WARN: ArkTS:WARN File: D:/STUDY/College/mine/olay/entry/src/main/ets/services/WorkspaceStore.ets:82:101
 Function may throw exceptions. Special handling is required.

WARN: ArkTS:WARN File: D:/STUDY/College/mine/olay/entry/src/main/ets/services/WorkspaceStore.ets:83:80
 Function may throw exceptions. Special handling is required.

WARN: ArkTS:WARN File: D:/STUDY/College/mine/olay/entry/src/main/ets/services/WorkspaceStore.ets:83:97
 Function may throw exceptions. Special handling is required.


> hvigor [32mFinished :entry:ohosTest@OhosTestCompileArkTS... after 5 s 119 ms [39m
> hvigor [32mFinished :entry:ohosTest@OhosTestCopyMockConfigJson... after 1 ms [39m
> hvigor [32mFinished :entry:ohosTest@GeneratePkgModuleJson... after 4 ms [39m
> hvigor [32mFinished :entry:ohosTest@ProcessCompiledResources... after 1 ms [39m
> hvigor [32mFinished :entry:ohosTest@PackageHap... after 472 ms [39m
> hvigor [32mFinished :entry:ohosTest@PackingCheck... after 6 ms [39m
> hvigor WARN: No signingConfig found for product default
> hvigor [32mFinished :entry:ohosTest@SignHap... after 3 ms [39m
> hvigor [32mFinished :entry:ohosTest@CollectDebugSymbol... after 2 ms [39m
> hvigor [32mFinished :entry:assembleHap... after 1 ms [39m
> hvigor [32mBUILD SUCCESSFUL in 14 s 814 ms [39m

35 tasks in total: 20 executed, 15 up-to-date
[Info]App install path:D:\STUDY\College\mine\olay\entry/build/default/outputs/ohosTest/entry-ohosTest-unsigned.hap msg:install bundle successfully. 
AppMod finish
start ability successfully.

OHOS_REPORT_SUM: 0
OHOS_REPORT_STATUS: class=SELFNativeStress


OHOS_REPORT_STATUS: class=SELFNativeStress
OHOS_REPORT_STATUS: suiteconsuming=0


OHOS_REPORT_SUM: 10
OHOS_REPORT_STATUS: class=SELFNativePolicy


OHOS_REPORT_STATUS: class=SELFNativePolicy
OHOS_REPORT_STATUS: current=1
OHOS_REPORT_STATUS: id=JS
OHOS_REPORT_STATUS: numtests=12
OHOS_REPORT_STATUS: stream=
OHOS_REPORT_STATUS: test=oneOperationExceptionDoesNotUnlockPolicy
OHOS_REPORT_STATUS_CODE: 1


OHOS_REPORT_STATUS: class=SELFNativePolicy
OHOS_REPORT_STATUS: current=1
OHOS_REPORT_STATUS: id=JS
OHOS_REPORT_STATUS: numtests=12
OHOS_REPORT_STATUS: stream=
OHOS_REPORT_STATUS: test=oneOperationExceptionDoesNotUnlockPolicy
OHOS_REPORT_STATUS_CODE: 0
OHOS_REPORT_STATUS: consuming=3


OHOS_REPORT_STATUS: class=SELFNativePolicy
OHOS_REPORT_STATUS: current=2
OHOS_REPORT_STATUS: id=JS
OHOS_REPORT_STATUS: numtests=12
OHOS_REPORT_STATUS: stream=
OHOS_REPORT_STATUS: test=rotationDoesNotExpireCandidateButBusinessChangeDoes
OHOS_REPORT_STATUS_CODE: 1


OHOS_REPORT_STATUS: class=SELFNativePolicy
OHOS_REPORT_STATUS: current=2
OHOS_REPORT_STATUS: id=JS
OHOS_REPORT_STATUS: numtests=12
OHOS_REPORT_STATUS: stream=
OHOS_REPORT_STATUS: test=rotationDoesNotExpireCandidateButBusinessChangeDoes
OHOS_REPORT_STATUS_CODE: 0
OHOS_REPORT_STATUS: consuming=0


OHOS_REPORT_STATUS: class=SELFNativePolicy
OHOS_REPORT_STATUS: current=3
OHOS_REPORT_STATUS: id=JS
OHOS_REPORT_STATUS: numtests=12
OHOS_REPORT_STATUS: stream=
OHOS_REPORT_STATUS: test=targetedLayerRemovalWaitsForRenderSuccess
OHOS_REPORT_STATUS_CODE: 1


OHOS_REPORT_STATUS: class=SELFNativePolicy
OHOS_REPORT_STATUS: current=3
OHOS_REPORT_STATUS: id=JS
OHOS_REPORT_STATUS: numtests=12
OHOS_REPORT_STATUS: stream=
OHOS_REPORT_STATUS: test=targetedLayerRemovalWaitsForRenderSuccess
OHOS_REPORT_STATUS_CODE: 0
OHOS_REPORT_STATUS: consuming=1


OHOS_REPORT_STATUS: class=SELFNativePolicy
OHOS_REPORT_STATUS: current=4
OHOS_REPORT_STATUS: id=JS
OHOS_REPORT_STATUS: numtests=12
OHOS_REPORT_STATUS: stream=
OHOS_REPORT_STATUS: test=deletingSavedRecordKeepsCurrentWorkingAssetsReadable
OHOS_REPORT_STATUS_CODE: 1


OHOS_REPORT_STATUS: class=SELFNativePolicy
OHOS_REPORT_STATUS: current=4
OHOS_REPORT_STATUS: id=JS
OHOS_REPORT_STATUS: numtests=12
OHOS_REPORT_STATUS: stream=
OHOS_REPORT_STATUS: test=deletingSavedRecordKeepsCurrentWorkingAssetsReadable
OHOS_REPORT_STATUS_CODE: 0
OHOS_REPORT_STATUS: consuming=44


OHOS_REPORT_STATUS: class=SELFNativePolicy
OHOS_REPORT_STATUS: current=5
OHOS_REPORT_STATUS: id=JS
OHOS_REPORT_STATUS: numtests=12
OHOS_REPORT_STATUS: stream=
OHOS_REPORT_STATUS: test=candidateRequiresConsentAndSuccess
OHOS_REPORT_STATUS_CODE: 1


OHOS_REPORT_STATUS: class=SELFNativePolicy
OHOS_REPORT_STATUS: current=5
OHOS_REPORT_STATUS: id=JS
OHOS_REPORT_STATUS: numtests=12
OHOS_REPORT_STATUS: stream=
OHOS_REPORT_STATUS: test=candidateRequiresConsentAndSuccess
OHOS_REPORT_STATUS_CODE: 0
OHOS_REPORT_STATUS: consuming=1


OHOS_REPORT_STATUS: class=SELFNativePolicy
OHOS_REPORT_STATUS: current=6
OHOS_REPORT_STATUS: id=JS
OHOS_REPORT_STATUS: numtests=12
OHOS_REPORT_STATUS: stream=
OHOS_REPORT_STATUS: test=renderFailureCreatesNoBill
OHOS_REPORT_STATUS_CODE: 1


OHOS_REPORT_STATUS: class=SELFNativePolicy
OHOS_REPORT_STATUS: current=6
OHOS_REPORT_STATUS: id=JS
OHOS_REPORT_STATUS: numtests=12
OHOS_REPORT_STATUS: stream=
OHOS_REPORT_STATUS: test=renderFailureCreatesNoBill
OHOS_REPORT_STATUS_CODE: 0
OHOS_REPORT_STATUS: consuming=0


OHOS_REPORT_STATUS: class=SELFNativePolicy
OHOS_REPORT_STATUS: current=7
OHOS_REPORT_STATUS: id=JS
OHOS_REPORT_STATUS: numtests=12
OHOS_REPORT_STATUS: stream=
OHOS_REPORT_STATUS: test=undoRedoAreAcknowledgedAndProtectionPersists
OHOS_REPORT_STATUS_CODE: 1


OHOS_REPORT_STATUS: class=SELFNativePolicy
OHOS_REPORT_STATUS: current=7
OHOS_REPORT_STATUS: id=JS
OHOS_REPORT_STATUS: numtests=12
OHOS_REPORT_STATUS: stream=
OHOS_REPORT_STATUS: test=undoRedoAreAcknowledgedAndProtectionPersists
OHOS_REPORT_STATUS_CODE: 0
OHOS_REPORT_STATUS: consuming=0


OHOS_REPORT_STATUS: class=SELFNativePolicy
OHOS_REPORT_STATUS: current=8
OHOS_REPORT_STATUS: id=JS
OHOS_REPORT_STATUS: numtests=12
OHOS_REPORT_STATUS: stream=
OHOS_REPORT_STATUS: test=unknownAndUncalibratedOperationsRejected
OHOS_REPORT_STATUS_CODE: 1


OHOS_REPORT_STATUS: class=SELFNativePolicy
OHOS_REPORT_STATUS: current=8
OHOS_REPORT_STATUS: id=JS
OHOS_REPORT_STATUS: numtests=12
OHOS_REPORT_STATUS: stream=
OHOS_REPORT_STATUS: test=unknownAndUncalibratedOperationsRejected
OHOS_REPORT_STATUS_CODE: 0
OHOS_REPORT_STATUS: consuming=1


OHOS_REPORT_STATUS: class=SELFNativePolicy
OHOS_REPORT_STATUS: current=9
OHOS_REPORT_STATUS: id=JS
OHOS_REPORT_STATUS: numtests=12
OHOS_REPORT_STATUS: stream=
OHOS_REPORT_STATUS: test=savedAnchorIsIndependentAndCanRestore
OHOS_REPORT_STATUS_CODE: 1


OHOS_REPORT_STATUS: class=SELFNativePolicy
OHOS_REPORT_STATUS: current=9
OHOS_REPORT_STATUS: id=JS
OHOS_REPORT_STATUS: numtests=12
OHOS_REPORT_STATUS: stream=
OHOS_REPORT_STATUS: test=savedAnchorIsIndependentAndCanRestore
OHOS_REPORT_STATUS_CODE: 0
OHOS_REPORT_STATUS: consuming=1


OHOS_REPORT_STATUS: class=SELFNativePolicy
OHOS_REPORT_STATUS: current=10
OHOS_REPORT_STATUS: id=JS
OHOS_REPORT_STATUS: numtests=12
OHOS_REPORT_STATUS: stream=
OHOS_REPORT_STATUS: test=distressDoesNotRecommendProductsOrEdit
OHOS_REPORT_STATUS_CODE: 1


OHOS_REPORT_STATUS: class=SELFNativePolicy
OHOS_REPORT_STATUS: current=10
OHOS_REPORT_STATUS: id=JS
OHOS_REPORT_STATUS: numtests=12
OHOS_REPORT_STATUS: stream=
OHOS_REPORT_STATUS: test=distressDoesNotRecommendProductsOrEdit
OHOS_REPORT_STATUS_CODE: 0
OHOS_REPORT_STATUS: consuming=1


OHOS_REPORT_STATUS: class=SELFNativePolicy
OHOS_REPORT_STATUS: suiteconsuming=52


OHOS_REPORT_SUM: 2
OHOS_REPORT_STATUS: class=SELFNativeApi26UI


OHOS_REPORT_STATUS: class=SELFNativeApi26UI
OHOS_REPORT_STATUS: current=11
OHOS_REPORT_STATUS: id=JS
OHOS_REPORT_STATUS: numtests=12
OHOS_REPORT_STATUS: stream=
OHOS_REPORT_STATUS: test=saveReopenExportAndDeleteOnlyNewTestWork
OHOS_REPORT_STATUS_CODE: 1


OHOS_REPORT_STATUS: class=SELFNativeApi26UI
OHOS_REPORT_STATUS: current=11
OHOS_REPORT_STATUS: id=JS
OHOS_REPORT_STATUS: numtests=12
OHOS_REPORT_STATUS: stream=
OHOS_REPORT_STATUS: test=saveReopenExportAndDeleteOnlyNewTestWork
OHOS_REPORT_STATUS_CODE: 0
OHOS_REPORT_STATUS: consuming=12993


OHOS_REPORT_STATUS: class=SELFNativeApi26UI
OHOS_REPORT_STATUS: current=12
OHOS_REPORT_STATUS: id=JS
OHOS_REPORT_STATUS: numtests=12
OHOS_REPORT_STATUS: stream=
OHOS_REPORT_STATUS: test=realTouchLassoAndLocalConsent
OHOS_REPORT_STATUS_CODE: 1


OHOS_REPORT_STATUS: class=SELFNativeApi26UI
OHOS_REPORT_STATUS: current=12
OHOS_REPORT_STATUS: id=JS
OHOS_REPORT_STATUS: numtests=12
OHOS_REPORT_STATUS: stream=
OHOS_REPORT_STATUS: test=realTouchLassoAndLocalConsent
OHOS_REPORT_STATUS_CODE: 0
OHOS_REPORT_STATUS: consuming=10478


OHOS_REPORT_STATUS: class=SELFNativeApi26UI
OHOS_REPORT_STATUS: suiteconsuming=23471


OHOS_REPORT_RESULT: stream=Tests run: 12, Failure: 0, Error: 0, Pass: 12, Ignore: 0
OHOS_REPORT_CODE: 0
OHOS_REPORT_STATUS: taskconsuming=23523

TestFinished-ResultCode: 0
TestFinished-ResultMsg: your test finished!!!
user test finished.
