force stop process successfully.
start ability successfully.
[Info]App install path:D:\STUDY\College\mine\olay\entry/build/default/outputs/ohosTest/entry-ohosTest-unsigned.hap msg:install bundle successfully. 
AppMod finish
force stop process successfully.
start ability successfully.

OHOS_REPORT_SUM: 1
OHOS_REPORT_STATUS: class=SELFNativeProductUI


OHOS_REPORT_STATUS: class=SELFNativeProductUI
OHOS_REPORT_STATUS: current=1
OHOS_REPORT_STATUS: id=JS
OHOS_REPORT_STATUS: numtests=1
OHOS_REPORT_STATUS: stream=
OHOS_REPORT_STATUS: test=productLidRotationFactsAndClosingPreserveFaceSurface
OHOS_REPORT_STATUS_CODE: 1


OHOS_REPORT_STATUS: class=SELFNativeProductUI
OHOS_REPORT_STATUS: current=1
OHOS_REPORT_STATUS: id=JS
OHOS_REPORT_STATUS: numtests=1
OHOS_REPORT_STATUS: stream=
OHOS_REPORT_STATUS: test=productLidRotationFactsAndClosingPreserveFaceSurface
OHOS_REPORT_STATUS_CODE: 0
OHOS_REPORT_STATUS: consuming=28996


OHOS_REPORT_STATUS: class=SELFNativeProductUI
OHOS_REPORT_STATUS: suiteconsuming=28996


OHOS_REPORT_RESULT: stream=Tests run: 1, Failure: 0, Error: 0, Pass: 1, Ignore: 0
OHOS_REPORT_CODE: 0
OHOS_REPORT_STATUS: taskconsuming=28996

TestFinished-ResultCode: 0
TestFinished-ResultMsg: your test finished!!!
user test finished.
D:\STUDY\College\mine\olay\scripts\check-product-ui.py:15: DeprecationWarning: Image.Image.getdata is deprecated and will be removed in Pillow 14 (2027-10-15). Use get_flattened_data instead.
  pixels=list(crop.getdata());median=statistics.median(sum(p)/3 for p in pixels)
{
  "source": "HarmonyOS UiTest screenCapture + component bounds",
  "bounds": {
    "left": 98,
    "right": 783,
    "top": 622,
    "bottom": 1357
  },
  "whiteBottleBodyMedian": 200.66666666666666,
  "expectedRange": [
    125,
    235
  ],
  "pass": true
}
