force stop process successfully.
start ability successfully.
[Info]App install path:D:\STUDY\College\mine\olay\entry/build/default/outputs/ohosTest/entry-ohosTest-unsigned.hap msg:install bundle successfully. 
AppMod finish
force stop process successfully.
start ability successfully.

OHOS_REPORT_SUM: 2
OHOS_REPORT_STATUS: class=SELFNativeApi26UI


OHOS_REPORT_STATUS: class=SELFNativeApi26UI
OHOS_REPORT_STATUS: current=1
OHOS_REPORT_STATUS: id=JS
OHOS_REPORT_STATUS: numtests=2
OHOS_REPORT_STATUS: stream=
OHOS_REPORT_STATUS: test=saveReopenExportAndDeleteOnlyNewTestWork
OHOS_REPORT_STATUS_CODE: 1


OHOS_REPORT_STATUS: class=SELFNativeApi26UI
OHOS_REPORT_STATUS: current=1
OHOS_REPORT_STATUS: id=JS
OHOS_REPORT_STATUS: numtests=2
OHOS_REPORT_STATUS: stream=
OHOS_REPORT_STATUS: test=saveReopenExportAndDeleteOnlyNewTestWork
OHOS_REPORT_STATUS_CODE: 0
OHOS_REPORT_STATUS: consuming=10232


OHOS_REPORT_STATUS: class=SELFNativeApi26UI
OHOS_REPORT_STATUS: current=2
OHOS_REPORT_STATUS: id=JS
OHOS_REPORT_STATUS: numtests=2
OHOS_REPORT_STATUS: stream=
OHOS_REPORT_STATUS: test=realTouchLassoThenModelConsentDeclineKeepsOriginal
OHOS_REPORT_STATUS_CODE: 1


OHOS_REPORT_STATUS: class=SELFNativeApi26UI
OHOS_REPORT_STATUS: current=2
OHOS_REPORT_STATUS: id=JS
OHOS_REPORT_STATUS: numtests=2
OHOS_REPORT_STATUS: stream=
OHOS_REPORT_STATUS: test=realTouchLassoThenModelConsentDeclineKeepsOriginal
OHOS_REPORT_STATUS_CODE: 0
OHOS_REPORT_STATUS: consuming=9072


OHOS_REPORT_STATUS: class=SELFNativeApi26UI
OHOS_REPORT_STATUS: suiteconsuming=19304


OHOS_REPORT_RESULT: stream=Tests run: 2, Failure: 0, Error: 0, Pass: 2, Ignore: 0
OHOS_REPORT_CODE: 0
OHOS_REPORT_STATUS: taskconsuming=19304

TestFinished-ResultCode: 0
TestFinished-ResultMsg: your test finished!!!
user test finished.
