> hvigor WARN: The version number of the 'entry' module does not comply with the SemVer specification.
               This will affect the installation and publication by ohpm.
               Make sure the value of version in the oh-package.json5 file of the module complies with the SemVer specification.
> hvigor [32mFinished :entry:default@PreBuild... after 106 ms [39m
> hvigor [32mFinished :entry:default@CreateModuleInfo... after 1 ms [39m
> hvigor [32mFinished :entry:default@GenerateMetadata... after 2 ms [39m
> hvigor [32mFinished :entry:default@ConfigureCmake... after 1 ms [39m
> hvigor [32mFinished :entry:default@MergeProfile... after 6 ms [39m
> hvigor [32mUP-TO-DATE :entry:default@CreateBuildProfile...  [39m
> hvigor [32mFinished :entry:default@PreCheckSyscap... after 1 ms [39m
> hvigor [32mUP-TO-DATE :entry:default@GeneratePkgContextInfo...  [39m
> hvigor [32mFinished :entry:default@GeneratePkgSdkInfo... after 2 ms [39m
> hvigor [32mFinished :entry:default@ProcessIntegratedHsp... after 1 ms [39m
> hvigor [32mFinished :entry:default@BuildNativeWithCmake... after 1 ms [39m
> hvigor [32mFinished :entry:default@MakePackInfo... after 3 ms [39m
> hvigor [32mFinished :entry:default@SyscapTransform... after 10 ms [39m
> hvigor [32mFinished :entry:default@ProcessProfile... after 107 ms [39m
> hvigor [32mFinished :entry:default@ProcessRouterMap... after 3 ms [39m
> hvigor [32mFinished :entry:default@ProcessShareConfig... after 3 ms [39m
> hvigor [32mFinished :entry:default@ProcessStartupConfig... after 2 ms [39m
> hvigor [32mFinished :entry:default@BuildNativeWithNinja... after 1 ms [39m
> hvigor [32mUP-TO-DATE :entry:default@ProcessResource...  [39m
> hvigor [32mFinished :entry:default@GenerateLoaderJson... after 16 ms [39m
> hvigor [32mUP-TO-DATE :entry:default@ProcessLibs...  [39m
> hvigor [32mFinished :entry:default@CompileResource... after 262 ms [39m
> hvigor [32mUP-TO-DATE :entry:default@DoNativeStrip...  [39m
> hvigor [32mFinished :entry:default@BuildJS... after 6 ms [39m
> hvigor [32mUP-TO-DATE :entry:default@CacheNativeLibs...  [39m
> hvigor ERROR: Failed :entry:default@CompileArkTS... 
> hvigor WARN: 
1 WARN: ArkTS:WARN File: D:/STUDY/College/mine/olay/entry/src/main/ets/entryability/EntryAbility.ets:7:11
 Function may throw exceptions. Special handling is required.

2 WARN: ArkTS:WARN File: D:/STUDY/College/mine/olay/entry/src/main/ets/bridge/RendererBridge.ets:51:29
 Function may throw exceptions. Special handling is required.

3 WARN: ArkTS:WARN File: D:/STUDY/College/mine/olay/entry/src/main/ets/bridge/RendererBridge.ets:52:19
 Function may throw exceptions. Special handling is required.

4 WARN: ArkTS:WARN File: D:/STUDY/College/mine/olay/entry/src/main/ets/bridge/RendererBridge.ets:87:16
 Function may throw exceptions. Special handling is required.

5 WARN: ArkTS:WARN File: D:/STUDY/College/mine/olay/entry/src/main/ets/bridge/RendererBridge.ets:93:54
 Function may throw exceptions. Special handling is required.

6 WARN: ArkTS:WARN File: D:/STUDY/College/mine/olay/entry/src/main/ets/bridge/RendererBridge.ets:93:100
 Function may throw exceptions. Special handling is required.

7 WARN: ArkTS:WARN File: D:/STUDY/College/mine/olay/entry/src/main/ets/bridge/RendererBridge.ets:94:19
 Function may throw exceptions. Special handling is required.

8 WARN: ArkTS:WARN File: D:/STUDY/College/mine/olay/entry/src/main/ets/bridge/RendererBridge.ets:102:56
 Function may throw exceptions. Special handling is required.

9 WARN: ArkTS:WARN File: D:/STUDY/College/mine/olay/entry/src/main/ets/bridge/RendererBridge.ets:103:13
 Function may throw exceptions. Special handling is required.

10 WARN: ArkTS:WARN File: D:/STUDY/College/mine/olay/entry/src/main/ets/bridge/RendererBridge.ets:104:21
 Function may throw exceptions. Special handling is required.

11 WARN: ArkTS:WARN File: D:/STUDY/College/mine/olay/entry/src/main/ets/services/AssetStore.ets:23:75
 Function may throw exceptions. Special handling is required.

12 WARN: ArkTS:WARN File: D:/STUDY/College/mine/olay/entry/src/main/ets/services/AssetStore.ets:27:16
 Function may throw exceptions. Special handling is required.

13 WARN: ArkTS:WARN File: D:/STUDY/College/mine/olay/entry/src/main/ets/services/AssetStore.ets:28:25
 Function may throw exceptions. Special handling is required.

14 WARN: ArkTS:WARN File: D:/STUDY/College/mine/olay/entry/src/main/ets/services/AssetStore.ets:30:84
 Function may throw exceptions. Special handling is required.

15 WARN: ArkTS:WARN File: D:/STUDY/College/mine/olay/entry/src/main/ets/services/AssetStore.ets:32:17
 Function may throw exceptions. Special handling is required.

16 WARN: ArkTS:WARN File: D:/STUDY/College/mine/olay/entry/src/main/ets/services/AssetStore.ets:36:39
 Function may throw exceptions. Special handling is required.

17 WARN: ArkTS:WARN File: D:/STUDY/College/mine/olay/entry/src/main/ets/services/AssetStore.ets:38:21
 Function may throw exceptions. Special handling is required.

18 WARN: ArkTS:WARN File: D:/STUDY/College/mine/olay/entry/src/main/ets/services/AssetStore.ets:38:40
 Function may throw exceptions. Special handling is required.

19 WARN: ArkTS:WARN File: D:/STUDY/College/mine/olay/entry/src/main/ets/services/AssetStore.ets:38:60
 Function may throw exceptions. Special handling is required.

20 WARN: ArkTS:WARN File: D:/STUDY/College/mine/olay/entry/src/main/ets/services/AssetStore.ets:39:8
 Function may throw exceptions. Special handling is required.

21 WARN: ArkTS:WARN File: D:/STUDY/College/mine/olay/entry/src/main/ets/services/AssetStore.ets:39:24
 Function may throw exceptions. Special handling is required.

22 WARN: ArkTS:WARN File: D:/STUDY/College/mine/olay/entry/src/main/ets/services/AssetStore.ets:47:84
 Function may throw exceptions. Special handling is required.

23 WARN: ArkTS:WARN File: D:/STUDY/College/mine/olay/entry/src/main/ets/services/AssetStore.ets:49:21
 Function may throw exceptions. Special handling is required.

24 WARN: ArkTS:WARN File: D:/STUDY/College/mine/olay/entry/src/main/ets/services/AssetStore.ets:50:12
 Function may throw exceptions. Special handling is required.

25 WARN: ArkTS:WARN File: D:/STUDY/College/mine/olay/entry/src/main/ets/services/AssetStore.ets:50:53
 Function may throw exceptions. Special handling is required.

26 WARN: ArkTS:WARN File: D:/STUDY/College/mine/olay/entry/src/main/ets/services/AssetStore.ets:56:25
 Function may throw exceptions. Special handling is required.

27 WARN: ArkTS:WARN File: D:/STUDY/College/mine/olay/entry/src/main/ets/services/AssetStore.ets:56:45
 Function may throw exceptions. Special handling is required.

28 WARN: ArkTS:WARN File: D:/STUDY/College/mine/olay/entry/src/main/ets/services/AssetStore.ets:58:117
 Function may throw exceptions. Special handling is required.

29 WARN: ArkTS:WARN File: D:/STUDY/College/mine/olay/entry/src/main/ets/services/AssetStore.ets:58:137
 Function may throw exceptions. Special handling is required.

30 WARN: ArkTS:WARN File: D:/STUDY/College/mine/olay/entry/src/main/ets/services/WorkspaceStore.ets:18:24
 Function may throw exceptions. Special handling is required.

31 WARN: ArkTS:WARN File: D:/STUDY/College/mine/olay/entry/src/main/ets/services/WorkspaceStore.ets:25:8
 Function may throw exceptions. Special handling is required.

32 WARN: ArkTS:WARN File: D:/STUDY/College/mine/olay/entry/src/main/ets/services/WorkspaceStore.ets:34:50
 Function may throw exceptions. Special handling is required.

33 WARN: ArkTS:WARN File: D:/STUDY/College/mine/olay/entry/src/main/ets/services/WorkspaceStore.ets:38:14
 Function may throw exceptions. Special handling is required.

34 WARN: ArkTS:WARN File: D:/STUDY/College/mine/olay/entry/src/main/ets/services/WorkspaceStore.ets:38:49
 Function may throw exceptions. Special handling is required.

35 WARN: ArkTS:WARN File: D:/STUDY/College/mine/olay/entry/src/main/ets/services/WorkspaceStore.ets:40:70
 Function may throw exceptions. Special handling is required.

36 WARN: ArkTS:WARN File: D:/STUDY/College/mine/olay/entry/src/main/ets/services/WorkspaceStore.ets:46:41
 Function may throw exceptions. Special handling is required.

37 WARN: ArkTS:WARN File: D:/STUDY/College/mine/olay/entry/src/main/ets/services/WorkspaceStore.ets:48:26
 Function may throw exceptions. Special handling is required.

38 WARN: ArkTS:WARN File: D:/STUDY/College/mine/olay/entry/src/main/ets/services/WorkspaceStore.ets:48:137
 Function may throw exceptions. Special handling is required.

39 WARN: ArkTS:WARN File: D:/STUDY/College/mine/olay/entry/src/main/ets/services/WorkspaceStore.ets:49:8
 Function may throw exceptions. Special handling is required.

40 WARN: ArkTS:WARN File: D:/STUDY/College/mine/olay/entry/src/main/ets/services/WorkspaceStore.ets:64:64
 Function may throw exceptions. Special handling is required.

41 WARN: ArkTS:WARN File: D:/STUDY/College/mine/olay/entry/src/main/ets/services/WorkspaceStore.ets:65:27
 Function may throw exceptions. Special handling is required.

42 WARN: ArkTS:WARN File: D:/STUDY/College/mine/olay/entry/src/main/ets/services/WorkspaceStore.ets:66:51
 Function may throw exceptions. Special handling is required.

43 WARN: ArkTS:WARN File: D:/STUDY/College/mine/olay/entry/src/main/ets/services/WorkspaceStore.ets:71:135
 Function may throw exceptions. Special handling is required.

44 WARN: ArkTS:WARN File: D:/STUDY/College/mine/olay/entry/src/main/ets/services/WorkspaceStore.ets:71:155
 Function may throw exceptions. Special handling is required.

45 WARN: ArkTS:WARN File: D:/STUDY/College/mine/olay/entry/src/main/ets/services/WorkspaceStore.ets:75:29
 Function may throw exceptions. Special handling is required.

46 WARN: ArkTS:WARN File: D:/STUDY/College/mine/olay/entry/src/main/ets/services/WorkspaceStore.ets:78:67
 Function may throw exceptions. Special handling is required.

47 WARN: ArkTS:WARN File: D:/STUDY/College/mine/olay/entry/src/main/ets/services/WorkspaceStore.ets:78:91
 Function may throw exceptions. Special handling is required.

48 WARN: ArkTS:WARN File: D:/STUDY/College/mine/olay/entry/src/main/ets/services/WorkspaceStore.ets:82:84
 Function may throw exceptions. Special handling is required.

49 WARN: ArkTS:WARN File: D:/STUDY/College/mine/olay/entry/src/main/ets/services/WorkspaceStore.ets:82:101
 Function may throw exceptions. Special handling is required.

50 WARN: ArkTS:WARN File: D:/STUDY/College/mine/olay/entry/src/main/ets/services/WorkspaceStore.ets:83:80
 Function may throw exceptions. Special handling is required.

51 WARN: ArkTS:WARN File: D:/STUDY/College/mine/olay/entry/src/main/ets/services/WorkspaceStore.ets:83:97
 Function may throw exceptions. Special handling is required.

52 WARN: ArkTS:WARN File: D:/STUDY/College/mine/olay/entry/src/main/ets/services/AmbientAudio.ets:24:49
 The system capacity of this api 'media' is not supported on all devices

53 WARN: ArkTS:WARN File: D:/STUDY/College/mine/olay/entry/src/main/ets/services/AmbientAudio.ets:24:55
 Function may throw exceptions. Special handling is required.

54 WARN: ArkTS:WARN File: D:/STUDY/College/mine/olay/entry/src/main/ets/services/AmbientAudio.ets:25:41
 Function may throw exceptions. Special handling is required.

55 WARN: ArkTS:WARN File: D:/STUDY/College/mine/olay/entry/src/main/ets/services/AmbientAudio.ets:37:49
 Function may throw exceptions. Special handling is required.

> hvigor ERROR: ArkTS Compiler Error
1 ERROR: 10505001 ArkTS Compiler Error
Error Message: Property 'rotate' in type 'NativeMirrorProbe' is not assignable to the same property in base type 'CustomComponent'.
  Type '() => void' is not assignable to type '{ (value: RotateOptions): CommonAttribute; (options: RotateOptions): CommonAttribute; (options: RotateOptions | RotateAngleOptions): CommonAttribute; }'.
    Type 'void' is not assignable to type 'CommonAttribute'. At File: D:/STUDY/College/mine/olay/entry/src/main/ets/pages/NativeMirrorProbe.ets:73:11


COMPILE RESULT:FAIL {ERROR:2 WARN:55}

* Try:
> Run with --stacktrace option to get the stack trace.
> Run with --debug option to get more log output.

[31m
FAILURE: Build completed with 1 failure.[31m[39m
> hvigor ERROR: BUILD FAILED in 10 s 37 ms 
[31m
1: Task failed with an exception.
-----------
* What went wrong:
Execution failed for task 'default@CompileArkTS'.
  > Compilation error. See log for more details

[31m* Try:
> Run with --stacktrace option to get the stack trace.
> Run with --debug option to get more log output.
[31m[39m
[31m================================================================================[31m[39m

25 tasks in total: 19 executed, 6 up-to-date
